Archive member included because of file (symbol)

c:/program files (x86)/raisonance/ride/arm-gcc/bin/../lib/gcc/arm-none-eabi/4.3.2/thumb2\libgcc.a(_arm_addsubdf3.o)
                              D:\Embedded\intership AFT\TeamNet\Termostat\Test2\stm32f10x_it.o (__aeabi_dadd)
c:/program files (x86)/raisonance/ride/arm-gcc/bin/../lib/gcc/arm-none-eabi/4.3.2/thumb2\libgcc.a(_arm_muldivdf3.o)
                              D:\Embedded\intership AFT\TeamNet\Termostat\Test2\stm32f10x_it.o (__aeabi_dmul)
c:/program files (x86)/raisonance/ride/arm-gcc/bin/../lib/gcc/arm-none-eabi/4.3.2/thumb2\libgcc.a(_arm_truncdfsf2.o)
                              D:\Embedded\intership AFT\TeamNet\Termostat\Test2\stm32f10x_it.o (__aeabi_d2f)
c:/program files (x86)/raisonance/ride/arm-gcc/bin/../lib/gcc/arm-none-eabi/4.3.2/thumb2\libgcc.a(_arm_addsubsf3.o)
                              D:\Embedded\intership AFT\TeamNet\Termostat\Test2\stm32f10x_it.o (__aeabi_fsub)
c:/program files (x86)/raisonance/ride/arm-gcc/bin/../lib/gcc/arm-none-eabi/4.3.2/thumb2\libgcc.a(_arm_muldivsf3.o)
                              D:\Embedded\intership AFT\TeamNet\Termostat\Test2\main.o (__aeabi_fmul)
c:/program files (x86)/raisonance/ride/arm-gcc/bin/../lib/gcc/arm-none-eabi/4.3.2/thumb2\libgcc.a(_arm_fixsfsi.o)
                              D:\Embedded\intership AFT\TeamNet\Termostat\Test2\main.o (__aeabi_f2iz)

Allocating common symbols
Common symbol       size              file

HSEStartUpStatus    0x1               D:\Embedded\intership AFT\TeamNet\Termostat\Test2\main.o
TIM_TimeBaseStructure
                    0xa               D:\Embedded\intership AFT\TeamNet\Termostat\Test2\main.o
alive_time          0x4               D:\Embedded\intership AFT\TeamNet\Termostat\Test2\sys_time.o
sys_timeout         0x4               D:\Embedded\intership AFT\TeamNet\Termostat\Test2\sys_time.o
tcnt                0x4               D:\Embedded\intership AFT\TeamNet\Termostat\Test2\sys_time.o
state               0x1               D:\Embedded\intership AFT\TeamNet\Termostat\Test2\stm32f10x_it.o
icnt                0x4               D:\Embedded\intership AFT\TeamNet\Termostat\Test2\sys_time.o
TIM_OCInitStructure
                    0x10              D:\Embedded\intership AFT\TeamNet\Termostat\Test2\main.o
timeout             0x4               D:\Embedded\intership AFT\TeamNet\Termostat\Test2\sys_time.o
TIM_ICInitStructure
                    0xa               D:\Embedded\intership AFT\TeamNet\Termostat\Test2\main.o
sys_timeout2        0x4               D:\Embedded\intership AFT\TeamNet\Termostat\Test2\sys_time.o

Discarded input sections

 .text          0x00000000        0x0 D:\Embedded\intership AFT\TeamNet\Termostat\Test2\main.o
 .data          0x00000000        0x0 D:\Embedded\intership AFT\TeamNet\Termostat\Test2\main.o
 .text.LCDInit  0x00000000        0x0 D:\Embedded\intership AFT\TeamNet\Termostat\Test2\main.o
 .text          0x00000000        0x0 D:\Embedded\intership AFT\TeamNet\Termostat\Test2\stm32f10x_it.o
 .data          0x00000000        0x0 D:\Embedded\intership AFT\TeamNet\Termostat\Test2\stm32f10x_it.o
 .text          0x00000000        0x0 D:\Embedded\intership AFT\TeamNet\Termostat\Test2\sys_time.o
 .data          0x00000000        0x0 D:\Embedded\intership AFT\TeamNet\Termostat\Test2\sys_time.o
 .text.ReadCount
                0x00000000        0x0 D:\Embedded\intership AFT\TeamNet\Termostat\Test2\sys_time.o
 .text.DelayUs  0x00000000        0x0 D:\Embedded\intership AFT\TeamNet\Termostat\Test2\sys_time.o
 .text.TimeoutSet2
                0x00000000        0x0 D:\Embedded\intership AFT\TeamNet\Termostat\Test2\sys_time.o
 .text.TimeoutExp2
                0x00000000        0x0 D:\Embedded\intership AFT\TeamNet\Termostat\Test2\sys_time.o
 .text.delay    0x00000000        0x0 D:\Embedded\intership AFT\TeamNet\Termostat\Test2\sys_time.o
 .text.Sys_Alive
                0x00000000        0x0 D:\Embedded\intership AFT\TeamNet\Termostat\Test2\sys_time.o
 .text          0x00000000        0x0 D:\Embedded\intership AFT\TeamNet\Termostat\Test2\stm32f10x_flash.o
 .data          0x00000000        0x0 D:\Embedded\intership AFT\TeamNet\Termostat\Test2\stm32f10x_flash.o
 .bss           0x00000000        0x0 D:\Embedded\intership AFT\TeamNet\Termostat\Test2\stm32f10x_flash.o
 .text.FLASH_HalfCycleAccessCmd
                0x00000000        0x0 D:\Embedded\intership AFT\TeamNet\Termostat\Test2\stm32f10x_flash.o
 .text.FLASH_Unlock
                0x00000000        0x0 D:\Embedded\intership AFT\TeamNet\Termostat\Test2\stm32f10x_flash.o
 .text.FLASH_UnlockBank1
                0x00000000        0x0 D:\Embedded\intership AFT\TeamNet\Termostat\Test2\stm32f10x_flash.o
 .text.FLASH_Lock
                0x00000000        0x0 D:\Embedded\intership AFT\TeamNet\Termostat\Test2\stm32f10x_flash.o
 .text.FLASH_LockBank1
                0x00000000        0x0 D:\Embedded\intership AFT\TeamNet\Termostat\Test2\stm32f10x_flash.o
 .text.FLASH_GetUserOptionByte
                0x00000000        0x0 D:\Embedded\intership AFT\TeamNet\Termostat\Test2\stm32f10x_flash.o
 .text.FLASH_GetWriteProtectionOptionByte
                0x00000000        0x0 D:\Embedded\intership AFT\TeamNet\Termostat\Test2\stm32f10x_flash.o
 .text.FLASH_GetReadOutProtectionStatus
                0x00000000        0x0 D:\Embedded\intership AFT\TeamNet\Termostat\Test2\stm32f10x_flash.o
 .text.FLASH_GetPrefetchBufferStatus
                0x00000000        0x0 D:\Embedded\intership AFT\TeamNet\Termostat\Test2\stm32f10x_flash.o
 .text.FLASH_ITConfig
                0x00000000        0x0 D:\Embedded\intership AFT\TeamNet\Termostat\Test2\stm32f10x_flash.o
 .text.FLASH_GetFlagStatus
                0x00000000        0x0 D:\Embedded\intership AFT\TeamNet\Termostat\Test2\stm32f10x_flash.o
 .text.FLASH_ClearFlag
                0x00000000        0x0 D:\Embedded\intership AFT\TeamNet\Termostat\Test2\stm32f10x_flash.o
 .text.FLASH_GetStatus
                0x00000000        0x0 D:\Embedded\intership AFT\TeamNet\Termostat\Test2\stm32f10x_flash.o
 .text.FLASH_GetBank1Status
                0x00000000        0x0 D:\Embedded\intership AFT\TeamNet\Termostat\Test2\stm32f10x_flash.o
 .text.FLASH_WaitForLastOperation
                0x00000000        0x0 D:\Embedded\intership AFT\TeamNet\Termostat\Test2\stm32f10x_flash.o
 .text.FLASH_UserOptionByteConfig
                0x00000000        0x0 D:\Embedded\intership AFT\TeamNet\Termostat\Test2\stm32f10x_flash.o
 .text.FLASH_ReadOutProtection
                0x00000000        0x0 D:\Embedded\intership AFT\TeamNet\Termostat\Test2\stm32f10x_flash.o
 .text.FLASH_EnableWriteProtection
                0x00000000        0x0 D:\Embedded\intership AFT\TeamNet\Termostat\Test2\stm32f10x_flash.o
 .text.FLASH_ProgramOptionByteData
                0x00000000        0x0 D:\Embedded\intership AFT\TeamNet\Termostat\Test2\stm32f10x_flash.o
 .text.FLASH_ProgramHalfWord
                0x00000000        0x0 D:\Embedded\intership AFT\TeamNet\Termostat\Test2\stm32f10x_flash.o
 .text.FLASH_ProgramWord
                0x00000000        0x0 D:\Embedded\intership AFT\TeamNet\Termostat\Test2\stm32f10x_flash.o
 .text.FLASH_EraseOptionBytes
                0x00000000        0x0 D:\Embedded\intership AFT\TeamNet\Termostat\Test2\stm32f10x_flash.o
 .text.FLASH_EraseAllPages
                0x00000000        0x0 D:\Embedded\intership AFT\TeamNet\Termostat\Test2\stm32f10x_flash.o
 .text.FLASH_ErasePage
                0x00000000        0x0 D:\Embedded\intership AFT\TeamNet\Termostat\Test2\stm32f10x_flash.o
 .text.FLASH_WaitForLastBank1Operation
                0x00000000        0x0 D:\Embedded\intership AFT\TeamNet\Termostat\Test2\stm32f10x_flash.o
 .text.FLASH_EraseAllBank1Pages
                0x00000000        0x0 D:\Embedded\intership AFT\TeamNet\Termostat\Test2\stm32f10x_flash.o
 .text          0x00000000        0x0 D:\Embedded\intership AFT\TeamNet\Termostat\Test2\stm32f10x_gpio.o
 .data          0x00000000        0x0 D:\Embedded\intership AFT\TeamNet\Termostat\Test2\stm32f10x_gpio.o
 .bss           0x00000000        0x0 D:\Embedded\intership AFT\TeamNet\Termostat\Test2\stm32f10x_gpio.o
 .text.GPIO_StructInit
                0x00000000        0x0 D:\Embedded\intership AFT\TeamNet\Termostat\Test2\stm32f10x_gpio.o
 .text.GPIO_ReadInputData
                0x00000000        0x0 D:\Embedded\intership AFT\TeamNet\Termostat\Test2\stm32f10x_gpio.o
 .text.GPIO_ReadOutputDataBit
                0x00000000        0x0 D:\Embedded\intership AFT\TeamNet\Termostat\Test2\stm32f10x_gpio.o
 .text.GPIO_ReadOutputData
                0x00000000        0x0 D:\Embedded\intership AFT\TeamNet\Termostat\Test2\stm32f10x_gpio.o
 .text.GPIO_SetBits
                0x00000000        0x0 D:\Embedded\intership AFT\TeamNet\Termostat\Test2\stm32f10x_gpio.o
 .text.GPIO_ResetBits
                0x00000000        0x0 D:\Embedded\intership AFT\TeamNet\Termostat\Test2\stm32f10x_gpio.o
 .text.GPIO_Write
                0x00000000        0x0 D:\Embedded\intership AFT\TeamNet\Termostat\Test2\stm32f10x_gpio.o
 .text.GPIO_PinLockConfig
                0x00000000        0x0 D:\Embedded\intership AFT\TeamNet\Termostat\Test2\stm32f10x_gpio.o
 .text.GPIO_EventOutputConfig
                0x00000000        0x0 D:\Embedded\intership AFT\TeamNet\Termostat\Test2\stm32f10x_gpio.o
 .text.GPIO_EventOutputCmd
                0x00000000        0x0 D:\Embedded\intership AFT\TeamNet\Termostat\Test2\stm32f10x_gpio.o
 .text.GPIO_PinRemapConfig
                0x00000000        0x0 D:\Embedded\intership AFT\TeamNet\Termostat\Test2\stm32f10x_gpio.o
 .text.GPIO_ETH_MediaInterfaceConfig
                0x00000000        0x0 D:\Embedded\intership AFT\TeamNet\Termostat\Test2\stm32f10x_gpio.o
 .text.GPIO_AFIODeInit
                0x00000000        0x0 D:\Embedded\intership AFT\TeamNet\Termostat\Test2\stm32f10x_gpio.o
 .text.GPIO_DeInit
                0x00000000        0x0 D:\Embedded\intership AFT\TeamNet\Termostat\Test2\stm32f10x_gpio.o
 .text          0x00000000        0x0 D:\Embedded\intership AFT\TeamNet\Termostat\Test2\stm32f10x_rcc.o
 .data          0x00000000        0x0 D:\Embedded\intership AFT\TeamNet\Termostat\Test2\stm32f10x_rcc.o
 .bss           0x00000000        0x0 D:\Embedded\intership AFT\TeamNet\Termostat\Test2\stm32f10x_rcc.o
 .text.RCC_AdjustHSICalibrationValue
                0x00000000        0x0 D:\Embedded\intership AFT\TeamNet\Termostat\Test2\stm32f10x_rcc.o
 .text.RCC_HSICmd
                0x00000000        0x0 D:\Embedded\intership AFT\TeamNet\Termostat\Test2\stm32f10x_rcc.o
 .text.RCC_ITConfig
                0x00000000        0x0 D:\Embedded\intership AFT\TeamNet\Termostat\Test2\stm32f10x_rcc.o
 .text.RCC_USBCLKConfig
                0x00000000        0x0 D:\Embedded\intership AFT\TeamNet\Termostat\Test2\stm32f10x_rcc.o
 .text.RCC_ADCCLKConfig
                0x00000000        0x0 D:\Embedded\intership AFT\TeamNet\Termostat\Test2\stm32f10x_rcc.o
 .text.RCC_LSEConfig
                0x00000000        0x0 D:\Embedded\intership AFT\TeamNet\Termostat\Test2\stm32f10x_rcc.o
 .text.RCC_LSICmd
                0x00000000        0x0 D:\Embedded\intership AFT\TeamNet\Termostat\Test2\stm32f10x_rcc.o
 .text.RCC_RTCCLKConfig
                0x00000000        0x0 D:\Embedded\intership AFT\TeamNet\Termostat\Test2\stm32f10x_rcc.o
 .text.RCC_RTCCLKCmd
                0x00000000        0x0 D:\Embedded\intership AFT\TeamNet\Termostat\Test2\stm32f10x_rcc.o
 .text.RCC_GetClocksFreq
                0x00000000        0x0 D:\Embedded\intership AFT\TeamNet\Termostat\Test2\stm32f10x_rcc.o
 .text.RCC_AHBPeriphClockCmd
                0x00000000        0x0 D:\Embedded\intership AFT\TeamNet\Termostat\Test2\stm32f10x_rcc.o
 .text.RCC_BackupResetCmd
                0x00000000        0x0 D:\Embedded\intership AFT\TeamNet\Termostat\Test2\stm32f10x_rcc.o
 .text.RCC_ClockSecuritySystemCmd
                0x00000000        0x0 D:\Embedded\intership AFT\TeamNet\Termostat\Test2\stm32f10x_rcc.o
 .text.RCC_MCOConfig
                0x00000000        0x0 D:\Embedded\intership AFT\TeamNet\Termostat\Test2\stm32f10x_rcc.o
 .text.RCC_ClearFlag
                0x00000000        0x0 D:\Embedded\intership AFT\TeamNet\Termostat\Test2\stm32f10x_rcc.o
 .text.RCC_GetITStatus
                0x00000000        0x0 D:\Embedded\intership AFT\TeamNet\Termostat\Test2\stm32f10x_rcc.o
 .text.RCC_ClearITPendingBit
                0x00000000        0x0 D:\Embedded\intership AFT\TeamNet\Termostat\Test2\stm32f10x_rcc.o
 .text          0x00000000        0x0 D:\Embedded\intership AFT\TeamNet\Termostat\Test2\stm32f10x_tim.o
 .data          0x00000000        0x0 D:\Embedded\intership AFT\TeamNet\Termostat\Test2\stm32f10x_tim.o
 .bss           0x00000000        0x0 D:\Embedded\intership AFT\TeamNet\Termostat\Test2\stm32f10x_tim.o
 .text.TIM_OC2Init
                0x00000000        0x0 D:\Embedded\intership AFT\TeamNet\Termostat\Test2\stm32f10x_tim.o
 .text.TIM_OC3Init
                0x00000000        0x0 D:\Embedded\intership AFT\TeamNet\Termostat\Test2\stm32f10x_tim.o
 .text.TIM_OC4Init
                0x00000000        0x0 D:\Embedded\intership AFT\TeamNet\Termostat\Test2\stm32f10x_tim.o
 .text.TIM_BDTRConfig
                0x00000000        0x0 D:\Embedded\intership AFT\TeamNet\Termostat\Test2\stm32f10x_tim.o
 .text.TIM_TimeBaseStructInit
                0x00000000        0x0 D:\Embedded\intership AFT\TeamNet\Termostat\Test2\stm32f10x_tim.o
 .text.TIM_OCStructInit
                0x00000000        0x0 D:\Embedded\intership AFT\TeamNet\Termostat\Test2\stm32f10x_tim.o
 .text.TIM_ICStructInit
                0x00000000        0x0 D:\Embedded\intership AFT\TeamNet\Termostat\Test2\stm32f10x_tim.o
 .text.TIM_BDTRStructInit
                0x00000000        0x0 D:\Embedded\intership AFT\TeamNet\Termostat\Test2\stm32f10x_tim.o
 .text.TIM_CtrlPWMOutputs
                0x00000000        0x0 D:\Embedded\intership AFT\TeamNet\Termostat\Test2\stm32f10x_tim.o
 .text.TIM_GenerateEvent
                0x00000000        0x0 D:\Embedded\intership AFT\TeamNet\Termostat\Test2\stm32f10x_tim.o
 .text.TIM_DMAConfig
                0x00000000        0x0 D:\Embedded\intership AFT\TeamNet\Termostat\Test2\stm32f10x_tim.o
 .text.TIM_DMACmd
                0x00000000        0x0 D:\Embedded\intership AFT\TeamNet\Termostat\Test2\stm32f10x_tim.o
 .text.TIM_InternalClockConfig
                0x00000000        0x0 D:\Embedded\intership AFT\TeamNet\Termostat\Test2\stm32f10x_tim.o
 .text.TIM_ETRConfig
                0x00000000        0x0 D:\Embedded\intership AFT\TeamNet\Termostat\Test2\stm32f10x_tim.o
 .text.TIM_ETRClockMode2Config
                0x00000000        0x0 D:\Embedded\intership AFT\TeamNet\Termostat\Test2\stm32f10x_tim.o
 .text.TIM_ETRClockMode1Config
                0x00000000        0x0 D:\Embedded\intership AFT\TeamNet\Termostat\Test2\stm32f10x_tim.o
 .text.TIM_PrescalerConfig
                0x00000000        0x0 D:\Embedded\intership AFT\TeamNet\Termostat\Test2\stm32f10x_tim.o
 .text.TIM_CounterModeConfig
                0x00000000        0x0 D:\Embedded\intership AFT\TeamNet\Termostat\Test2\stm32f10x_tim.o
 .text.TIM_ITRxExternalClockConfig
                0x00000000        0x0 D:\Embedded\intership AFT\TeamNet\Termostat\Test2\stm32f10x_tim.o
 .text.TIM_EncoderInterfaceConfig
                0x00000000        0x0 D:\Embedded\intership AFT\TeamNet\Termostat\Test2\stm32f10x_tim.o
 .text.TIM_ForcedOC1Config
                0x00000000        0x0 D:\Embedded\intership AFT\TeamNet\Termostat\Test2\stm32f10x_tim.o
 .text.TIM_ForcedOC2Config
                0x00000000        0x0 D:\Embedded\intership AFT\TeamNet\Termostat\Test2\stm32f10x_tim.o
 .text.TIM_ForcedOC3Config
                0x00000000        0x0 D:\Embedded\intership AFT\TeamNet\Termostat\Test2\stm32f10x_tim.o
 .text.TIM_ForcedOC4Config
                0x00000000        0x0 D:\Embedded\intership AFT\TeamNet\Termostat\Test2\stm32f10x_tim.o
 .text.TIM_SelectCOM
                0x00000000        0x0 D:\Embedded\intership AFT\TeamNet\Termostat\Test2\stm32f10x_tim.o
 .text.TIM_SelectCCDMA
                0x00000000        0x0 D:\Embedded\intership AFT\TeamNet\Termostat\Test2\stm32f10x_tim.o
 .text.TIM_CCPreloadControl
                0x00000000        0x0 D:\Embedded\intership AFT\TeamNet\Termostat\Test2\stm32f10x_tim.o
 .text.TIM_OC2PreloadConfig
                0x00000000        0x0 D:\Embedded\intership AFT\TeamNet\Termostat\Test2\stm32f10x_tim.o
 .text.TIM_OC3PreloadConfig
                0x00000000        0x0 D:\Embedded\intership AFT\TeamNet\Termostat\Test2\stm32f10x_tim.o
 .text.TIM_OC4PreloadConfig
                0x00000000        0x0 D:\Embedded\intership AFT\TeamNet\Termostat\Test2\stm32f10x_tim.o
 .text.TIM_OC1FastConfig
                0x00000000        0x0 D:\Embedded\intership AFT\TeamNet\Termostat\Test2\stm32f10x_tim.o
 .text.TIM_OC2FastConfig
                0x00000000        0x0 D:\Embedded\intership AFT\TeamNet\Termostat\Test2\stm32f10x_tim.o
 .text.TIM_OC3FastConfig
                0x00000000        0x0 D:\Embedded\intership AFT\TeamNet\Termostat\Test2\stm32f10x_tim.o
 .text.TIM_OC4FastConfig
                0x00000000        0x0 D:\Embedded\intership AFT\TeamNet\Termostat\Test2\stm32f10x_tim.o
 .text.TIM_ClearOC1Ref
                0x00000000        0x0 D:\Embedded\intership AFT\TeamNet\Termostat\Test2\stm32f10x_tim.o
 .text.TIM_ClearOC2Ref
                0x00000000        0x0 D:\Embedded\intership AFT\TeamNet\Termostat\Test2\stm32f10x_tim.o
 .text.TIM_ClearOC3Ref
                0x00000000        0x0 D:\Embedded\intership AFT\TeamNet\Termostat\Test2\stm32f10x_tim.o
 .text.TIM_ClearOC4Ref
                0x00000000        0x0 D:\Embedded\intership AFT\TeamNet\Termostat\Test2\stm32f10x_tim.o
 .text.TIM_OC1PolarityConfig
                0x00000000        0x0 D:\Embedded\intership AFT\TeamNet\Termostat\Test2\stm32f10x_tim.o
 .text.TIM_OC1NPolarityConfig
                0x00000000        0x0 D:\Embedded\intership AFT\TeamNet\Termostat\Test2\stm32f10x_tim.o
 .text.TIM_OC2PolarityConfig
                0x00000000        0x0 D:\Embedded\intership AFT\TeamNet\Termostat\Test2\stm32f10x_tim.o
 .text.TIM_OC2NPolarityConfig
                0x00000000        0x0 D:\Embedded\intership AFT\TeamNet\Termostat\Test2\stm32f10x_tim.o
 .text.TIM_OC3PolarityConfig
                0x00000000        0x0 D:\Embedded\intership AFT\TeamNet\Termostat\Test2\stm32f10x_tim.o
 .text.TIM_OC3NPolarityConfig
                0x00000000        0x0 D:\Embedded\intership AFT\TeamNet\Termostat\Test2\stm32f10x_tim.o
 .text.TIM_OC4PolarityConfig
                0x00000000        0x0 D:\Embedded\intership AFT\TeamNet\Termostat\Test2\stm32f10x_tim.o
 .text.TIM_CCxCmd
                0x00000000        0x0 D:\Embedded\intership AFT\TeamNet\Termostat\Test2\stm32f10x_tim.o
 .text.TIM_CCxNCmd
                0x00000000        0x0 D:\Embedded\intership AFT\TeamNet\Termostat\Test2\stm32f10x_tim.o
 .text.TIM_SelectOCxM
                0x00000000        0x0 D:\Embedded\intership AFT\TeamNet\Termostat\Test2\stm32f10x_tim.o
 .text.TIM_UpdateDisableConfig
                0x00000000        0x0 D:\Embedded\intership AFT\TeamNet\Termostat\Test2\stm32f10x_tim.o
 .text.TIM_UpdateRequestConfig
                0x00000000        0x0 D:\Embedded\intership AFT\TeamNet\Termostat\Test2\stm32f10x_tim.o
 .text.TIM_SelectHallSensor
                0x00000000        0x0 D:\Embedded\intership AFT\TeamNet\Termostat\Test2\stm32f10x_tim.o
 .text.TIM_SelectOnePulseMode
                0x00000000        0x0 D:\Embedded\intership AFT\TeamNet\Termostat\Test2\stm32f10x_tim.o
 .text.TIM_SelectOutputTrigger
                0x00000000        0x0 D:\Embedded\intership AFT\TeamNet\Termostat\Test2\stm32f10x_tim.o
 .text.TIM_SetCounter
                0x00000000        0x0 D:\Embedded\intership AFT\TeamNet\Termostat\Test2\stm32f10x_tim.o
 .text.TIM_SetAutoreload
                0x00000000        0x0 D:\Embedded\intership AFT\TeamNet\Termostat\Test2\stm32f10x_tim.o
 .text.TIM_SetCompare1
                0x00000000        0x0 D:\Embedded\intership AFT\TeamNet\Termostat\Test2\stm32f10x_tim.o
 .text.TIM_SetCompare2
                0x00000000        0x0 D:\Embedded\intership AFT\TeamNet\Termostat\Test2\stm32f10x_tim.o
 .text.TIM_SetCompare3
                0x00000000        0x0 D:\Embedded\intership AFT\TeamNet\Termostat\Test2\stm32f10x_tim.o
 .text.TIM_SetCompare4
                0x00000000        0x0 D:\Embedded\intership AFT\TeamNet\Termostat\Test2\stm32f10x_tim.o
 .text.TIM_SetIC3Prescaler
                0x00000000        0x0 D:\Embedded\intership AFT\TeamNet\Termostat\Test2\stm32f10x_tim.o
 .text.TIM_SetIC4Prescaler
                0x00000000        0x0 D:\Embedded\intership AFT\TeamNet\Termostat\Test2\stm32f10x_tim.o
 .text.TIM_SetClockDivision
                0x00000000        0x0 D:\Embedded\intership AFT\TeamNet\Termostat\Test2\stm32f10x_tim.o
 .text.TIM_GetCapture3
                0x00000000        0x0 D:\Embedded\intership AFT\TeamNet\Termostat\Test2\stm32f10x_tim.o
 .text.TIM_GetCapture4
                0x00000000        0x0 D:\Embedded\intership AFT\TeamNet\Termostat\Test2\stm32f10x_tim.o
 .text.TIM_GetCounter
                0x00000000        0x0 D:\Embedded\intership AFT\TeamNet\Termostat\Test2\stm32f10x_tim.o
 .text.TIM_GetPrescaler
                0x00000000        0x0 D:\Embedded\intership AFT\TeamNet\Termostat\Test2\stm32f10x_tim.o
 .text.TIM_ClearFlag
                0x00000000        0x0 D:\Embedded\intership AFT\TeamNet\Termostat\Test2\stm32f10x_tim.o
 .text.TIM_GetITStatus
                0x00000000        0x0 D:\Embedded\intership AFT\TeamNet\Termostat\Test2\stm32f10x_tim.o
 .text.TIM_TIxExternalClockConfig
                0x00000000        0x0 D:\Embedded\intership AFT\TeamNet\Termostat\Test2\stm32f10x_tim.o
 .text.TIM_ICInit
                0x00000000        0x0 D:\Embedded\intership AFT\TeamNet\Termostat\Test2\stm32f10x_tim.o
 .text          0x00000000        0x0 D:\Embedded\intership AFT\TeamNet\Termostat\Test2\misc.o
 .data          0x00000000        0x0 D:\Embedded\intership AFT\TeamNet\Termostat\Test2\misc.o
 .bss           0x00000000        0x0 D:\Embedded\intership AFT\TeamNet\Termostat\Test2\misc.o
 .text.NVIC_PriorityGroupConfig
                0x00000000        0x0 D:\Embedded\intership AFT\TeamNet\Termostat\Test2\misc.o
 .text.NVIC_SystemLPConfig
                0x00000000        0x0 D:\Embedded\intership AFT\TeamNet\Termostat\Test2\misc.o
 .text.SysTick_CLKSourceConfig
                0x00000000        0x0 D:\Embedded\intership AFT\TeamNet\Termostat\Test2\misc.o
 .text          0x00000000        0x0 D:\Embedded\intership AFT\TeamNet\Termostat\Test2\stm32f10x_exti.o
 .data          0x00000000        0x0 D:\Embedded\intership AFT\TeamNet\Termostat\Test2\stm32f10x_exti.o
 .bss           0x00000000        0x0 D:\Embedded\intership AFT\TeamNet\Termostat\Test2\stm32f10x_exti.o
 .text.EXTI_DeInit
                0x00000000        0x0 D:\Embedded\intership AFT\TeamNet\Termostat\Test2\stm32f10x_exti.o
 .text.EXTI_StructInit
                0x00000000        0x0 D:\Embedded\intership AFT\TeamNet\Termostat\Test2\stm32f10x_exti.o
 .text.EXTI_GenerateSWInterrupt
                0x00000000        0x0 D:\Embedded\intership AFT\TeamNet\Termostat\Test2\stm32f10x_exti.o
 .text.EXTI_GetFlagStatus
                0x00000000        0x0 D:\Embedded\intership AFT\TeamNet\Termostat\Test2\stm32f10x_exti.o
 .text.EXTI_ClearFlag
                0x00000000        0x0 D:\Embedded\intership AFT\TeamNet\Termostat\Test2\stm32f10x_exti.o
 .text          0x00000000        0x0 D:\Embedded\intership AFT\TeamNet\Termostat\Test2\core_cm3.o
 .data          0x00000000        0x0 D:\Embedded\intership AFT\TeamNet\Termostat\Test2\core_cm3.o
 .bss           0x00000000        0x0 D:\Embedded\intership AFT\TeamNet\Termostat\Test2\core_cm3.o
 .text.__get_PSP
                0x00000000        0x0 D:\Embedded\intership AFT\TeamNet\Termostat\Test2\core_cm3.o
 .text.__set_PSP
                0x00000000        0x0 D:\Embedded\intership AFT\TeamNet\Termostat\Test2\core_cm3.o
 .text.__get_MSP
                0x00000000        0x0 D:\Embedded\intership AFT\TeamNet\Termostat\Test2\core_cm3.o
 .text.__set_MSP
                0x00000000        0x0 D:\Embedded\intership AFT\TeamNet\Termostat\Test2\core_cm3.o
 .text.__get_BASEPRI
                0x00000000        0x0 D:\Embedded\intership AFT\TeamNet\Termostat\Test2\core_cm3.o
 .text.__set_BASEPRI
                0x00000000        0x0 D:\Embedded\intership AFT\TeamNet\Termostat\Test2\core_cm3.o
 .text.__get_PRIMASK
                0x00000000        0x0 D:\Embedded\intership AFT\TeamNet\Termostat\Test2\core_cm3.o
 .text.__set_PRIMASK
                0x00000000        0x0 D:\Embedded\intership AFT\TeamNet\Termostat\Test2\core_cm3.o
 .text.__get_FAULTMASK
                0x00000000        0x0 D:\Embedded\intership AFT\TeamNet\Termostat\Test2\core_cm3.o
 .text.__set_FAULTMASK
                0x00000000        0x0 D:\Embedded\intership AFT\TeamNet\Termostat\Test2\core_cm3.o
 .text.__get_CONTROL
                0x00000000        0x0 D:\Embedded\intership AFT\TeamNet\Termostat\Test2\core_cm3.o
 .text.__set_CONTROL
                0x00000000        0x0 D:\Embedded\intership AFT\TeamNet\Termostat\Test2\core_cm3.o
 .text.__REV    0x00000000        0x0 D:\Embedded\intership AFT\TeamNet\Termostat\Test2\core_cm3.o
 .text.__REV16  0x00000000        0x0 D:\Embedded\intership AFT\TeamNet\Termostat\Test2\core_cm3.o
 .text.__REVSH  0x00000000        0x0 D:\Embedded\intership AFT\TeamNet\Termostat\Test2\core_cm3.o
 .text.__RBIT   0x00000000        0x0 D:\Embedded\intership AFT\TeamNet\Termostat\Test2\core_cm3.o
 .text.__LDREXB
                0x00000000        0x0 D:\Embedded\intership AFT\TeamNet\Termostat\Test2\core_cm3.o
 .text.__LDREXH
                0x00000000        0x0 D:\Embedded\intership AFT\TeamNet\Termostat\Test2\core_cm3.o
 .text.__LDREXW
                0x00000000        0x0 D:\Embedded\intership AFT\TeamNet\Termostat\Test2\core_cm3.o
 .text.__STREXB
                0x00000000        0x0 D:\Embedded\intership AFT\TeamNet\Termostat\Test2\core_cm3.o
 .text.__STREXH
                0x00000000        0x0 D:\Embedded\intership AFT\TeamNet\Termostat\Test2\core_cm3.o
 .text.__STREXW
                0x00000000        0x0 D:\Embedded\intership AFT\TeamNet\Termostat\Test2\core_cm3.o
 .text          0x00000000        0x0 D:\Embedded\intership AFT\TeamNet\Termostat\Test2\system_stm32f10x.o
 .data          0x00000000        0x0 D:\Embedded\intership AFT\TeamNet\Termostat\Test2\system_stm32f10x.o
 .bss           0x00000000        0x0 D:\Embedded\intership AFT\TeamNet\Termostat\Test2\system_stm32f10x.o
 .text.SystemCoreClockUpdate
                0x00000000        0x0 D:\Embedded\intership AFT\TeamNet\Termostat\Test2\system_stm32f10x.o
 .text          0x00000000        0x0 D:\Embedded\intership AFT\TeamNet\Termostat\Test2\startup_stm32f10x_md.o
 .data          0x00000000        0x0 D:\Embedded\intership AFT\TeamNet\Termostat\Test2\startup_stm32f10x_md.o
 .bss           0x00000000        0x0 D:\Embedded\intership AFT\TeamNet\Termostat\Test2\startup_stm32f10x_md.o
 .data          0x00000000        0x0 c:/program files (x86)/raisonance/ride/arm-gcc/bin/../lib/gcc/arm-none-eabi/4.3.2/thumb2\libgcc.a(_arm_addsubdf3.o)
 .bss           0x00000000        0x0 c:/program files (x86)/raisonance/ride/arm-gcc/bin/../lib/gcc/arm-none-eabi/4.3.2/thumb2\libgcc.a(_arm_addsubdf3.o)
 .ARM.attributes
                0x00000000        0x0 c:/program files (x86)/raisonance/ride/arm-gcc/bin/../lib/gcc/arm-none-eabi/4.3.2/thumb2\libgcc.a(_arm_addsubdf3.o)
 .vfp11_veneer  0x00000000        0x0 c:/program files (x86)/raisonance/ride/arm-gcc/bin/../lib/gcc/arm-none-eabi/4.3.2/thumb2\libgcc.a(_arm_addsubdf3.o)
 .janus_2cc_veneer
                0x00000000        0x0 c:/program files (x86)/raisonance/ride/arm-gcc/bin/../lib/gcc/arm-none-eabi/4.3.2/thumb2\libgcc.a(_arm_addsubdf3.o)
 .v4_bx         0x00000000        0x0 c:/program files (x86)/raisonance/ride/arm-gcc/bin/../lib/gcc/arm-none-eabi/4.3.2/thumb2\libgcc.a(_arm_addsubdf3.o)
 .data          0x00000000        0x0 c:/program files (x86)/raisonance/ride/arm-gcc/bin/../lib/gcc/arm-none-eabi/4.3.2/thumb2\libgcc.a(_arm_muldivdf3.o)
 .bss           0x00000000        0x0 c:/program files (x86)/raisonance/ride/arm-gcc/bin/../lib/gcc/arm-none-eabi/4.3.2/thumb2\libgcc.a(_arm_muldivdf3.o)
 .ARM.attributes
                0x00000000        0x0 c:/program files (x86)/raisonance/ride/arm-gcc/bin/../lib/gcc/arm-none-eabi/4.3.2/thumb2\libgcc.a(_arm_muldivdf3.o)
 .vfp11_veneer  0x00000000        0x0 c:/program files (x86)/raisonance/ride/arm-gcc/bin/../lib/gcc/arm-none-eabi/4.3.2/thumb2\libgcc.a(_arm_muldivdf3.o)
 .janus_2cc_veneer
                0x00000000        0x0 c:/program files (x86)/raisonance/ride/arm-gcc/bin/../lib/gcc/arm-none-eabi/4.3.2/thumb2\libgcc.a(_arm_muldivdf3.o)
 .v4_bx         0x00000000        0x0 c:/program files (x86)/raisonance/ride/arm-gcc/bin/../lib/gcc/arm-none-eabi/4.3.2/thumb2\libgcc.a(_arm_muldivdf3.o)
 .data          0x00000000        0x0 c:/program files (x86)/raisonance/ride/arm-gcc/bin/../lib/gcc/arm-none-eabi/4.3.2/thumb2\libgcc.a(_arm_truncdfsf2.o)
 .bss           0x00000000        0x0 c:/program files (x86)/raisonance/ride/arm-gcc/bin/../lib/gcc/arm-none-eabi/4.3.2/thumb2\libgcc.a(_arm_truncdfsf2.o)
 .ARM.attributes
                0x00000000        0x0 c:/program files (x86)/raisonance/ride/arm-gcc/bin/../lib/gcc/arm-none-eabi/4.3.2/thumb2\libgcc.a(_arm_truncdfsf2.o)
 .vfp11_veneer  0x00000000        0x0 c:/program files (x86)/raisonance/ride/arm-gcc/bin/../lib/gcc/arm-none-eabi/4.3.2/thumb2\libgcc.a(_arm_truncdfsf2.o)
 .janus_2cc_veneer
                0x00000000        0x0 c:/program files (x86)/raisonance/ride/arm-gcc/bin/../lib/gcc/arm-none-eabi/4.3.2/thumb2\libgcc.a(_arm_truncdfsf2.o)
 .v4_bx         0x00000000        0x0 c:/program files (x86)/raisonance/ride/arm-gcc/bin/../lib/gcc/arm-none-eabi/4.3.2/thumb2\libgcc.a(_arm_truncdfsf2.o)
 .data          0x00000000        0x0 c:/program files (x86)/raisonance/ride/arm-gcc/bin/../lib/gcc/arm-none-eabi/4.3.2/thumb2\libgcc.a(_arm_addsubsf3.o)
 .bss           0x00000000        0x0 c:/program files (x86)/raisonance/ride/arm-gcc/bin/../lib/gcc/arm-none-eabi/4.3.2/thumb2\libgcc.a(_arm_addsubsf3.o)
 .ARM.attributes
                0x00000000        0x0 c:/program files (x86)/raisonance/ride/arm-gcc/bin/../lib/gcc/arm-none-eabi/4.3.2/thumb2\libgcc.a(_arm_addsubsf3.o)
 .vfp11_veneer  0x00000000        0x0 c:/program files (x86)/raisonance/ride/arm-gcc/bin/../lib/gcc/arm-none-eabi/4.3.2/thumb2\libgcc.a(_arm_addsubsf3.o)
 .janus_2cc_veneer
                0x00000000        0x0 c:/program files (x86)/raisonance/ride/arm-gcc/bin/../lib/gcc/arm-none-eabi/4.3.2/thumb2\libgcc.a(_arm_addsubsf3.o)
 .v4_bx         0x00000000        0x0 c:/program files (x86)/raisonance/ride/arm-gcc/bin/../lib/gcc/arm-none-eabi/4.3.2/thumb2\libgcc.a(_arm_addsubsf3.o)
 .data          0x00000000        0x0 c:/program files (x86)/raisonance/ride/arm-gcc/bin/../lib/gcc/arm-none-eabi/4.3.2/thumb2\libgcc.a(_arm_muldivsf3.o)
 .bss           0x00000000        0x0 c:/program files (x86)/raisonance/ride/arm-gcc/bin/../lib/gcc/arm-none-eabi/4.3.2/thumb2\libgcc.a(_arm_muldivsf3.o)
 .ARM.attributes
                0x00000000        0x0 c:/program files (x86)/raisonance/ride/arm-gcc/bin/../lib/gcc/arm-none-eabi/4.3.2/thumb2\libgcc.a(_arm_muldivsf3.o)
 .vfp11_veneer  0x00000000        0x0 c:/program files (x86)/raisonance/ride/arm-gcc/bin/../lib/gcc/arm-none-eabi/4.3.2/thumb2\libgcc.a(_arm_muldivsf3.o)
 .janus_2cc_veneer
                0x00000000        0x0 c:/program files (x86)/raisonance/ride/arm-gcc/bin/../lib/gcc/arm-none-eabi/4.3.2/thumb2\libgcc.a(_arm_muldivsf3.o)
 .v4_bx         0x00000000        0x0 c:/program files (x86)/raisonance/ride/arm-gcc/bin/../lib/gcc/arm-none-eabi/4.3.2/thumb2\libgcc.a(_arm_muldivsf3.o)
 .data          0x00000000        0x0 c:/program files (x86)/raisonance/ride/arm-gcc/bin/../lib/gcc/arm-none-eabi/4.3.2/thumb2\libgcc.a(_arm_fixsfsi.o)
 .bss           0x00000000        0x0 c:/program files (x86)/raisonance/ride/arm-gcc/bin/../lib/gcc/arm-none-eabi/4.3.2/thumb2\libgcc.a(_arm_fixsfsi.o)
 .ARM.attributes
                0x00000000        0x0 c:/program files (x86)/raisonance/ride/arm-gcc/bin/../lib/gcc/arm-none-eabi/4.3.2/thumb2\libgcc.a(_arm_fixsfsi.o)
 .vfp11_veneer  0x00000000        0x0 c:/program files (x86)/raisonance/ride/arm-gcc/bin/../lib/gcc/arm-none-eabi/4.3.2/thumb2\libgcc.a(_arm_fixsfsi.o)
 .janus_2cc_veneer
                0x00000000        0x0 c:/program files (x86)/raisonance/ride/arm-gcc/bin/../lib/gcc/arm-none-eabi/4.3.2/thumb2\libgcc.a(_arm_fixsfsi.o)
 .v4_bx         0x00000000        0x0 c:/program files (x86)/raisonance/ride/arm-gcc/bin/../lib/gcc/arm-none-eabi/4.3.2/thumb2\libgcc.a(_arm_fixsfsi.o)

Memory Configuration

Name             Origin             Length             Attributes
RAM              0x20000000         0x00005000         xrw
FLASH            0x08000000         0x00008000         xr
STARTFLASH       0x00000000         0x00000000         xr
CRPPATCH         0x00000000         0x00000000         r
FLASHPATCH       0x00000000         0x00000000         r
ENDFLASH         0x00000000         0x00000000         xr
FLASHB1          0x00000000         0x00000000         xr
EXTMEMB0         0x00000000         0x00000000         xr
EXTMEMB1         0x00000000         0x00000000         xr
EXTMEMB2         0x00000000         0x00000000         xr
EXTMEMB3         0x00000000         0x00000000         xr
*default*        0x00000000         0xffffffff

Linker script and memory map

LOAD D:\Embedded\intership AFT\TeamNet\Termostat\Test2\main.o
LOAD D:\Embedded\intership AFT\TeamNet\Termostat\Test2\stm32f10x_it.o
LOAD D:\Embedded\intership AFT\TeamNet\Termostat\Test2\sys_time.o
LOAD D:\Embedded\intership AFT\TeamNet\Termostat\Test2\stm32f10x_flash.o
LOAD D:\Embedded\intership AFT\TeamNet\Termostat\Test2\stm32f10x_gpio.o
LOAD D:\Embedded\intership AFT\TeamNet\Termostat\Test2\stm32f10x_rcc.o
LOAD D:\Embedded\intership AFT\TeamNet\Termostat\Test2\stm32f10x_tim.o
LOAD D:\Embedded\intership AFT\TeamNet\Termostat\Test2\misc.o
LOAD D:\Embedded\intership AFT\TeamNet\Termostat\Test2\stm32f10x_exti.o
LOAD D:\Embedded\intership AFT\TeamNet\Termostat\Test2\core_cm3.o
LOAD D:\Embedded\intership AFT\TeamNet\Termostat\Test2\system_stm32f10x.o
LOAD D:\Embedded\intership AFT\TeamNet\Termostat\Test2\startup_stm32f10x_md.o
START GROUP
LOAD C:\Program Files (x86)\Raisonance\Ride\Lib\ARM\std_sbrk_thumb.lib
LOAD C:\Program Files (x86)\Raisonance\Ride\Lib\ARM\smallprintf_thumb.a
LOAD c:/program files (x86)/raisonance/ride/arm-gcc/bin/../lib/gcc/arm-none-eabi/4.3.2/../../../../arm-none-eabi/lib/thumb2\libc.a
LOAD c:/program files (x86)/raisonance/ride/arm-gcc/bin/../lib/gcc/arm-none-eabi/4.3.2/../../../../arm-none-eabi/lib/thumb2\libm.a
END GROUP
                0x00000400                __Stack_Size = 0x400
                0x00000400                PROVIDE (_Stack_Size, __Stack_Size)
                0x20004c00                __Stack_Init = (_estack - __Stack_Size)
                0x20004c00                PROVIDE (_Stack_Init, __Stack_Init)
                0x00000100                _Minimum_Stack_Size = 0x100
                0x00000000                PROVIDE (Undefined_Handler, 0x0)
                0x00000000                PROVIDE (SWI_Handler, 0x0)
                0x00000000                PROVIDE (IRQ_Handler, 0x0)
                0x00000000                PROVIDE (Prefetch_Handler, 0x0)
                0x00000000                PROVIDE (Abort_Handler, 0x0)
                0x00000000                PROVIDE (FIQ_Handler, 0x0)
                0x00000000                PROVIDE (NMIException, 0x0)
                0x00000000                PROVIDE (NMI_Handler, 0x0)
                0x00000000                PROVIDE (HardFaultException, 0x0)
                0x00000000                PROVIDE (HardFault_Handler, 0x0)
                0x00000000                PROVIDE (MemManageException, 0x0)
                0x00000000                PROVIDE (MemManage_Handler, 0x0)
                0x00000000                PROVIDE (BusFaultException, 0x0)
                0x00000000                PROVIDE (BusFault_Handler, 0x0)
                0x00000000                PROVIDE (UsageFaultException, 0x0)
                0x00000000                PROVIDE (UsageFault_Handler, 0x0)
                0x00000000                PROVIDE (SVCHandler, 0x0)
                0x00000000                PROVIDE (SVC_Handler, 0x0)
                0x00000000                PROVIDE (DebugMonitor, 0x0)
                0x00000000                PROVIDE (DebugMon_Handler, 0x0)
                0x00000000                PROVIDE (PendSVC, 0x0)
                0x00000000                PROVIDE (PendSV_Handler, 0x0)
                0x00000000                PROVIDE (SysTickHandler, 0x0)
                0x00000000                PROVIDE (SysTick_Handler, 0x0)
                0x00000000                PROVIDE (WWDG_IRQHandler, 0x0)
                0x00000000                PROVIDE (PVD_IRQHandler, 0x0)
                0x00000000                PROVIDE (TAMPER_IRQHandler, 0x0)
                0x00000000                PROVIDE (RTC_IRQHandler, 0x0)
                0x00000000                PROVIDE (FLASH_IRQHandler, 0x0)
                0x00000000                PROVIDE (RCC_IRQHandler, 0x0)
                0x00000000                PROVIDE (EXTI0_IRQHandler, 0x0)
                0x00000000                PROVIDE (EXTI1_IRQHandler, 0x0)
                0x00000000                PROVIDE (EXTI2_IRQHandler, 0x0)
                0x00000000                PROVIDE (EXTI3_IRQHandler, 0x0)
                0x00000000                PROVIDE (EXTI4_IRQHandler, 0x0)
                0x00000000                PROVIDE (DMAChannel1_IRQHandler, 0x0)
                0x00000000                PROVIDE (DMAChannel2_IRQHandler, 0x0)
                0x00000000                PROVIDE (DMAChannel3_IRQHandler, 0x0)
                0x00000000                PROVIDE (DMAChannel4_IRQHandler, 0x0)
                0x00000000                PROVIDE (DMAChannel5_IRQHandler, 0x0)
                0x00000000                PROVIDE (DMAChannel6_IRQHandler, 0x0)
                0x00000000                PROVIDE (DMAChannel7_IRQHandler, 0x0)
                0x00000000                PROVIDE (DMA1_Channel1_IRQHandler, 0x0)
                0x00000000                PROVIDE (DMA1_Channel2_IRQHandler, 0x0)
                0x00000000                PROVIDE (DMA1_Channel3_IRQHandler, 0x0)
                0x00000000                PROVIDE (DMA1_Channel4_IRQHandler, 0x0)
                0x00000000                PROVIDE (DMA1_Channel5_IRQHandler, 0x0)
                0x00000000                PROVIDE (DMA1_Channel6_IRQHandler, 0x0)
                0x00000000                PROVIDE (DMA1_Channel7_IRQHandler, 0x0)
                0x00000000                PROVIDE (ADC_IRQHandler, 0x0)
                0x00000000                PROVIDE (ADC1_2_IRQHandler, 0x0)
                0x00000000                PROVIDE (USB_HP_CAN_TX_IRQHandler, 0x0)
                0x00000000                PROVIDE (USB_HP_CAN1_TX_IRQHandler, 0x0)
                0x00000000                PROVIDE (USB_LP_CAN_RX0_IRQHandler, 0x0)
                0x00000000                PROVIDE (USB_LP_CAN1_RX0_IRQHandler, 0x0)
                0x00000000                PROVIDE (CAN_RX1_IRQHandler, 0x0)
                0x00000000                PROVIDE (CAN1_RX1_IRQHandler, 0x0)
                0x00000000                PROVIDE (CAN_SCE_IRQHandler, 0x0)
                0x00000000                PROVIDE (CAN1_SCE_IRQHandler, 0x0)
                0x00000000                PROVIDE (EXTI9_5_IRQHandler, 0x0)
                0x00000000                PROVIDE (TIM1_BRK_IRQHandler, 0x0)
                0x00000000                PROVIDE (TIM1_UP_IRQHandler, 0x0)
                0x00000000                PROVIDE (TIM1_TRG_COM_IRQHandler, 0x0)
                0x00000000                PROVIDE (TIM1_CC_IRQHandler, 0x0)
                0x00000000                PROVIDE (TIM2_IRQHandler, 0x0)
                0x00000000                PROVIDE (TIM3_IRQHandler, 0x0)
                0x00000000                PROVIDE (TIM4_IRQHandler, 0x0)
                0x00000000                PROVIDE (I2C1_EV_IRQHandler, 0x0)
                0x00000000                PROVIDE (I2C1_ER_IRQHandler, 0x0)
                0x00000000                PROVIDE (I2C2_EV_IRQHandler, 0x0)
                0x00000000                PROVIDE (I2C2_ER_IRQHandler, 0x0)
                0x00000000                PROVIDE (SPI1_IRQHandler, 0x0)
                0x00000000                PROVIDE (SPI2_IRQHandler, 0x0)
                0x00000000                PROVIDE (USART1_IRQHandler, 0x0)
                0x00000000                PROVIDE (USART2_IRQHandler, 0x0)
                0x00000000                PROVIDE (USART3_IRQHandler, 0x0)
                0x00000000                PROVIDE (EXTI15_10_IRQHandler, 0x0)
                0x00000000                PROVIDE (RTCAlarm_IRQHandler, 0x0)
                0x00000000                PROVIDE (USBWakeUp_IRQHandler, 0x0)
                0x00000000                PROVIDE (TIM8_BRK_IRQHandler, 0x0)
                0x00000000                PROVIDE (TIM8_UP_IRQHandler, 0x0)
                0x00000000                PROVIDE (TIM8_TRG_COM_IRQHandler, 0x0)
                0x00000000                PROVIDE (TIM8_CC_IRQHandler, 0x0)
                0x00000000                PROVIDE (ADC3_IRQHandler, 0x0)
                0x00000000                PROVIDE (FSMC_IRQHandler, 0x0)
                0x00000000                PROVIDE (SDIO_IRQHandler, 0x0)
                0x00000000                PROVIDE (TIM5_IRQHandler, 0x0)
                0x00000000                PROVIDE (SPI3_IRQHandler, 0x0)
                0x00000000                PROVIDE (UART4_IRQHandler, 0x0)
                0x00000000                PROVIDE (UART5_IRQHandler, 0x0)
                0x00000000                PROVIDE (TIM6_IRQHandler, 0x0)
                0x00000000                PROVIDE (TIM7_IRQHandler, 0x0)
                0x00000000                PROVIDE (DMA2_Channel1_IRQHandler, 0x0)
                0x00000000                PROVIDE (DMA2_Channel2_IRQHandler, 0x0)
                0x00000000                PROVIDE (DMA2_Channel3_IRQHandler, 0x0)
                0x00000000                PROVIDE (DMA2_Channel4_5_IRQHandler, 0x0)
                0x42000000                PERIPH_BB_BASE = 0x42000000
                0x22000000                SRAM_BB_BASE = 0x22000000
                0x20000000                SRAM_BASE = 0x20000000
                0x40000000                PERIPH_BASE = 0x40000000
                0x40022000                PROVIDE (FLASH_BASE, 0x40022000)
                0x1ffff800                PROVIDE (OB_BASE, 0x1ffff800)
                0x40000000                APB1PERIPH_BASE = PERIPH_BASE
                0x40010000                APB2PERIPH_BASE = (PERIPH_BASE + 0x10000)
                0x40020000                AHBPERIPH_BASE = (PERIPH_BASE + 0x20000)
                0x40000000                PROVIDE (TIM2, (APB1PERIPH_BASE + 0x0))
                0x40000400                PROVIDE (TIM3, (APB1PERIPH_BASE + 0x400))
                0x40000800                PROVIDE (TIM4, (APB1PERIPH_BASE + 0x800))
                0x40002800                PROVIDE (RTC, (APB1PERIPH_BASE + 0x2800))
                0x40002c00                PROVIDE (WWDG, (APB1PERIPH_BASE + 0x2c00))
                0x40003000                PROVIDE (IWDG, (APB1PERIPH_BASE + 0x3000))
                0x40003800                PROVIDE (SPI2, (APB1PERIPH_BASE + 0x3800))
                0x40004400                PROVIDE (USART2, (APB1PERIPH_BASE + 0x4400))
                0x40004800                PROVIDE (USART3, (APB1PERIPH_BASE + 0x4800))
                0x40005400                PROVIDE (I2C1, (APB1PERIPH_BASE + 0x5400))
                0x40005800                PROVIDE (I2C2, (APB1PERIPH_BASE + 0x5800))
                0x40006400                PROVIDE (CAN, (APB1PERIPH_BASE + 0x6400))
                0x40006c00                PROVIDE (BKP, (APB1PERIPH_BASE + 0x6c00))
                0x40007000                PROVIDE (PWR, (APB1PERIPH_BASE + 0x7000))
                0x40010000                PROVIDE (AFIO, (APB2PERIPH_BASE + 0x0))
                0x40010400                PROVIDE (EXTI, (APB2PERIPH_BASE + 0x400))
                0x40010800                PROVIDE (GPIOA, (APB2PERIPH_BASE + 0x800))
                0x40010c00                PROVIDE (GPIOB, (APB2PERIPH_BASE + 0xc00))
                0x40011000                PROVIDE (GPIOC, (APB2PERIPH_BASE + 0x1000))
                0x40011400                PROVIDE (GPIOD, (APB2PERIPH_BASE + 0x1400))
                0x40011800                PROVIDE (GPIOE, (APB2PERIPH_BASE + 0x1800))
                0x40012400                PROVIDE (ADC1, (APB2PERIPH_BASE + 0x2400))
                0x40012800                PROVIDE (ADC2, (APB2PERIPH_BASE + 0x2800))
                0x40012c00                PROVIDE (TIM1, (APB2PERIPH_BASE + 0x2c00))
                0x40013000                PROVIDE (SPI1, (APB2PERIPH_BASE + 0x3000))
                0x40013800                PROVIDE (USART1, (APB2PERIPH_BASE + 0x3800))
                0x40020000                PROVIDE (DMA, (AHBPERIPH_BASE + 0x0))
                0x40020008                PROVIDE (DMA_Channel1, (AHBPERIPH_BASE + 0x8))
                0x4002001c                PROVIDE (DMA_Channel2, (AHBPERIPH_BASE + 0x1c))
                0x40020030                PROVIDE (DMA_Channel3, (AHBPERIPH_BASE + 0x30))
                0x40020044                PROVIDE (DMA_Channel4, (AHBPERIPH_BASE + 0x44))
                0x40020058                PROVIDE (DMA_Channel5, (AHBPERIPH_BASE + 0x58))
                0x4002006c                PROVIDE (DMA_Channel6, (AHBPERIPH_BASE + 0x6c))
                0x40020080                PROVIDE (DMA_Channel7, (AHBPERIPH_BASE + 0x80))
                0x40021000                PROVIDE (RCC, (AHBPERIPH_BASE + 0x1000))
                0xe000e000                SCS_BASE = 0xe000e000
                0xe000e010                PROVIDE (SysTick, (SCS_BASE + 0x10))
                0xe000e100                PROVIDE (NVIC, (SCS_BASE + 0x100))
                0xe000ed00                PROVIDE (SCB, (SCS_BASE + 0xd00))
                0x20005000                _estack = 0x20005000

.isr_vector     0x08000000      0x10c
                0x08000000                . = ALIGN (0x4)
 *(.isr_vector)
 .isr_vector    0x08000000      0x10c D:\Embedded\intership AFT\TeamNet\Termostat\Test2\startup_stm32f10x_md.o
                0x08000000                g_pfnVectors
                0x0800010c                . = ALIGN (0x4)

.flash_start    0x00000000        0x0
                0x00000000                . = ALIGN (0x4)
 *(.flash_start)
 *(.flash_start.*)
                0x00000000                . = ALIGN (0x4)

.crp_patch      0x00000000        0x0
                0x00000000                . = ALIGN (0x4)
 *(.crp_patch)
                0x00000000                . = ALIGN (0x4)

.flashtext      0x0800010c        0x0
                0x0800010c                . = ALIGN (0x4)
 *(.flashtext)
                0x0800010c                . = ALIGN (0x4)

.text           0x08000110     0x230c
                0x08000110                . = ALIGN (0x4)
 *(.text)
 .text          0x08000110      0x370 c:/program files (x86)/raisonance/ride/arm-gcc/bin/../lib/gcc/arm-none-eabi/4.3.2/thumb2\libgcc.a(_arm_addsubdf3.o)
                0x08000424                __floatdidf
                0x080003b4                __floatsidf
                0x08000394                __aeabi_ui2d
                0x08000110                __aeabi_drsub
                0x080003d8                __extendsfdf2
                0x0800011c                __adddf3
                0x08000394                __floatunsidf
                0x0800011c                __aeabi_dadd
                0x08000414                __aeabi_ul2d
                0x08000118                __aeabi_dsub
                0x08000414                __floatundidf
                0x080003b4                __aeabi_i2d
                0x08000424                __aeabi_l2d
                0x080003d8                __aeabi_f2d
                0x08000118                __subdf3
 .text          0x08000480      0x424 c:/program files (x86)/raisonance/ride/arm-gcc/bin/../lib/gcc/arm-none-eabi/4.3.2/thumb2\libgcc.a(_arm_muldivdf3.o)
                0x080006d4                __aeabi_ddiv
                0x08000480                __aeabi_dmul
                0x080006d4                __divdf3
                0x08000480                __muldf3
 .text          0x080008a4       0xa0 c:/program files (x86)/raisonance/ride/arm-gcc/bin/../lib/gcc/arm-none-eabi/4.3.2/thumb2\libgcc.a(_arm_truncdfsf2.o)
                0x080008a4                __aeabi_d2f
                0x080008a4                __truncdfsf2
 .text          0x08000944      0x21c c:/program files (x86)/raisonance/ride/arm-gcc/bin/../lib/gcc/arm-none-eabi/4.3.2/thumb2\libgcc.a(_arm_addsubsf3.o)
                0x08000950                __aeabi_fadd
                0x0800094c                __subsf3
                0x08000ab8                __aeabi_i2f
                0x0800094c                __aeabi_fsub
                0x08000ae4                __floatdisf
                0x08000ab8                __floatsisf
                0x08000ad4                __floatundisf
                0x08000ab0                __aeabi_ui2f
                0x08000ae4                __aeabi_l2f
                0x08000ad4                __aeabi_ul2f
                0x08000944                __aeabi_frsub
                0x08000ab0                __floatunsisf
                0x08000950                __addsf3
 .text          0x08000b60      0x2a0 c:/program files (x86)/raisonance/ride/arm-gcc/bin/../lib/gcc/arm-none-eabi/4.3.2/thumb2\libgcc.a(_arm_muldivsf3.o)
                0x08000cc8                __divsf3
                0x08000cc8                __aeabi_fdiv
                0x08000b60                __mulsf3
                0x08000b60                __aeabi_fmul
 .text          0x08000e00       0x4c c:/program files (x86)/raisonance/ride/arm-gcc/bin/../lib/gcc/arm-none-eabi/4.3.2/thumb2\libgcc.a(_arm_fixsfsi.o)
                0x08000e00                __fixsfsi
                0x08000e00                __aeabi_f2iz
 *(.text.*)
 .text.WriteLCD
                0x08000e4c      0x2b8 D:\Embedded\intership AFT\TeamNet\Termostat\Test2\main.o
                0x08000e4c                WriteLCD
 .text.EXTI_Config
                0x08001104       0x38 D:\Embedded\intership AFT\TeamNet\Termostat\Test2\main.o
                0x08001104                EXTI_Config
 .text.RCC_TIMConfig
                0x0800113c       0xc0 D:\Embedded\intership AFT\TeamNet\Termostat\Test2\main.o
                0x0800113c                RCC_TIMConfig
 .text.NVIC_Configuration
                0x080011fc       0x70 D:\Embedded\intership AFT\TeamNet\Termostat\Test2\main.o
                0x080011fc                NVIC_Configuration
 .text.GPIO_Configuration
                0x0800126c       0x90 D:\Embedded\intership AFT\TeamNet\Termostat\Test2\main.o
                0x0800126c                GPIO_Configuration
 .text.RCC_Configuration
                0x080012fc       0x94 D:\Embedded\intership AFT\TeamNet\Termostat\Test2\main.o
                0x080012fc                RCC_Configuration
 .text.main     0x08001390       0x2c D:\Embedded\intership AFT\TeamNet\Termostat\Test2\main.o
                0x08001390                main
 .text.TIM2_IRQHandler
                0x080013bc       0x30 D:\Embedded\intership AFT\TeamNet\Termostat\Test2\stm32f10x_it.o
                0x080013bc                TIM2_IRQHandler
 *fill*         0x080013ec        0x4 00
 .text.TIM4_IRQHandler
                0x080013f0       0xf8 D:\Embedded\intership AFT\TeamNet\Termostat\Test2\stm32f10x_it.o
                0x080013f0                TIM4_IRQHandler
 .text.EXTI9_5_IRQHandler
                0x080014e8       0x74 D:\Embedded\intership AFT\TeamNet\Termostat\Test2\stm32f10x_it.o
                0x080014e8                EXTI9_5_IRQHandler
 .text.TimeoutSet
                0x0800155c       0x18 D:\Embedded\intership AFT\TeamNet\Termostat\Test2\sys_time.o
                0x0800155c                TimeoutSet
 .text.TimeoutExp
                0x08001574       0x20 D:\Embedded\intership AFT\TeamNet\Termostat\Test2\sys_time.o
                0x08001574                TimeoutExp
 .text.wasteTime
                0x08001594       0x10 D:\Embedded\intership AFT\TeamNet\Termostat\Test2\sys_time.o
                0x08001594                wasteTime
 .text.InitSysTick
                0x080015a4       0x60 D:\Embedded\intership AFT\TeamNet\Termostat\Test2\sys_time.o
                0x080015a4                InitSysTick
 .text.FLASH_SetLatency
                0x08001604       0x18 D:\Embedded\intership AFT\TeamNet\Termostat\Test2\stm32f10x_flash.o
                0x08001604                FLASH_SetLatency
 .text.FLASH_PrefetchBufferCmd
                0x0800161c       0x1c D:\Embedded\intership AFT\TeamNet\Termostat\Test2\stm32f10x_flash.o
                0x0800161c                FLASH_PrefetchBufferCmd
 .text.GPIO_Init
                0x08001638       0xcc D:\Embedded\intership AFT\TeamNet\Termostat\Test2\stm32f10x_gpio.o
                0x08001638                GPIO_Init
 .text.GPIO_ReadInputDataBit
                0x08001704        0xc D:\Embedded\intership AFT\TeamNet\Termostat\Test2\stm32f10x_gpio.o
                0x08001704                GPIO_ReadInputDataBit
 .text.GPIO_WriteBit
                0x08001710        0xc D:\Embedded\intership AFT\TeamNet\Termostat\Test2\stm32f10x_gpio.o
                0x08001710                GPIO_WriteBit
 .text.GPIO_EXTILineConfig
                0x0800171c       0x48 D:\Embedded\intership AFT\TeamNet\Termostat\Test2\stm32f10x_gpio.o
                0x0800171c                GPIO_EXTILineConfig
 .text.RCC_DeInit
                0x08001764       0x48 D:\Embedded\intership AFT\TeamNet\Termostat\Test2\stm32f10x_rcc.o
                0x08001764                RCC_DeInit
 .text.RCC_HSEConfig
                0x080017ac       0x4c D:\Embedded\intership AFT\TeamNet\Termostat\Test2\stm32f10x_rcc.o
                0x080017ac                RCC_HSEConfig
 .text.RCC_PLLConfig
                0x080017f8       0x1c D:\Embedded\intership AFT\TeamNet\Termostat\Test2\stm32f10x_rcc.o
                0x080017f8                RCC_PLLConfig
 .text.RCC_PLLCmd
                0x08001814        0xc D:\Embedded\intership AFT\TeamNet\Termostat\Test2\stm32f10x_rcc.o
                0x08001814                RCC_PLLCmd
 .text.RCC_SYSCLKConfig
                0x08001820       0x18 D:\Embedded\intership AFT\TeamNet\Termostat\Test2\stm32f10x_rcc.o
                0x08001820                RCC_SYSCLKConfig
 .text.RCC_GetSYSCLKSource
                0x08001838       0x10 D:\Embedded\intership AFT\TeamNet\Termostat\Test2\stm32f10x_rcc.o
                0x08001838                RCC_GetSYSCLKSource
 .text.RCC_HCLKConfig
                0x08001848       0x18 D:\Embedded\intership AFT\TeamNet\Termostat\Test2\stm32f10x_rcc.o
                0x08001848                RCC_HCLKConfig
 .text.RCC_PCLK1Config
                0x08001860       0x18 D:\Embedded\intership AFT\TeamNet\Termostat\Test2\stm32f10x_rcc.o
                0x08001860                RCC_PCLK1Config
 .text.RCC_PCLK2Config
                0x08001878       0x18 D:\Embedded\intership AFT\TeamNet\Termostat\Test2\stm32f10x_rcc.o
                0x08001878                RCC_PCLK2Config
 .text.RCC_APB2PeriphClockCmd
                0x08001890       0x2c D:\Embedded\intership AFT\TeamNet\Termostat\Test2\stm32f10x_rcc.o
                0x08001890                RCC_APB2PeriphClockCmd
 .text.RCC_APB1PeriphClockCmd
                0x080018bc       0x2c D:\Embedded\intership AFT\TeamNet\Termostat\Test2\stm32f10x_rcc.o
                0x080018bc                RCC_APB1PeriphClockCmd
 .text.RCC_APB2PeriphResetCmd
                0x080018e8       0x2c D:\Embedded\intership AFT\TeamNet\Termostat\Test2\stm32f10x_rcc.o
                0x080018e8                RCC_APB2PeriphResetCmd
 .text.RCC_APB1PeriphResetCmd
                0x08001914       0x2c D:\Embedded\intership AFT\TeamNet\Termostat\Test2\stm32f10x_rcc.o
                0x08001914                RCC_APB1PeriphResetCmd
 .text.RCC_GetFlagStatus
                0x08001940       0x3c D:\Embedded\intership AFT\TeamNet\Termostat\Test2\stm32f10x_rcc.o
                0x08001940                RCC_GetFlagStatus
 .text.RCC_WaitForHSEStartUp
                0x0800197c       0x3c D:\Embedded\intership AFT\TeamNet\Termostat\Test2\stm32f10x_rcc.o
                0x0800197c                RCC_WaitForHSEStartUp
 .text.TIM_TimeBaseInit
                0x080019b8       0xfc D:\Embedded\intership AFT\TeamNet\Termostat\Test2\stm32f10x_tim.o
                0x080019b8                TIM_TimeBaseInit
 .text.TIM_OC1Init
                0x08001ab4       0xe8 D:\Embedded\intership AFT\TeamNet\Termostat\Test2\stm32f10x_tim.o
                0x08001ab4                TIM_OC1Init
 .text.TIM_Cmd  0x08001b9c       0x20 D:\Embedded\intership AFT\TeamNet\Termostat\Test2\stm32f10x_tim.o
                0x08001b9c                TIM_Cmd
 .text.TIM_ITConfig
                0x08001bbc       0x20 D:\Embedded\intership AFT\TeamNet\Termostat\Test2\stm32f10x_tim.o
                0x08001bbc                TIM_ITConfig
 .text.TIM_SelectInputTrigger
                0x08001bdc       0x18 D:\Embedded\intership AFT\TeamNet\Termostat\Test2\stm32f10x_tim.o
                0x08001bdc                TIM_SelectInputTrigger
 .text.TIM_ARRPreloadConfig
                0x08001bf4       0x20 D:\Embedded\intership AFT\TeamNet\Termostat\Test2\stm32f10x_tim.o
                0x08001bf4                TIM_ARRPreloadConfig
 .text.TIM_OC1PreloadConfig
                0x08001c14       0x18 D:\Embedded\intership AFT\TeamNet\Termostat\Test2\stm32f10x_tim.o
                0x08001c14                TIM_OC1PreloadConfig
 .text.TIM_SelectSlaveMode
                0x08001c2c       0x1c D:\Embedded\intership AFT\TeamNet\Termostat\Test2\stm32f10x_tim.o
                0x08001c2c                TIM_SelectSlaveMode
 .text.TIM_SelectMasterSlaveMode
                0x08001c48       0x1c D:\Embedded\intership AFT\TeamNet\Termostat\Test2\stm32f10x_tim.o
                0x08001c48                TIM_SelectMasterSlaveMode
 .text.TIM_SetIC1Prescaler
                0x08001c64       0x1c D:\Embedded\intership AFT\TeamNet\Termostat\Test2\stm32f10x_tim.o
                0x08001c64                TIM_SetIC1Prescaler
 .text.TIM_SetIC2Prescaler
                0x08001c80       0x20 D:\Embedded\intership AFT\TeamNet\Termostat\Test2\stm32f10x_tim.o
                0x08001c80                TIM_SetIC2Prescaler
 .text.TIM_GetCapture1
                0x08001ca0        0x8 D:\Embedded\intership AFT\TeamNet\Termostat\Test2\stm32f10x_tim.o
                0x08001ca0                TIM_GetCapture1
 .text.TIM_GetCapture2
                0x08001ca8        0x8 D:\Embedded\intership AFT\TeamNet\Termostat\Test2\stm32f10x_tim.o
                0x08001ca8                TIM_GetCapture2
 .text.TIM_GetFlagStatus
                0x08001cb0        0xc D:\Embedded\intership AFT\TeamNet\Termostat\Test2\stm32f10x_tim.o
                0x08001cb0                TIM_GetFlagStatus
 .text.TIM_ClearITPendingBit
                0x08001cbc        0xc D:\Embedded\intership AFT\TeamNet\Termostat\Test2\stm32f10x_tim.o
                0x08001cbc                TIM_ClearITPendingBit
 .text.TI1_Config
                0x08001cc8       0xb8 D:\Embedded\intership AFT\TeamNet\Termostat\Test2\stm32f10x_tim.o
 .text.TI2_Config
                0x08001d80       0xc0 D:\Embedded\intership AFT\TeamNet\Termostat\Test2\stm32f10x_tim.o
 .text.TIM_PWMIConfig
                0x08001e40       0x6c D:\Embedded\intership AFT\TeamNet\Termostat\Test2\stm32f10x_tim.o
                0x08001e40                TIM_PWMIConfig
 .text.TIM_DeInit
                0x08001eac      0x280 D:\Embedded\intership AFT\TeamNet\Termostat\Test2\stm32f10x_tim.o
                0x08001eac                TIM_DeInit
 .text.NVIC_Init
                0x0800212c       0x88 D:\Embedded\intership AFT\TeamNet\Termostat\Test2\misc.o
                0x0800212c                NVIC_Init
 .text.NVIC_SetVectorTable
                0x080021b4       0x1c D:\Embedded\intership AFT\TeamNet\Termostat\Test2\misc.o
                0x080021b4                NVIC_SetVectorTable
 .text.EXTI_Init
                0x080021d0       0x9c D:\Embedded\intership AFT\TeamNet\Termostat\Test2\stm32f10x_exti.o
                0x080021d0                EXTI_Init
 .text.EXTI_GetITStatus
                0x0800226c       0x20 D:\Embedded\intership AFT\TeamNet\Termostat\Test2\stm32f10x_exti.o
                0x0800226c                EXTI_GetITStatus
 .text.EXTI_ClearITPendingBit
                0x0800228c        0xc D:\Embedded\intership AFT\TeamNet\Termostat\Test2\stm32f10x_exti.o
                0x0800228c                EXTI_ClearITPendingBit
 .text.SystemInit
                0x08002298      0x13c D:\Embedded\intership AFT\TeamNet\Termostat\Test2\system_stm32f10x.o
                0x08002298                SystemInit
 .text.Reset_Handler
                0x080023d4       0x44 D:\Embedded\intership AFT\TeamNet\Termostat\Test2\startup_stm32f10x_md.o
                0x080023d4                Reset_Handler
 .text.Default_Handler
                0x08002418        0x2 D:\Embedded\intership AFT\TeamNet\Termostat\Test2\startup_stm32f10x_md.o
                0x08002418                EXTI2_IRQHandler
                0x08002418                DebugMon_Handler
                0x08002418                TIM1_CC_IRQHandler
                0x08002418                HardFault_Handler
                0x08002418                SysTick_Handler
                0x08002418                PVD_IRQHandler
                0x08002418                PendSV_Handler
                0x08002418                NMI_Handler
                0x08002418                EXTI3_IRQHandler
                0x08002418                EXTI0_IRQHandler
                0x08002418                I2C2_EV_IRQHandler
                0x08002418                UsageFault_Handler
                0x08002418                ADC1_2_IRQHandler
                0x08002418                SPI1_IRQHandler
                0x08002418                TAMPER_IRQHandler
                0x08002418                DMA1_Channel4_IRQHandler
                0x08002418                USART3_IRQHandler
                0x08002418                RTC_IRQHandler
                0x08002418                DMA1_Channel7_IRQHandler
                0x08002418                CAN1_RX1_IRQHandler
                0x08002418                I2C1_EV_IRQHandler
                0x08002418                DMA1_Channel6_IRQHandler
                0x08002418                TIM3_IRQHandler
                0x08002418                RCC_IRQHandler
                0x08002418                TIM1_TRG_COM_IRQHandler
                0x08002418                DMA1_Channel1_IRQHandler
                0x08002418                Default_Handler
                0x08002418                EXTI15_10_IRQHandler
                0x08002418                SPI2_IRQHandler
                0x08002418                MemManage_Handler
                0x08002418                SVC_Handler
                0x08002418                DMA1_Channel5_IRQHandler
                0x08002418                EXTI4_IRQHandler
                0x08002418                USB_LP_CAN1_RX0_IRQHandler
                0x08002418                USB_HP_CAN1_TX_IRQHandler
                0x08002418                DMA1_Channel3_IRQHandler
                0x08002418                TIM1_UP_IRQHandler
                0x08002418                WWDG_IRQHandler
                0x08002418                TIM1_BRK_IRQHandler
                0x08002418                EXTI1_IRQHandler
                0x08002418                RTCAlarm_IRQHandler
                0x08002418                USART2_IRQHandler
                0x08002418                I2C2_ER_IRQHandler
                0x08002418                DMA1_Channel2_IRQHandler
                0x08002418                CAN1_SCE_IRQHandler
                0x08002418                FLASH_IRQHandler
                0x08002418                BusFault_Handler
                0x08002418                USART1_IRQHandler
                0x08002418                I2C1_ER_IRQHandler
                0x08002418                USBWakeUp_IRQHandler
 *(.rodata)
 *(.rodata*)
 *(.glue_7)
 *fill*         0x0800241a        0x2 00
 .glue_7        0x0800241c        0x0 D:\Embedded\intership AFT\TeamNet\Termostat\Test2\main.o
 .glue_7        0x0800241c        0x0 D:\Embedded\intership AFT\TeamNet\Termostat\Test2\stm32f10x_it.o
 .glue_7        0x0800241c        0x0 D:\Embedded\intership AFT\TeamNet\Termostat\Test2\sys_time.o
 .glue_7        0x0800241c        0x0 D:\Embedded\intership AFT\TeamNet\Termostat\Test2\stm32f10x_flash.o
 .glue_7        0x0800241c        0x0 D:\Embedded\intership AFT\TeamNet\Termostat\Test2\stm32f10x_gpio.o
 .glue_7        0x0800241c        0x0 D:\Embedded\intership AFT\TeamNet\Termostat\Test2\stm32f10x_rcc.o
 .glue_7        0x0800241c        0x0 D:\Embedded\intership AFT\TeamNet\Termostat\Test2\stm32f10x_tim.o
 .glue_7        0x0800241c        0x0 D:\Embedded\intership AFT\TeamNet\Termostat\Test2\misc.o
 .glue_7        0x0800241c        0x0 D:\Embedded\intership AFT\TeamNet\Termostat\Test2\stm32f10x_exti.o
 .glue_7        0x0800241c        0x0 D:\Embedded\intership AFT\TeamNet\Termostat\Test2\core_cm3.o
 .glue_7        0x0800241c        0x0 D:\Embedded\intership AFT\TeamNet\Termostat\Test2\system_stm32f10x.o
 .glue_7        0x0800241c        0x0 D:\Embedded\intership AFT\TeamNet\Termostat\Test2\startup_stm32f10x_md.o
 .glue_7        0x0800241c        0x0 c:/program files (x86)/raisonance/ride/arm-gcc/bin/../lib/gcc/arm-none-eabi/4.3.2/thumb2\libgcc.a(_arm_addsubdf3.o)
 .glue_7        0x0800241c        0x0 c:/program files (x86)/raisonance/ride/arm-gcc/bin/../lib/gcc/arm-none-eabi/4.3.2/thumb2\libgcc.a(_arm_muldivdf3.o)
 .glue_7        0x0800241c        0x0 c:/program files (x86)/raisonance/ride/arm-gcc/bin/../lib/gcc/arm-none-eabi/4.3.2/thumb2\libgcc.a(_arm_truncdfsf2.o)
 .glue_7        0x0800241c        0x0 c:/program files (x86)/raisonance/ride/arm-gcc/bin/../lib/gcc/arm-none-eabi/4.3.2/thumb2\libgcc.a(_arm_addsubsf3.o)
 .glue_7        0x0800241c        0x0 c:/program files (x86)/raisonance/ride/arm-gcc/bin/../lib/gcc/arm-none-eabi/4.3.2/thumb2\libgcc.a(_arm_muldivsf3.o)
 .glue_7        0x0800241c        0x0 c:/program files (x86)/raisonance/ride/arm-gcc/bin/../lib/gcc/arm-none-eabi/4.3.2/thumb2\libgcc.a(_arm_fixsfsi.o)
 *(.glue_7t)
 .glue_7t       0x0800241c        0x0 D:\Embedded\intership AFT\TeamNet\Termostat\Test2\main.o
 .glue_7t       0x0800241c        0x0 D:\Embedded\intership AFT\TeamNet\Termostat\Test2\stm32f10x_it.o
 .glue_7t       0x0800241c        0x0 D:\Embedded\intership AFT\TeamNet\Termostat\Test2\sys_time.o
 .glue_7t       0x0800241c        0x0 D:\Embedded\intership AFT\TeamNet\Termostat\Test2\stm32f10x_flash.o
 .glue_7t       0x0800241c        0x0 D:\Embedded\intership AFT\TeamNet\Termostat\Test2\stm32f10x_gpio.o
 .glue_7t       0x0800241c        0x0 D:\Embedded\intership AFT\TeamNet\Termostat\Test2\stm32f10x_rcc.o
 .glue_7t       0x0800241c        0x0 D:\Embedded\intership AFT\TeamNet\Termostat\Test2\stm32f10x_tim.o
 .glue_7t       0x0800241c        0x0 D:\Embedded\intership AFT\TeamNet\Termostat\Test2\misc.o
 .glue_7t       0x0800241c        0x0 D:\Embedded\intership AFT\TeamNet\Termostat\Test2\stm32f10x_exti.o
 .glue_7t       0x0800241c        0x0 D:\Embedded\intership AFT\TeamNet\Termostat\Test2\core_cm3.o
 .glue_7t       0x0800241c        0x0 D:\Embedded\intership AFT\TeamNet\Termostat\Test2\system_stm32f10x.o
 .glue_7t       0x0800241c        0x0 D:\Embedded\intership AFT\TeamNet\Termostat\Test2\startup_stm32f10x_md.o
 .glue_7t       0x0800241c        0x0 c:/program files (x86)/raisonance/ride/arm-gcc/bin/../lib/gcc/arm-none-eabi/4.3.2/thumb2\libgcc.a(_arm_addsubdf3.o)
 .glue_7t       0x0800241c        0x0 c:/program files (x86)/raisonance/ride/arm-gcc/bin/../lib/gcc/arm-none-eabi/4.3.2/thumb2\libgcc.a(_arm_muldivdf3.o)
 .glue_7t       0x0800241c        0x0 c:/program files (x86)/raisonance/ride/arm-gcc/bin/../lib/gcc/arm-none-eabi/4.3.2/thumb2\libgcc.a(_arm_truncdfsf2.o)
 .glue_7t       0x0800241c        0x0 c:/program files (x86)/raisonance/ride/arm-gcc/bin/../lib/gcc/arm-none-eabi/4.3.2/thumb2\libgcc.a(_arm_addsubsf3.o)
 .glue_7t       0x0800241c        0x0 c:/program files (x86)/raisonance/ride/arm-gcc/bin/../lib/gcc/arm-none-eabi/4.3.2/thumb2\libgcc.a(_arm_muldivsf3.o)
 .glue_7t       0x0800241c        0x0 c:/program files (x86)/raisonance/ride/arm-gcc/bin/../lib/gcc/arm-none-eabi/4.3.2/thumb2\libgcc.a(_arm_fixsfsi.o)
                0x0800241c                . = ALIGN (0x4)
                0x0800241c                _etext = .
                0x0800241c                _sidata = _etext

.vfp11_veneer   0x20000000        0x0
 .vfp11_veneer  0x20000000        0x0 D:\Embedded\intership AFT\TeamNet\Termostat\Test2\main.o
 .vfp11_veneer  0x20000000        0x0 D:\Embedded\intership AFT\TeamNet\Termostat\Test2\stm32f10x_it.o
 .vfp11_veneer  0x20000000        0x0 D:\Embedded\intership AFT\TeamNet\Termostat\Test2\sys_time.o
 .vfp11_veneer  0x20000000        0x0 D:\Embedded\intership AFT\TeamNet\Termostat\Test2\stm32f10x_flash.o
 .vfp11_veneer  0x20000000        0x0 D:\Embedded\intership AFT\TeamNet\Termostat\Test2\stm32f10x_gpio.o
 .vfp11_veneer  0x20000000        0x0 D:\Embedded\intership AFT\TeamNet\Termostat\Test2\stm32f10x_rcc.o
 .vfp11_veneer  0x20000000        0x0 D:\Embedded\intership AFT\TeamNet\Termostat\Test2\stm32f10x_tim.o
 .vfp11_veneer  0x20000000        0x0 D:\Embedded\intership AFT\TeamNet\Termostat\Test2\misc.o
 .vfp11_veneer  0x20000000        0x0 D:\Embedded\intership AFT\TeamNet\Termostat\Test2\stm32f10x_exti.o
 .vfp11_veneer  0x20000000        0x0 D:\Embedded\intership AFT\TeamNet\Termostat\Test2\core_cm3.o
 .vfp11_veneer  0x20000000        0x0 D:\Embedded\intership AFT\TeamNet\Termostat\Test2\system_stm32f10x.o
 .vfp11_veneer  0x20000000        0x0 D:\Embedded\intership AFT\TeamNet\Termostat\Test2\startup_stm32f10x_md.o

.janus_2cc_veneer
                0x20000000        0x0
 .janus_2cc_veneer
                0x20000000        0x0 D:\Embedded\intership AFT\TeamNet\Termostat\Test2\main.o
 .janus_2cc_veneer
                0x20000000        0x0 D:\Embedded\intership AFT\TeamNet\Termostat\Test2\stm32f10x_it.o
 .janus_2cc_veneer
                0x20000000        0x0 D:\Embedded\intership AFT\TeamNet\Termostat\Test2\sys_time.o
 .janus_2cc_veneer
                0x20000000        0x0 D:\Embedded\intership AFT\TeamNet\Termostat\Test2\stm32f10x_flash.o
 .janus_2cc_veneer
                0x20000000        0x0 D:\Embedded\intership AFT\TeamNet\Termostat\Test2\stm32f10x_gpio.o
 .janus_2cc_veneer
                0x20000000        0x0 D:\Embedded\intership AFT\TeamNet\Termostat\Test2\stm32f10x_rcc.o
 .janus_2cc_veneer
                0x20000000        0x0 D:\Embedded\intership AFT\TeamNet\Termostat\Test2\stm32f10x_tim.o
 .janus_2cc_veneer
                0x20000000        0x0 D:\Embedded\intership AFT\TeamNet\Termostat\Test2\misc.o
 .janus_2cc_veneer
                0x20000000        0x0 D:\Embedded\intership AFT\TeamNet\Termostat\Test2\stm32f10x_exti.o
 .janus_2cc_veneer
                0x20000000        0x0 D:\Embedded\intership AFT\TeamNet\Termostat\Test2\core_cm3.o
 .janus_2cc_veneer
                0x20000000        0x0 D:\Embedded\intership AFT\TeamNet\Termostat\Test2\system_stm32f10x.o
 .janus_2cc_veneer
                0x20000000        0x0 D:\Embedded\intership AFT\TeamNet\Termostat\Test2\startup_stm32f10x_md.o

.v4_bx          0x20000000        0x0
 .v4_bx         0x20000000        0x0 D:\Embedded\intership AFT\TeamNet\Termostat\Test2\main.o
 .v4_bx         0x20000000        0x0 D:\Embedded\intership AFT\TeamNet\Termostat\Test2\stm32f10x_it.o
 .v4_bx         0x20000000        0x0 D:\Embedded\intership AFT\TeamNet\Termostat\Test2\sys_time.o
 .v4_bx         0x20000000        0x0 D:\Embedded\intership AFT\TeamNet\Termostat\Test2\stm32f10x_flash.o
 .v4_bx         0x20000000        0x0 D:\Embedded\intership AFT\TeamNet\Termostat\Test2\stm32f10x_gpio.o
 .v4_bx         0x20000000        0x0 D:\Embedded\intership AFT\TeamNet\Termostat\Test2\stm32f10x_rcc.o
 .v4_bx         0x20000000        0x0 D:\Embedded\intership AFT\TeamNet\Termostat\Test2\stm32f10x_tim.o
 .v4_bx         0x20000000        0x0 D:\Embedded\intership AFT\TeamNet\Termostat\Test2\misc.o
 .v4_bx         0x20000000        0x0 D:\Embedded\intership AFT\TeamNet\Termostat\Test2\stm32f10x_exti.o
 .v4_bx         0x20000000        0x0 D:\Embedded\intership AFT\TeamNet\Termostat\Test2\core_cm3.o
 .v4_bx         0x20000000        0x0 D:\Embedded\intership AFT\TeamNet\Termostat\Test2\system_stm32f10x.o
 .v4_bx         0x20000000        0x0 D:\Embedded\intership AFT\TeamNet\Termostat\Test2\startup_stm32f10x_md.o

.flashpatch     0x00000000        0x0
                0x00000000                . = ALIGN (0x4)
 *(.flashpatch)
                0x00000000                . = ALIGN (0x4)

.endflash       0x00000000        0x0
                0x00000000                . = ALIGN (0x4)
 *(.endflash)
                0x00000000                . = ALIGN (0x4)

.data           0x20000000        0x0 load address 0x0800241c
                0x20000000                . = ALIGN (0x4)
                0x20000000                _sdata = .
 *(.data)
 *(.data.*)
 *(.RAMtext)
                0x20000000                . = ALIGN (0x4)
                0x20000000                _edata = .

.bss            0x20000000       0x60
                0x20000000                . = ALIGN (0x4)
                0x20000000                _sbss = .
 *(.bss)
 .bss           0x20000000        0x2 D:\Embedded\intership AFT\TeamNet\Termostat\Test2\main.o
                0x20000000                val
 *fill*         0x20000002        0x2 00
 .bss           0x20000004       0x14 D:\Embedded\intership AFT\TeamNet\Termostat\Test2\stm32f10x_it.o
                0x20000010                TempInt
                0x2000000c                Temp
                0x20000008                DutyCycle
                0x20000014                Frequency
                0x20000004                IC2Value
 .bss           0x20000018        0x8 D:\Embedded\intership AFT\TeamNet\Termostat\Test2\sys_time.o
                0x2000001c                sys_time2
                0x20000018                sys_time
 *(COMMON)
 COMMON         0x20000020       0x26 D:\Embedded\intership AFT\TeamNet\Termostat\Test2\main.o
                0x20000020                HSEStartUpStatus
                0x20000022                TIM_TimeBaseStructure
                0x2000002c                TIM_OCInitStructure
                0x2000003c                TIM_ICInitStructure
 COMMON         0x20000046        0x1 D:\Embedded\intership AFT\TeamNet\Termostat\Test2\stm32f10x_it.o
                0x20000046                state
 *fill*         0x20000047        0x1 00
 COMMON         0x20000048       0x18 D:\Embedded\intership AFT\TeamNet\Termostat\Test2\sys_time.o
                0x20000048                alive_time
                0x2000004c                sys_timeout
                0x20000050                tcnt
                0x20000054                icnt
                0x20000058                timeout
                0x2000005c                sys_timeout2
                0x20000060                . = ALIGN (0x4)
                0x20000060                _ebss = .
                0x20000060                PROVIDE (end, _ebss)
                0x20000060                PROVIDE (_end, _ebss)

._usrstack      0x20000060      0x100
                0x20000060                . = ALIGN (0x4)
                0x20000060                _susrstack = .
                0x20000160                . = (. + _Minimum_Stack_Size)
 *fill*         0x20000060      0x100 00
                0x20000160                . = ALIGN (0x4)
                0x20000160                _eusrstack = .

.b1text
 *(.b1text)
 *(.b1rodata)
 *(.b1rodata*)

.eb0text
 *(.eb0text)
 *(.eb0rodata)
 *(.eb0rodata*)

.eb1text
 *(.eb1text)
 *(.eb1rodata)
 *(.eb1rodata*)

.eb2text
 *(.eb2text)
 *(.eb2rodata)
 *(.eb2rodata*)

.eb3text
 *(.eb3text)
 *(.eb3rodata)
 *(.eb3rodata*)
                0x20000160                __exidx_start = .
                0x20000160                __exidx_end = .

/DISCARD/
 libc.a(*)
 libm.a(*)
 libgcc.a(*)

.stab
 *(.stab)

.stabstr
 *(.stabstr)

.stab.excl
 *(.stab.excl)

.stab.exclstr
 *(.stab.exclstr)

.stab.index
 *(.stab.index)

.stab.indexstr
 *(.stab.indexstr)

.comment        0x00000000      0x1ce
 *(.comment)
 .comment       0x00000000       0x2a D:\Embedded\intership AFT\TeamNet\Termostat\Test2\main.o
 .comment       0x0000002a       0x2a D:\Embedded\intership AFT\TeamNet\Termostat\Test2\stm32f10x_it.o
 .comment       0x00000054       0x2a D:\Embedded\intership AFT\TeamNet\Termostat\Test2\sys_time.o
 .comment       0x0000007e       0x2a D:\Embedded\intership AFT\TeamNet\Termostat\Test2\stm32f10x_flash.o
 .comment       0x000000a8       0x2a D:\Embedded\intership AFT\TeamNet\Termostat\Test2\stm32f10x_gpio.o
 .comment       0x000000d2       0x2a D:\Embedded\intership AFT\TeamNet\Termostat\Test2\stm32f10x_rcc.o
 .comment       0x000000fc       0x2a D:\Embedded\intership AFT\TeamNet\Termostat\Test2\stm32f10x_tim.o
 .comment       0x00000126       0x2a D:\Embedded\intership AFT\TeamNet\Termostat\Test2\misc.o
 .comment       0x00000150       0x2a D:\Embedded\intership AFT\TeamNet\Termostat\Test2\stm32f10x_exti.o
 .comment       0x0000017a       0x2a D:\Embedded\intership AFT\TeamNet\Termostat\Test2\core_cm3.o
 .comment       0x000001a4       0x2a D:\Embedded\intership AFT\TeamNet\Termostat\Test2\system_stm32f10x.o

.debug
 *(.debug)

.line
 *(.line)

.debug_srcinfo
 *(.debug_srcinfo)

.debug_sfnames
 *(.debug_sfnames)

.debug_aranges  0x00000000      0x810
 *(.debug_aranges)
 .debug_aranges
                0x00000000       0x58 D:\Embedded\intership AFT\TeamNet\Termostat\Test2\main.o
 .debug_aranges
                0x00000058       0x30 D:\Embedded\intership AFT\TeamNet\Termostat\Test2\stm32f10x_it.o
 .debug_aranges
                0x00000088       0x68 D:\Embedded\intership AFT\TeamNet\Termostat\Test2\sys_time.o
 .debug_aranges
                0x000000f0       0xf8 D:\Embedded\intership AFT\TeamNet\Termostat\Test2\stm32f10x_flash.o
 .debug_aranges
                0x000001e8       0xa8 D:\Embedded\intership AFT\TeamNet\Termostat\Test2\stm32f10x_gpio.o
 .debug_aranges
                0x00000290      0x118 D:\Embedded\intership AFT\TeamNet\Termostat\Test2\stm32f10x_rcc.o
 .debug_aranges
                0x000003a8      0x2e0 D:\Embedded\intership AFT\TeamNet\Termostat\Test2\stm32f10x_tim.o
 .debug_aranges
                0x00000688       0x40 D:\Embedded\intership AFT\TeamNet\Termostat\Test2\misc.o
 .debug_aranges
                0x000006c8       0x58 D:\Embedded\intership AFT\TeamNet\Termostat\Test2\stm32f10x_exti.o
 .debug_aranges
                0x00000720       0xc8 D:\Embedded\intership AFT\TeamNet\Termostat\Test2\core_cm3.o
 .debug_aranges
                0x000007e8       0x28 D:\Embedded\intership AFT\TeamNet\Termostat\Test2\system_stm32f10x.o

.debug_pubnames
                0x00000000     0x14fd
 *(.debug_pubnames)
 .debug_pubnames
                0x00000000      0x10a D:\Embedded\intership AFT\TeamNet\Termostat\Test2\main.o
 .debug_pubnames
                0x0000010a       0x99 D:\Embedded\intership AFT\TeamNet\Termostat\Test2\stm32f10x_it.o
 .debug_pubnames
                0x000001a3      0x159 D:\Embedded\intership AFT\TeamNet\Termostat\Test2\sys_time.o
 .debug_pubnames
                0x000002fc      0x2f2 D:\Embedded\intership AFT\TeamNet\Termostat\Test2\stm32f10x_flash.o
 .debug_pubnames
                0x000005ee      0x19d D:\Embedded\intership AFT\TeamNet\Termostat\Test2\stm32f10x_gpio.o
 .debug_pubnames
                0x0000078b      0x2c4 D:\Embedded\intership AFT\TeamNet\Termostat\Test2\stm32f10x_rcc.o
 .debug_pubnames
                0x00000a4f      0x7b0 D:\Embedded\intership AFT\TeamNet\Termostat\Test2\stm32f10x_tim.o
 .debug_pubnames
                0x000011ff       0x89 D:\Embedded\intership AFT\TeamNet\Termostat\Test2\misc.o
 .debug_pubnames
                0x00001288       0xbb D:\Embedded\intership AFT\TeamNet\Termostat\Test2\stm32f10x_exti.o
 .debug_pubnames
                0x00001343      0x159 D:\Embedded\intership AFT\TeamNet\Termostat\Test2\core_cm3.o
 .debug_pubnames
                0x0000149c       0x61 D:\Embedded\intership AFT\TeamNet\Termostat\Test2\system_stm32f10x.o

.debug_info     0x00000000     0x5d07
 *(.debug_info .gnu.linkonce.wi.*)
 .debug_info    0x00000000      0xa8a D:\Embedded\intership AFT\TeamNet\Termostat\Test2\main.o
 .debug_info    0x00000a8a      0x494 D:\Embedded\intership AFT\TeamNet\Termostat\Test2\stm32f10x_it.o
 .debug_info    0x00000f1e      0x716 D:\Embedded\intership AFT\TeamNet\Termostat\Test2\sys_time.o
 .debug_info    0x00001634      0x7f5 D:\Embedded\intership AFT\TeamNet\Termostat\Test2\stm32f10x_flash.o
 .debug_info    0x00001e29      0x6d1 D:\Embedded\intership AFT\TeamNet\Termostat\Test2\stm32f10x_gpio.o
 .debug_info    0x000024fa      0x898 D:\Embedded\intership AFT\TeamNet\Termostat\Test2\stm32f10x_rcc.o
 .debug_info    0x00002d92     0x1da6 D:\Embedded\intership AFT\TeamNet\Termostat\Test2\stm32f10x_tim.o
 .debug_info    0x00004b38      0x50b D:\Embedded\intership AFT\TeamNet\Termostat\Test2\misc.o
 .debug_info    0x00005043      0x335 D:\Embedded\intership AFT\TeamNet\Termostat\Test2\stm32f10x_exti.o
 .debug_info    0x00005378      0x52d D:\Embedded\intership AFT\TeamNet\Termostat\Test2\core_cm3.o
 .debug_info    0x000058a5      0x462 D:\Embedded\intership AFT\TeamNet\Termostat\Test2\system_stm32f10x.o

.debug_abbrev   0x00000000     0x116d
 *(.debug_abbrev)
 .debug_abbrev  0x00000000      0x1e1 D:\Embedded\intership AFT\TeamNet\Termostat\Test2\main.o
 .debug_abbrev  0x000001e1       0xf7 D:\Embedded\intership AFT\TeamNet\Termostat\Test2\stm32f10x_it.o
 .debug_abbrev  0x000002d8      0x178 D:\Embedded\intership AFT\TeamNet\Termostat\Test2\sys_time.o
 .debug_abbrev  0x00000450      0x1af D:\Embedded\intership AFT\TeamNet\Termostat\Test2\stm32f10x_flash.o
 .debug_abbrev  0x000005ff      0x1fc D:\Embedded\intership AFT\TeamNet\Termostat\Test2\stm32f10x_gpio.o
 .debug_abbrev  0x000007fb      0x1f5 D:\Embedded\intership AFT\TeamNet\Termostat\Test2\stm32f10x_rcc.o
 .debug_abbrev  0x000009f0      0x237 D:\Embedded\intership AFT\TeamNet\Termostat\Test2\stm32f10x_tim.o
 .debug_abbrev  0x00000c27      0x15a D:\Embedded\intership AFT\TeamNet\Termostat\Test2\misc.o
 .debug_abbrev  0x00000d81      0x184 D:\Embedded\intership AFT\TeamNet\Termostat\Test2\stm32f10x_exti.o
 .debug_abbrev  0x00000f05       0xd0 D:\Embedded\intership AFT\TeamNet\Termostat\Test2\core_cm3.o
 .debug_abbrev  0x00000fd5      0x198 D:\Embedded\intership AFT\TeamNet\Termostat\Test2\system_stm32f10x.o

.debug_line     0x00000000     0x2a82
 *(.debug_line)
 .debug_line    0x00000000      0x383 D:\Embedded\intership AFT\TeamNet\Termostat\Test2\main.o
 .debug_line    0x00000383      0x248 D:\Embedded\intership AFT\TeamNet\Termostat\Test2\stm32f10x_it.o
 .debug_line    0x000005cb      0x2c1 D:\Embedded\intership AFT\TeamNet\Termostat\Test2\sys_time.o
 .debug_line    0x0000088c      0x4d5 D:\Embedded\intership AFT\TeamNet\Termostat\Test2\stm32f10x_flash.o
 .debug_line    0x00000d61      0x3d9 D:\Embedded\intership AFT\TeamNet\Termostat\Test2\stm32f10x_gpio.o
 .debug_line    0x0000113a      0x4cf D:\Embedded\intership AFT\TeamNet\Termostat\Test2\stm32f10x_rcc.o
 .debug_line    0x00001609      0xa33 D:\Embedded\intership AFT\TeamNet\Termostat\Test2\stm32f10x_tim.o
 .debug_line    0x0000203c      0x27b D:\Embedded\intership AFT\TeamNet\Termostat\Test2\misc.o
 .debug_line    0x000022b7      0x2f3 D:\Embedded\intership AFT\TeamNet\Termostat\Test2\stm32f10x_exti.o
 .debug_line    0x000025aa      0x291 D:\Embedded\intership AFT\TeamNet\Termostat\Test2\core_cm3.o
 .debug_line    0x0000283b      0x247 D:\Embedded\intership AFT\TeamNet\Termostat\Test2\system_stm32f10x.o

.debug_frame    0x00000000     0x10ec
 *(.debug_frame)
 .debug_frame   0x00000000       0xe8 D:\Embedded\intership AFT\TeamNet\Termostat\Test2\main.o
 .debug_frame   0x000000e8       0x60 D:\Embedded\intership AFT\TeamNet\Termostat\Test2\stm32f10x_it.o
 .debug_frame   0x00000148       0xd0 D:\Embedded\intership AFT\TeamNet\Termostat\Test2\sys_time.o
 .debug_frame   0x00000218      0x244 D:\Embedded\intership AFT\TeamNet\Termostat\Test2\stm32f10x_flash.o
 .debug_frame   0x0000045c      0x168 D:\Embedded\intership AFT\TeamNet\Termostat\Test2\stm32f10x_gpio.o
 .debug_frame   0x000005c4      0x224 D:\Embedded\intership AFT\TeamNet\Termostat\Test2\stm32f10x_rcc.o
 .debug_frame   0x000007e8      0x668 D:\Embedded\intership AFT\TeamNet\Termostat\Test2\stm32f10x_tim.o
 .debug_frame   0x00000e50       0x60 D:\Embedded\intership AFT\TeamNet\Termostat\Test2\misc.o
 .debug_frame   0x00000eb0       0x98 D:\Embedded\intership AFT\TeamNet\Termostat\Test2\stm32f10x_exti.o
 .debug_frame   0x00000f48      0x170 D:\Embedded\intership AFT\TeamNet\Termostat\Test2\core_cm3.o
 .debug_frame   0x000010b8       0x34 D:\Embedded\intership AFT\TeamNet\Termostat\Test2\system_stm32f10x.o

.debug_str      0x00000000     0x2610
 *(.debug_str)
 .debug_str     0x00000000      0xa82 D:\Embedded\intership AFT\TeamNet\Termostat\Test2\main.o
                                0xac1 (size before relaxing)
 .debug_str     0x00000a82       0xa6 D:\Embedded\intership AFT\TeamNet\Termostat\Test2\stm32f10x_it.o
                                0x28d (size before relaxing)
 .debug_str     0x00000b28       0xe8 D:\Embedded\intership AFT\TeamNet\Termostat\Test2\sys_time.o
                                0x46e (size before relaxing)
 .debug_str     0x00000c10      0x456 D:\Embedded\intership AFT\TeamNet\Termostat\Test2\stm32f10x_flash.o
                                0x556 (size before relaxing)
 .debug_str     0x00001066      0x277 D:\Embedded\intership AFT\TeamNet\Termostat\Test2\stm32f10x_gpio.o
                                0x493 (size before relaxing)
 .debug_str     0x000012dd      0x456 D:\Embedded\intership AFT\TeamNet\Termostat\Test2\stm32f10x_rcc.o
                                0x58c (size before relaxing)
 .debug_str     0x00001733      0x9b3 D:\Embedded\intership AFT\TeamNet\Termostat\Test2\stm32f10x_tim.o
                                0xd64 (size before relaxing)
 .debug_str     0x000020e6      0x1b1 D:\Embedded\intership AFT\TeamNet\Termostat\Test2\misc.o
                                0x32a (size before relaxing)
 .debug_str     0x00002297      0x122 D:\Embedded\intership AFT\TeamNet\Termostat\Test2\stm32f10x_exti.o
                                0x2d8 (size before relaxing)
 .debug_str     0x000023b9      0x196 D:\Embedded\intership AFT\TeamNet\Termostat\Test2\core_cm3.o
                                0x250 (size before relaxing)
 .debug_str     0x0000254f       0xc1 D:\Embedded\intership AFT\TeamNet\Termostat\Test2\system_stm32f10x.o
                                0x241 (size before relaxing)

.debug_loc      0x00000000     0x260d
 *(.debug_loc)
 .debug_loc     0x00000000      0x466 D:\Embedded\intership AFT\TeamNet\Termostat\Test2\main.o
 .debug_loc     0x00000466       0x5d D:\Embedded\intership AFT\TeamNet\Termostat\Test2\stm32f10x_it.o
 .debug_loc     0x000004c3       0xc8 D:\Embedded\intership AFT\TeamNet\Termostat\Test2\sys_time.o
 .debug_loc     0x0000058b      0x680 D:\Embedded\intership AFT\TeamNet\Termostat\Test2\stm32f10x_flash.o
 .debug_loc     0x00000c0b      0x2f2 D:\Embedded\intership AFT\TeamNet\Termostat\Test2\stm32f10x_gpio.o
 .debug_loc     0x00000efd      0x32c D:\Embedded\intership AFT\TeamNet\Termostat\Test2\stm32f10x_rcc.o
 .debug_loc     0x00001229     0x1072 D:\Embedded\intership AFT\TeamNet\Termostat\Test2\stm32f10x_tim.o
 .debug_loc     0x0000229b       0x8b D:\Embedded\intership AFT\TeamNet\Termostat\Test2\misc.o
 .debug_loc     0x00002326       0xaa D:\Embedded\intership AFT\TeamNet\Termostat\Test2\stm32f10x_exti.o
 .debug_loc     0x000023d0      0x1c8 D:\Embedded\intership AFT\TeamNet\Termostat\Test2\core_cm3.o
 .debug_loc     0x00002598       0x75 D:\Embedded\intership AFT\TeamNet\Termostat\Test2\system_stm32f10x.o

.debug_macinfo
 *(.debug_macinfo)

.debug_weaknames
 *(.debug_weaknames)

.debug_funcnames
 *(.debug_funcnames)

.debug_typenames
 *(.debug_typenames)

.debug_varnames
 *(.debug_varnames)
START GROUP
LOAD c:/program files (x86)/raisonance/ride/arm-gcc/bin/../lib/gcc/arm-none-eabi/4.3.2/thumb2\libgcc.a
LOAD c:/program files (x86)/raisonance/ride/arm-gcc/bin/../lib/gcc/arm-none-eabi/4.3.2/../../../../arm-none-eabi/lib/thumb2\libc.a
END GROUP
OUTPUT(D:\Embedded\intership AFT\TeamNet\Termostat\Test2\Application0.elf elf32-littlearm)

.debug_ranges   0x00000000      0x7b8
 .debug_ranges  0x00000000       0x50 D:\Embedded\intership AFT\TeamNet\Termostat\Test2\main.o
 .debug_ranges  0x00000050       0x28 D:\Embedded\intership AFT\TeamNet\Termostat\Test2\stm32f10x_it.o
 .debug_ranges  0x00000078       0x60 D:\Embedded\intership AFT\TeamNet\Termostat\Test2\sys_time.o
 .debug_ranges  0x000000d8       0xf0 D:\Embedded\intership AFT\TeamNet\Termostat\Test2\stm32f10x_flash.o
 .debug_ranges  0x000001c8       0xa0 D:\Embedded\intership AFT\TeamNet\Termostat\Test2\stm32f10x_gpio.o
 .debug_ranges  0x00000268      0x110 D:\Embedded\intership AFT\TeamNet\Termostat\Test2\stm32f10x_rcc.o
 .debug_ranges  0x00000378      0x2d8 D:\Embedded\intership AFT\TeamNet\Termostat\Test2\stm32f10x_tim.o
 .debug_ranges  0x00000650       0x38 D:\Embedded\intership AFT\TeamNet\Termostat\Test2\misc.o
 .debug_ranges  0x00000688       0x50 D:\Embedded\intership AFT\TeamNet\Termostat\Test2\stm32f10x_exti.o
 .debug_ranges  0x000006d8       0xc0 D:\Embedded\intership AFT\TeamNet\Termostat\Test2\core_cm3.o
 .debug_ranges  0x00000798       0x20 D:\Embedded\intership AFT\TeamNet\Termostat\Test2\system_stm32f10x.o

.ARM.attributes
                0x00000000       0x31
 .ARM.attributes
                0x00000000       0x31 D:\Embedded\intership AFT\TeamNet\Termostat\Test2\main.o
 .ARM.attributes
                0x00000031       0x31 D:\Embedded\intership AFT\TeamNet\Termostat\Test2\stm32f10x_it.o
 .ARM.attributes
                0x00000062       0x31 D:\Embedded\intership AFT\TeamNet\Termostat\Test2\sys_time.o
 .ARM.attributes
                0x00000093       0x31 D:\Embedded\intership AFT\TeamNet\Termostat\Test2\stm32f10x_flash.o
 .ARM.attributes
                0x000000c4       0x31 D:\Embedded\intership AFT\TeamNet\Termostat\Test2\stm32f10x_gpio.o
 .ARM.attributes
                0x000000f5       0x31 D:\Embedded\intership AFT\TeamNet\Termostat\Test2\stm32f10x_rcc.o
 .ARM.attributes
                0x00000126       0x31 D:\Embedded\intership AFT\TeamNet\Termostat\Test2\stm32f10x_tim.o
 .ARM.attributes
                0x00000157       0x31 D:\Embedded\intership AFT\TeamNet\Termostat\Test2\misc.o
 .ARM.attributes
                0x00000188       0x31 D:\Embedded\intership AFT\TeamNet\Termostat\Test2\stm32f10x_exti.o
 .ARM.attributes
                0x000001b9       0x31 D:\Embedded\intership AFT\TeamNet\Termostat\Test2\core_cm3.o
 .ARM.attributes
                0x000001ea       0x31 D:\Embedded\intership AFT\TeamNet\Termostat\Test2\system_stm32f10x.o
 .ARM.attributes
                0x0000021b       0x21 D:\Embedded\intership AFT\TeamNet\Termostat\Test2\startup_stm32f10x_md.o
