
C:\Users\Adrian\Desktop\Termostat\Test2\misc.o:     file format elf32-littlearm
C:\Users\Adrian\Desktop\Termostat\Test2\misc.o

Disassembly of section .text.NVIC_PriorityGroupConfig:

00000000 <NVIC_PriorityGroupConfig>:
NVIC_PriorityGroupConfig():
C:\Users\Adrian\Desktop\Termostat\Test2\Libraries\STM32F10x_StdPeriph_Driver\src/misc.c:102
{
  /* Check the parameters */
  assert_param(IS_NVIC_PRIORITY_GROUP(NVIC_PriorityGroup));
  
  /* Set the PRIGROUP[10:8] bits according to NVIC_PriorityGroup value */
  SCB->AIRCR = AIRCR_VECTKEY_MASK | NVIC_PriorityGroup;
   0:	f240 0300 	movw	r3, #0	; 0x0
   4:	f2c0 53fa 	movt	r3, #1530	; 0x5fa
   8:	ea40 0003 	orr.w	r0, r0, r3
   c:	f64e 5300 	movw	r3, #60672	; 0xed00
  10:	f2ce 0300 	movt	r3, #57344	; 0xe000
  14:	60d8      	str	r0, [r3, #12]
C:\Users\Adrian\Desktop\Termostat\Test2\Libraries\STM32F10x_StdPeriph_Driver\src/misc.c:103
}
  16:	4770      	bx	lr
Disassembly of section .text.NVIC_Init:

00000000 <NVIC_Init>:
NVIC_Init():
C:\Users\Adrian\Desktop\Termostat\Test2\Libraries\STM32F10x_StdPeriph_Driver\src/misc.c:121
  /* Check the parameters */
  assert_param(IS_FUNCTIONAL_STATE(NVIC_InitStruct->NVIC_IRQChannelCmd));
  assert_param(IS_NVIC_PREEMPTION_PRIORITY(NVIC_InitStruct->NVIC_IRQChannelPreemptionPriority));  
  assert_param(IS_NVIC_SUB_PRIORITY(NVIC_InitStruct->NVIC_IRQChannelSubPriority));
    
  if (NVIC_InitStruct->NVIC_IRQChannelCmd != DISABLE)
   0:	78c3      	ldrb	r3, [r0, #3]
   2:	b37b      	cbz	r3, 64 <NVIC_Init+0x64>
C:\Users\Adrian\Desktop\Termostat\Test2\Libraries\STM32F10x_StdPeriph_Driver\src/misc.c:124
  {
    /* Compute the Corresponding IRQ Priority --------------------------------*/    
    tmppriority = (0x700 - ((SCB->AIRCR) & (uint32_t)0x700))>> 0x08;
   4:	f64e 5300 	movw	r3, #60672	; 0xed00
   8:	f2ce 0300 	movt	r3, #57344	; 0xe000
   c:	68db      	ldr	r3, [r3, #12]
   e:	ea6f 0303 	mvn.w	r3, r3
  12:	f403 63e0 	and.w	r3, r3, #1792	; 0x700
  16:	ea4f 2313 	mov.w	r3, r3, lsr #8
C:\Users\Adrian\Desktop\Termostat\Test2\Libraries\STM32F10x_StdPeriph_Driver\src/misc.c:128
    tmppre = (0x4 - tmppriority);
    tmpsub = tmpsub >> tmppriority;

    tmppriority = (uint32_t)NVIC_InitStruct->NVIC_IRQChannelPreemptionPriority << tmppre;
  1a:	f1c3 0204 	rsb	r2, r3, #4	; 0x4
  1e:	7841      	ldrb	r1, [r0, #1]
  20:	fa01 f102 	lsl.w	r1, r1, r2
C:\Users\Adrian\Desktop\Termostat\Test2\Libraries\STM32F10x_StdPeriph_Driver\src/misc.c:129
    tmppriority |=  NVIC_InitStruct->NVIC_IRQChannelSubPriority & tmpsub;
  24:	f04f 020f 	mov.w	r2, #15	; 0xf
  28:	fa22 f203 	lsr.w	r2, r2, r3
  2c:	7883      	ldrb	r3, [r0, #2]
  2e:	ea02 0203 	and.w	r2, r2, r3
  32:	ea42 0201 	orr.w	r2, r2, r1
C:\Users\Adrian\Desktop\Termostat\Test2\Libraries\STM32F10x_StdPeriph_Driver\src/misc.c:132
    tmppriority = tmppriority << 0x04;
        
    NVIC->IP[NVIC_InitStruct->NVIC_IRQChannel] = tmppriority;
  36:	7800      	ldrb	r0, [r0, #0]
  38:	ea4f 1202 	mov.w	r2, r2, lsl #4
  3c:	b2d2      	uxtb	r2, r2
  3e:	f24e 1100 	movw	r1, #57600	; 0xe100
  42:	f2ce 0100 	movt	r1, #57344	; 0xe000
  46:	eb01 0300 	add.w	r3, r1, r0
  4a:	f883 2300 	strb.w	r2, [r3, #768]
C:\Users\Adrian\Desktop\Termostat\Test2\Libraries\STM32F10x_StdPeriph_Driver\src/misc.c:135
    
    /* Enable the Selected IRQ Channels --------------------------------------*/
    NVIC->ISER[NVIC_InitStruct->NVIC_IRQChannel >> 0x05] =
  4e:	ea4f 1250 	mov.w	r2, r0, lsr #5
  52:	f000 001f 	and.w	r0, r0, #31	; 0x1f
  56:	f04f 0301 	mov.w	r3, #1	; 0x1
  5a:	fa03 f300 	lsl.w	r3, r3, r0
  5e:	f841 3022 	str.w	r3, [r1, r2, lsl #2]
  62:	e010      	b.n	86 <NVIC_Init+0x86>
C:\Users\Adrian\Desktop\Termostat\Test2\Libraries\STM32F10x_StdPeriph_Driver\src/misc.c:141
      (uint32_t)0x01 << (NVIC_InitStruct->NVIC_IRQChannel & (uint8_t)0x1F);
  }
  else
  {
    /* Disable the Selected IRQ Channels -------------------------------------*/
    NVIC->ICER[NVIC_InitStruct->NVIC_IRQChannel >> 0x05] =
  64:	7803      	ldrb	r3, [r0, #0]
  66:	ea4f 1153 	mov.w	r1, r3, lsr #5
  6a:	f003 031f 	and.w	r3, r3, #31	; 0x1f
  6e:	f04f 0201 	mov.w	r2, #1	; 0x1
  72:	fa02 f203 	lsl.w	r2, r2, r3
  76:	f24e 1300 	movw	r3, #57600	; 0xe100
  7a:	f2ce 0300 	movt	r3, #57344	; 0xe000
  7e:	f101 0120 	add.w	r1, r1, #32	; 0x20
  82:	f843 2021 	str.w	r2, [r3, r1, lsl #2]
C:\Users\Adrian\Desktop\Termostat\Test2\Libraries\STM32F10x_StdPeriph_Driver\src/misc.c:144
      (uint32_t)0x01 << (NVIC_InitStruct->NVIC_IRQChannel & (uint8_t)0x1F);
  }
}
  86:	4770      	bx	lr
Disassembly of section .text.NVIC_SetVectorTable:

00000000 <NVIC_SetVectorTable>:
NVIC_SetVectorTable():
C:\Users\Adrian\Desktop\Termostat\Test2\Libraries\STM32F10x_StdPeriph_Driver\src/misc.c:162
{ 
  /* Check the parameters */
  assert_param(IS_NVIC_VECTTAB(NVIC_VectTab));
  assert_param(IS_NVIC_OFFSET(Offset));  
   
  SCB->VTOR = NVIC_VectTab | (Offset & (uint32_t)0x1FFFFF80);
   0:	f64f 7380 	movw	r3, #65408	; 0xff80
   4:	f6c1 73ff 	movt	r3, #8191	; 0x1fff
   8:	ea01 0103 	and.w	r1, r1, r3
   c:	ea41 0100 	orr.w	r1, r1, r0
  10:	f64e 5300 	movw	r3, #60672	; 0xed00
  14:	f2ce 0300 	movt	r3, #57344	; 0xe000
  18:	6099      	str	r1, [r3, #8]
C:\Users\Adrian\Desktop\Termostat\Test2\Libraries\STM32F10x_StdPeriph_Driver\src/misc.c:163
}
  1a:	4770      	bx	lr
Disassembly of section .text.NVIC_SystemLPConfig:

00000000 <NVIC_SystemLPConfig>:
NVIC_SystemLPConfig():
C:\Users\Adrian\Desktop\Termostat\Test2\Libraries\STM32F10x_StdPeriph_Driver\src/misc.c:181
{
  /* Check the parameters */
  assert_param(IS_NVIC_LP(LowPowerMode));
  assert_param(IS_FUNCTIONAL_STATE(NewState));  
  
  if (NewState != DISABLE)
   0:	b141      	cbz	r1, 14 <NVIC_SystemLPConfig+0x14>
C:\Users\Adrian\Desktop\Termostat\Test2\Libraries\STM32F10x_StdPeriph_Driver\src/misc.c:183
  {
    SCB->SCR |= LowPowerMode;
   2:	f64e 5200 	movw	r2, #60672	; 0xed00
   6:	f2ce 0200 	movt	r2, #57344	; 0xe000
   a:	6913      	ldr	r3, [r2, #16]
   c:	ea40 0303 	orr.w	r3, r0, r3
  10:	6113      	str	r3, [r2, #16]
  12:	e009      	b.n	28 <NVIC_SystemLPConfig+0x28>
C:\Users\Adrian\Desktop\Termostat\Test2\Libraries\STM32F10x_StdPeriph_Driver\src/misc.c:187
  }
  else
  {
    SCB->SCR &= (uint32_t)(~(uint32_t)LowPowerMode);
  14:	f64e 5300 	movw	r3, #60672	; 0xed00
  18:	f2ce 0300 	movt	r3, #57344	; 0xe000
  1c:	6919      	ldr	r1, [r3, #16]
  1e:	ea6f 0200 	mvn.w	r2, r0
  22:	ea02 0201 	and.w	r2, r2, r1
  26:	611a      	str	r2, [r3, #16]
C:\Users\Adrian\Desktop\Termostat\Test2\Libraries\STM32F10x_StdPeriph_Driver\src/misc.c:189
  }
}
  28:	4770      	bx	lr
  2a:	46c0      	nop			(mov r8, r8)
Disassembly of section .text.SysTick_CLKSourceConfig:

00000000 <SysTick_CLKSourceConfig>:
SysTick_CLKSourceConfig():
C:\Users\Adrian\Desktop\Termostat\Test2\Libraries\STM32F10x_StdPeriph_Driver\src/misc.c:203
  */
void SysTick_CLKSourceConfig(uint32_t SysTick_CLKSource)
{
  /* Check the parameters */
  assert_param(IS_SYSTICK_CLK_SOURCE(SysTick_CLKSource));
  if (SysTick_CLKSource == SysTick_CLKSource_HCLK)
   0:	2804      	cmp	r0, #4
C:\Users\Adrian\Desktop\Termostat\Test2\Libraries\STM32F10x_StdPeriph_Driver\src/misc.c:205
  {
    SysTick->CTRL |= SysTick_CLKSource_HCLK;
   2:	bf01      	itttt	eq
   4:	f24e 0210 	movweq	r2, #57360	; 0xe010
   8:	f2ce 0200 	movteq	r2, #57344	; 0xe000
   c:	6813      	ldreq	r3, [r2, #0]
   e:	f043 0304 	orreq.w	r3, r3, #4	; 0x4
  12:	bf0f      	iteee	eq
  14:	6013      	streq	r3, [r2, #0]
C:\Users\Adrian\Desktop\Termostat\Test2\Libraries\STM32F10x_StdPeriph_Driver\src/misc.c:209
  }
  else
  {
    SysTick->CTRL &= SysTick_CLKSource_HCLK_Div8;
  16:	f24e 0210 	movwne	r2, #57360	; 0xe010
  1a:	f2ce 0200 	movtne	r2, #57344	; 0xe000
  1e:	6813      	ldrne	r3, [r2, #0]
  20:	bf1c      	itt	ne
  22:	f023 0304 	bicne.w	r3, r3, #4	; 0x4
  26:	6013      	strne	r3, [r2, #0]
C:\Users\Adrian\Desktop\Termostat\Test2\Libraries\STM32F10x_StdPeriph_Driver\src/misc.c:211
  }
}
  28:	4770      	bx	lr
  2a:	46c0      	nop			(mov r8, r8)
