
D:\Embedded\intership AFT\TeamNet\documents-export-2013-11-26\Termostat\Test2\stm32f10x_it.o:     file format elf32-littlearm
D:\Embedded\intership AFT\TeamNet\documents-export-2013-11-26\Termostat\Test2\stm32f10x_it.o

Disassembly of section .text.TIM4_IRQHandler:

00000000 <TIM4_IRQHandler>:
TIM4_IRQHandler():
D:\Embedded\intership AFT\TeamNet\documents-export-2013-11-26\Termostat\Test2\Sources/stm32f10x_it.c:75
* Input          : None
* Output         : None
* Return         : None
*******************************************************************************/
void TIM4_IRQHandler(void)
{
   0:	e92d 4370 	stmdb	sp!, {r4, r5, r6, r8, r9, lr}
D:\Embedded\intership AFT\TeamNet\documents-export-2013-11-26\Termostat\Test2\Sources/stm32f10x_it.c:78
 /* Clear TIM2 Capture compare interrupt pending bit */

  if(TIM_GetFlagStatus(TIM4, TIM_FLAG_CC2) == SET)
   4:	f640 0000 	movw	r0, #2048	; 0x800
   8:	f2c4 0000 	movt	r0, #16384	; 0x4000
   c:	f04f 0104 	mov.w	r1, #4	; 0x4
  10:	f7ff fffe 	bl	0 <TIM_GetFlagStatus>
  14:	2801      	cmp	r0, #1
  16:	d167      	bne.n	e8 <TIM4_IRQHandler+0xe8>
D:\Embedded\intership AFT\TeamNet\documents-export-2013-11-26\Termostat\Test2\Sources/stm32f10x_it.c:81
   {
    
  TIM_ClearITPendingBit(TIM4, TIM_IT_CC2);
  18:	f640 0400 	movw	r4, #2048	; 0x800
  1c:	f2c4 0400 	movt	r4, #16384	; 0x4000
  20:	4620      	mov	r0, r4
  22:	f04f 0104 	mov.w	r1, #4	; 0x4
  26:	f7ff fffe 	bl	0 <TIM_ClearITPendingBit>
D:\Embedded\intership AFT\TeamNet\documents-export-2013-11-26\Termostat\Test2\Sources/stm32f10x_it.c:84

  /* Get the Input Capture value */
  IC2Value = TIM_GetCapture2(TIM4);
  2a:	4620      	mov	r0, r4
  2c:	f7ff fffe 	bl	0 <TIM_GetCapture2>
  30:	f240 0300 	movw	r3, #0	; 0x0
  34:	f2c0 0300 	movt	r3, #0	; 0x0
  38:	8018      	strh	r0, [r3, #0]
D:\Embedded\intership AFT\TeamNet\documents-export-2013-11-26\Termostat\Test2\Sources/stm32f10x_it.c:86

  if (IC2Value != 0)
  3a:	881b      	ldrh	r3, [r3, #0]
  3c:	b29b      	uxth	r3, r3
  3e:	2b00      	cmp	r3, #0
  40:	d048      	beq.n	d4 <TIM4_IRQHandler+0xd4>
D:\Embedded\intership AFT\TeamNet\documents-export-2013-11-26\Termostat\Test2\Sources/stm32f10x_it.c:89
  {
    /* Duty cycle computation */
    DutyCycle = 100 - (TIM_GetCapture1(TIM4) * 100.0)/ IC2Value;
  42:	f640 0000 	movw	r0, #2048	; 0x800
  46:	f2c4 0000 	movt	r0, #16384	; 0x4000
  4a:	f7ff fffe 	bl	0 <TIM_GetCapture1>
  4e:	f240 0500 	movw	r5, #0	; 0x0
  52:	f2c0 0500 	movt	r5, #0	; 0x0
  56:	882c      	ldrh	r4, [r5, #0]
  58:	b2a4      	uxth	r4, r4
  5a:	f7ff fffe 	bl	0 <__aeabi_i2d>
  5e:	f04f 0200 	mov.w	r2, #0	; 0x0
  62:	f240 0300 	movw	r3, #0	; 0x0
  66:	f2cc 0359 	movt	r3, #49241	; 0xc059
  6a:	f7ff fffe 	bl	0 <__aeabi_dmul>
  6e:	4680      	mov	r8, r0
  70:	4689      	mov	r9, r1
  72:	4620      	mov	r0, r4
  74:	f7ff fffe 	bl	0 <__aeabi_i2d>
  78:	4602      	mov	r2, r0
  7a:	460b      	mov	r3, r1
  7c:	4640      	mov	r0, r8
  7e:	4649      	mov	r1, r9
  80:	f7ff fffe 	bl	0 <__aeabi_ddiv>
  84:	f04f 0200 	mov.w	r2, #0	; 0x0
  88:	f240 0300 	movw	r3, #0	; 0x0
  8c:	f2c4 0359 	movt	r3, #16473	; 0x4059
  90:	f7ff fffe 	bl	0 <__aeabi_dadd>
  94:	f7ff fffe 	bl	0 <__aeabi_d2f>
  98:	6068      	str	r0, [r5, #4]
D:\Embedded\intership AFT\TeamNet\documents-export-2013-11-26\Termostat\Test2\Sources/stm32f10x_it.c:90
    Temp = (DutyCycle - 32) / 0.47;
  9a:	6868      	ldr	r0, [r5, #4]
  9c:	f04f 4184 	mov.w	r1, #1107296256	; 0x42000000
  a0:	f7ff fffe 	bl	0 <__aeabi_fsub>
  a4:	f7ff fffe 	bl	0 <__aeabi_f2d>
  a8:	a311      	add	r3, pc, #68	(adr r3, f0 <TIM4_IRQHandler+0xf0>)
  aa:	e9d3 2300 	ldrd	r2, r3, [r3]
  ae:	f7ff fffe 	bl	0 <__aeabi_ddiv>
  b2:	f7ff fffe 	bl	0 <__aeabi_d2f>
  b6:	60a8      	str	r0, [r5, #8]
D:\Embedded\intership AFT\TeamNet\documents-export-2013-11-26\Termostat\Test2\Sources/stm32f10x_it.c:91
    TempInt = Temp;
  b8:	68a8      	ldr	r0, [r5, #8]
  ba:	f7ff fffe 	bl	0 <__aeabi_f2iz>
  be:	60e8      	str	r0, [r5, #12]
D:\Embedded\intership AFT\TeamNet\documents-export-2013-11-26\Termostat\Test2\Sources/stm32f10x_it.c:93
    /* Frequency computation */
    Frequency = 72000000 / IC2Value;
  c0:	882a      	ldrh	r2, [r5, #0]
  c2:	b292      	uxth	r2, r2
  c4:	f24a 2300 	movw	r3, #41472	; 0xa200
  c8:	f2c0 434a 	movt	r3, #1098	; 0x44a
  cc:	fb93 f3f2 	sdiv	r3, r3, r2
  d0:	612b      	str	r3, [r5, #16]
  d2:	e009      	b.n	e8 <TIM4_IRQHandler+0xe8>
D:\Embedded\intership AFT\TeamNet\documents-export-2013-11-26\Termostat\Test2\Sources/stm32f10x_it.c:97
  }
  else
  {
    DutyCycle = 0;
  d4:	f240 0300 	movw	r3, #0	; 0x0
  d8:	f2c0 0300 	movt	r3, #0	; 0x0
  dc:	f04f 0200 	mov.w	r2, #0	; 0x0
  e0:	605a      	str	r2, [r3, #4]
D:\Embedded\intership AFT\TeamNet\documents-export-2013-11-26\Termostat\Test2\Sources/stm32f10x_it.c:98
    Frequency = 0;
  e2:	f04f 0200 	mov.w	r2, #0	; 0x0
  e6:	611a      	str	r2, [r3, #16]
D:\Embedded\intership AFT\TeamNet\documents-export-2013-11-26\Termostat\Test2\Sources/stm32f10x_it.c:101
  }
    }
}
  e8:	e8bd 8370 	ldmia.w	sp!, {r4, r5, r6, r8, r9, pc}
  ec:	46c0      	nop			(mov r8, r8)
  ee:	46c0      	nop			(mov r8, r8)
  f0:	e147ae14 	.word	0xe147ae14
  f4:	3fde147a 	.word	0x3fde147a
Disassembly of section .text.EXTI9_5_IRQHandler:

00000000 <EXTI9_5_IRQHandler>:
EXTI9_5_IRQHandler():
D:\Embedded\intership AFT\TeamNet\documents-export-2013-11-26\Termostat\Test2\Sources/stm32f10x_it.c:47
* Output         : None
* Return         : None
*******************************************************************************/

void EXTI9_5_IRQHandler(void)
{
   0:	b510      	push	{r4, lr}
D:\Embedded\intership AFT\TeamNet\documents-export-2013-11-26\Termostat\Test2\Sources/stm32f10x_it.c:48
   if(EXTI_GetITStatus(EXTI_Line8) != RESET)
   2:	f44f 7080 	mov.w	r0, #256	; 0x100
   6:	f7ff fffe 	bl	0 <EXTI_GetITStatus>
   a:	b388      	cbz	r0, 70 <EXTI9_5_IRQHandler+0x70>
D:\Embedded\intership AFT\TeamNet\documents-export-2013-11-26\Termostat\Test2\Sources/stm32f10x_it.c:51
  {
    
    state = GPIO_ReadInputDataBit(GPIOA, GPIO_Pin_9);
   c:	f640 0000 	movw	r0, #2048	; 0x800
  10:	f2c4 0001 	movt	r0, #16385	; 0x4001
  14:	f44f 7100 	mov.w	r1, #512	; 0x200
  18:	f7ff fffe 	bl	0 <GPIO_ReadInputDataBit>
  1c:	f240 0300 	movw	r3, #0	; 0x0
  20:	f2c0 0300 	movt	r3, #0	; 0x0
  24:	7018      	strb	r0, [r3, #0]
D:\Embedded\intership AFT\TeamNet\documents-export-2013-11-26\Termostat\Test2\Sources/stm32f10x_it.c:53
  
    if(state == 1)
  26:	781b      	ldrb	r3, [r3, #0]
  28:	2b01      	cmp	r3, #1
  2a:	d109      	bne.n	40 <EXTI9_5_IRQHandler+0x40>
D:\Embedded\intership AFT\TeamNet\documents-export-2013-11-26\Termostat\Test2\Sources/stm32f10x_it.c:55
    {
        val = val -50;
  2c:	f240 0200 	movw	r2, #0	; 0x0
  30:	f2c0 0200 	movt	r2, #0	; 0x0
  34:	8a93      	ldrh	r3, [r2, #20]
  36:	f1a3 0332 	sub.w	r3, r3, #50	; 0x32
  3a:	b29b      	uxth	r3, r3
  3c:	8293      	strh	r3, [r2, #20]
  3e:	e008      	b.n	52 <EXTI9_5_IRQHandler+0x52>
D:\Embedded\intership AFT\TeamNet\documents-export-2013-11-26\Termostat\Test2\Sources/stm32f10x_it.c:59
    }
    else
    {
       val = val +50;
  40:	f240 0200 	movw	r2, #0	; 0x0
  44:	f2c0 0200 	movt	r2, #0	; 0x0
  48:	8a93      	ldrh	r3, [r2, #20]
  4a:	f103 0332 	add.w	r3, r3, #50	; 0x32
  4e:	b29b      	uxth	r3, r3
  50:	8293      	strh	r3, [r2, #20]
D:\Embedded\intership AFT\TeamNet\documents-export-2013-11-26\Termostat\Test2\Sources/stm32f10x_it.c:61
    }
    TIM3->CCR1 = val;
  52:	f240 0300 	movw	r3, #0	; 0x0
  56:	f2c0 0300 	movt	r3, #0	; 0x0
  5a:	8a9a      	ldrh	r2, [r3, #20]
  5c:	b292      	uxth	r2, r2
  5e:	f240 4300 	movw	r3, #1024	; 0x400
  62:	f2c4 0300 	movt	r3, #16384	; 0x4000
  66:	869a      	strh	r2, [r3, #52]
D:\Embedded\intership AFT\TeamNet\documents-export-2013-11-26\Termostat\Test2\Sources/stm32f10x_it.c:63
    /* Clear the Key Button EXTI line pending bit */
    EXTI_ClearITPendingBit(EXTI_Line8);
  68:	f44f 7080 	mov.w	r0, #256	; 0x100
  6c:	f7ff fffe 	bl	0 <EXTI_ClearITPendingBit>
D:\Embedded\intership AFT\TeamNet\documents-export-2013-11-26\Termostat\Test2\Sources/stm32f10x_it.c:65
  }
}
  70:	bd10      	pop	{r4, pc}
  72:	46c0      	nop			(mov r8, r8)
