
D:\Embedded\intership AFT\TeamNet\Termostat\Test2\stm32f10x_rcc.o:     file format elf32-littlearm
D:\Embedded\intership AFT\TeamNet\Termostat\Test2\stm32f10x_rcc.o

Disassembly of section .text.RCC_DeInit:

00000000 <RCC_DeInit>:
RCC_DeInit():
D:\Embedded\intership AFT\TeamNet\Termostat\Test2\Libraries\STM32F10x_StdPeriph_Driver\src/stm32f10x_rcc.c:220
  * @retval None
  */
void RCC_DeInit(void)
{
  /* Set HSION bit */
  RCC->CR |= (uint32_t)0x00000001;
   0:	f241 0100 	movw	r1, #4096	; 0x1000
   4:	f2c4 0102 	movt	r1, #16386	; 0x4002
   8:	680b      	ldr	r3, [r1, #0]
   a:	f043 0301 	orr.w	r3, r3, #1	; 0x1
   e:	600b      	str	r3, [r1, #0]
D:\Embedded\intership AFT\TeamNet\Termostat\Test2\Libraries\STM32F10x_StdPeriph_Driver\src/stm32f10x_rcc.c:224

  /* Reset SW, HPRE, PPRE1, PPRE2, ADCPRE and MCO bits */
#ifndef STM32F10X_CL
  RCC->CFGR &= (uint32_t)0xF8FF0000;
  10:	684a      	ldr	r2, [r1, #4]
  12:	f240 0300 	movw	r3, #0	; 0x0
  16:	f6cf 03ff 	movt	r3, #63743	; 0xf8ff
  1a:	ea02 0203 	and.w	r2, r2, r3
  1e:	604a      	str	r2, [r1, #4]
D:\Embedded\intership AFT\TeamNet\Termostat\Test2\Libraries\STM32F10x_StdPeriph_Driver\src/stm32f10x_rcc.c:230
#else
  RCC->CFGR &= (uint32_t)0xF0FF0000;
#endif /* STM32F10X_CL */   
  
  /* Reset HSEON, CSSON and PLLON bits */
  RCC->CR &= (uint32_t)0xFEF6FFFF;
  20:	680a      	ldr	r2, [r1, #0]
  22:	f64f 73ff 	movw	r3, #65535	; 0xffff
  26:	f6cf 63f6 	movt	r3, #65270	; 0xfef6
  2a:	ea02 0203 	and.w	r2, r2, r3
  2e:	600a      	str	r2, [r1, #0]
D:\Embedded\intership AFT\TeamNet\Termostat\Test2\Libraries\STM32F10x_StdPeriph_Driver\src/stm32f10x_rcc.c:233

  /* Reset HSEBYP bit */
  RCC->CR &= (uint32_t)0xFFFBFFFF;
  30:	680b      	ldr	r3, [r1, #0]
  32:	f423 2380 	bic.w	r3, r3, #262144	; 0x40000
  36:	600b      	str	r3, [r1, #0]
D:\Embedded\intership AFT\TeamNet\Termostat\Test2\Libraries\STM32F10x_StdPeriph_Driver\src/stm32f10x_rcc.c:236

  /* Reset PLLSRC, PLLXTPRE, PLLMUL and USBPRE/OTGFSPRE bits */
  RCC->CFGR &= (uint32_t)0xFF80FFFF;
  38:	684b      	ldr	r3, [r1, #4]
  3a:	f423 03fe 	bic.w	r3, r3, #8323072	; 0x7f0000
  3e:	604b      	str	r3, [r1, #4]
D:\Embedded\intership AFT\TeamNet\Termostat\Test2\Libraries\STM32F10x_StdPeriph_Driver\src/stm32f10x_rcc.c:255

  /* Reset CFGR2 register */
  RCC->CFGR2 = 0x00000000;      
#else
  /* Disable all interrupts and clear pending bits  */
  RCC->CIR = 0x009F0000;
  40:	f44f 031f 	mov.w	r3, #10420224	; 0x9f0000
  44:	608b      	str	r3, [r1, #8]
D:\Embedded\intership AFT\TeamNet\Termostat\Test2\Libraries\STM32F10x_StdPeriph_Driver\src/stm32f10x_rcc.c:258
#endif /* STM32F10X_CL */

}
  46:	4770      	bx	lr
Disassembly of section .text.RCC_HSEConfig:

00000000 <RCC_HSEConfig>:
RCC_HSEConfig():
D:\Embedded\intership AFT\TeamNet\Termostat\Test2\Libraries\STM32F10x_StdPeriph_Driver\src/stm32f10x_rcc.c:276
{
  /* Check the parameters */
  assert_param(IS_RCC_HSE(RCC_HSE));
  /* Reset HSEON and HSEBYP bits before configuring the HSE ------------------*/
  /* Reset HSEON bit */
  RCC->CR &= CR_HSEON_Reset;
   0:	f241 0300 	movw	r3, #4096	; 0x1000
   4:	f2c4 0302 	movt	r3, #16386	; 0x4002
   8:	681a      	ldr	r2, [r3, #0]
   a:	f422 3280 	bic.w	r2, r2, #65536	; 0x10000
   e:	601a      	str	r2, [r3, #0]
D:\Embedded\intership AFT\TeamNet\Termostat\Test2\Libraries\STM32F10x_StdPeriph_Driver\src/stm32f10x_rcc.c:278
  /* Reset HSEBYP bit */
  RCC->CR &= CR_HSEBYP_Reset;
  10:	681a      	ldr	r2, [r3, #0]
  12:	f422 2280 	bic.w	r2, r2, #262144	; 0x40000
  16:	601a      	str	r2, [r3, #0]
D:\Embedded\intership AFT\TeamNet\Termostat\Test2\Libraries\STM32F10x_StdPeriph_Driver\src/stm32f10x_rcc.c:280
  /* Configure HSE (RCC_HSE_OFF is already covered by the code section above) */
  switch(RCC_HSE)
  18:	f5b0 3f80 	cmp.w	r0, #65536	; 0x10000
  1c:	d003      	beq.n	26 <RCC_HSEConfig+0x26>
  1e:	f5b0 2f80 	cmp.w	r0, #262144	; 0x40000
  22:	d111      	bne.n	48 <RCC_HSEConfig+0x48>
  24:	e008      	b.n	38 <RCC_HSEConfig+0x38>
D:\Embedded\intership AFT\TeamNet\Termostat\Test2\Libraries\STM32F10x_StdPeriph_Driver\src/stm32f10x_rcc.c:284
  {
    case RCC_HSE_ON:
      /* Set HSEON bit */
      RCC->CR |= CR_HSEON_Set;
  26:	f241 0200 	movw	r2, #4096	; 0x1000
  2a:	f2c4 0202 	movt	r2, #16386	; 0x4002
  2e:	6813      	ldr	r3, [r2, #0]
  30:	f443 3380 	orr.w	r3, r3, #65536	; 0x10000
  34:	6013      	str	r3, [r2, #0]
  36:	e007      	b.n	48 <RCC_HSEConfig+0x48>
D:\Embedded\intership AFT\TeamNet\Termostat\Test2\Libraries\STM32F10x_StdPeriph_Driver\src/stm32f10x_rcc.c:289
      break;
      
    case RCC_HSE_Bypass:
      /* Set HSEBYP and HSEON bits */
      RCC->CR |= CR_HSEBYP_Set | CR_HSEON_Set;
  38:	f241 0200 	movw	r2, #4096	; 0x1000
  3c:	f2c4 0202 	movt	r2, #16386	; 0x4002
  40:	6813      	ldr	r3, [r2, #0]
  42:	f443 23a0 	orr.w	r3, r3, #327680	; 0x50000
  46:	6013      	str	r3, [r2, #0]
D:\Embedded\intership AFT\TeamNet\Termostat\Test2\Libraries\STM32F10x_StdPeriph_Driver\src/stm32f10x_rcc.c:295
      break;
      
    default:
      break;
  }
}
  48:	4770      	bx	lr
  4a:	46c0      	nop			(mov r8, r8)
Disassembly of section .text.RCC_AdjustHSICalibrationValue:

00000000 <RCC_AdjustHSICalibrationValue>:
RCC_AdjustHSICalibrationValue():
D:\Embedded\intership AFT\TeamNet\Termostat\Test2\Libraries\STM32F10x_StdPeriph_Driver\src/stm32f10x_rcc.c:339
void RCC_AdjustHSICalibrationValue(uint8_t HSICalibrationValue)
{
  uint32_t tmpreg = 0;
  /* Check the parameters */
  assert_param(IS_RCC_CALIBRATION_VALUE(HSICalibrationValue));
  tmpreg = RCC->CR;
   0:	f241 0200 	movw	r2, #4096	; 0x1000
   4:	f2c4 0202 	movt	r2, #16386	; 0x4002
   8:	6813      	ldr	r3, [r2, #0]
D:\Embedded\intership AFT\TeamNet\Termostat\Test2\Libraries\STM32F10x_StdPeriph_Driver\src/stm32f10x_rcc.c:341
  /* Clear HSITRIM[4:0] bits */
  tmpreg &= CR_HSITRIM_Mask;
   a:	f023 03f8 	bic.w	r3, r3, #248	; 0xf8
D:\Embedded\intership AFT\TeamNet\Termostat\Test2\Libraries\STM32F10x_StdPeriph_Driver\src/stm32f10x_rcc.c:343
  /* Set the HSITRIM[4:0] bits according to HSICalibrationValue value */
  tmpreg |= (uint32_t)HSICalibrationValue << 3;
   e:	ea43 03c0 	orr.w	r3, r3, r0, lsl #3
D:\Embedded\intership AFT\TeamNet\Termostat\Test2\Libraries\STM32F10x_StdPeriph_Driver\src/stm32f10x_rcc.c:345
  /* Store the new value */
  RCC->CR = tmpreg;
  12:	6013      	str	r3, [r2, #0]
D:\Embedded\intership AFT\TeamNet\Termostat\Test2\Libraries\STM32F10x_StdPeriph_Driver\src/stm32f10x_rcc.c:346
}
  14:	4770      	bx	lr
  16:	46c0      	nop			(mov r8, r8)
Disassembly of section .text.RCC_HSICmd:

00000000 <RCC_HSICmd>:
RCC_HSICmd():
D:\Embedded\intership AFT\TeamNet\Termostat\Test2\Libraries\STM32F10x_StdPeriph_Driver\src/stm32f10x_rcc.c:358
  */
void RCC_HSICmd(FunctionalState NewState)
{
  /* Check the parameters */
  assert_param(IS_FUNCTIONAL_STATE(NewState));
  *(__IO uint32_t *) CR_HSION_BB = (uint32_t)NewState;
   0:	f240 0300 	movw	r3, #0	; 0x0
   4:	f2c4 2342 	movt	r3, #16962	; 0x4242
   8:	6018      	str	r0, [r3, #0]
D:\Embedded\intership AFT\TeamNet\Termostat\Test2\Libraries\STM32F10x_StdPeriph_Driver\src/stm32f10x_rcc.c:359
}
   a:	4770      	bx	lr
Disassembly of section .text.RCC_PLLConfig:

00000000 <RCC_PLLConfig>:
RCC_PLLConfig():
D:\Embedded\intership AFT\TeamNet\Termostat\Test2\Libraries\STM32F10x_StdPeriph_Driver\src/stm32f10x_rcc.c:386

  /* Check the parameters */
  assert_param(IS_RCC_PLL_SOURCE(RCC_PLLSource));
  assert_param(IS_RCC_PLL_MUL(RCC_PLLMul));

  tmpreg = RCC->CFGR;
   0:	f241 0300 	movw	r3, #4096	; 0x1000
   4:	f2c4 0302 	movt	r3, #16386	; 0x4002
   8:	685a      	ldr	r2, [r3, #4]
D:\Embedded\intership AFT\TeamNet\Termostat\Test2\Libraries\STM32F10x_StdPeriph_Driver\src/stm32f10x_rcc.c:390
  /* Clear PLLSRC, PLLXTPRE and PLLMUL[3:0] bits */
  tmpreg &= CFGR_PLL_Mask;
  /* Set the PLL configuration bits */
  tmpreg |= RCC_PLLSource | RCC_PLLMul;
   a:	f422 127c 	bic.w	r2, r2, #4128768	; 0x3f0000
   e:	ea40 0002 	orr.w	r0, r0, r2
  12:	ea40 0001 	orr.w	r0, r0, r1
D:\Embedded\intership AFT\TeamNet\Termostat\Test2\Libraries\STM32F10x_StdPeriph_Driver\src/stm32f10x_rcc.c:392
  /* Store the new value */
  RCC->CFGR = tmpreg;
  16:	6058      	str	r0, [r3, #4]
D:\Embedded\intership AFT\TeamNet\Termostat\Test2\Libraries\STM32F10x_StdPeriph_Driver\src/stm32f10x_rcc.c:393
}
  18:	4770      	bx	lr
  1a:	46c0      	nop			(mov r8, r8)
Disassembly of section .text.RCC_PLLCmd:

00000000 <RCC_PLLCmd>:
RCC_PLLCmd():
D:\Embedded\intership AFT\TeamNet\Termostat\Test2\Libraries\STM32F10x_StdPeriph_Driver\src/stm32f10x_rcc.c:406
void RCC_PLLCmd(FunctionalState NewState)
{
  /* Check the parameters */
  assert_param(IS_FUNCTIONAL_STATE(NewState));

  *(__IO uint32_t *) CR_PLLON_BB = (uint32_t)NewState;
   0:	f240 0360 	movw	r3, #96	; 0x60
   4:	f2c4 2342 	movt	r3, #16962	; 0x4242
   8:	6018      	str	r0, [r3, #0]
D:\Embedded\intership AFT\TeamNet\Termostat\Test2\Libraries\STM32F10x_StdPeriph_Driver\src/stm32f10x_rcc.c:407
}
   a:	4770      	bx	lr
Disassembly of section .text.RCC_SYSCLKConfig:

00000000 <RCC_SYSCLKConfig>:
RCC_SYSCLKConfig():
D:\Embedded\intership AFT\TeamNet\Termostat\Test2\Libraries\STM32F10x_StdPeriph_Driver\src/stm32f10x_rcc.c:569
void RCC_SYSCLKConfig(uint32_t RCC_SYSCLKSource)
{
  uint32_t tmpreg = 0;
  /* Check the parameters */
  assert_param(IS_RCC_SYSCLK_SOURCE(RCC_SYSCLKSource));
  tmpreg = RCC->CFGR;
   0:	f241 0300 	movw	r3, #4096	; 0x1000
   4:	f2c4 0302 	movt	r3, #16386	; 0x4002
   8:	685a      	ldr	r2, [r3, #4]
D:\Embedded\intership AFT\TeamNet\Termostat\Test2\Libraries\STM32F10x_StdPeriph_Driver\src/stm32f10x_rcc.c:571
  /* Clear SW[1:0] bits */
  tmpreg &= CFGR_SW_Mask;
   a:	f022 0203 	bic.w	r2, r2, #3	; 0x3
D:\Embedded\intership AFT\TeamNet\Termostat\Test2\Libraries\STM32F10x_StdPeriph_Driver\src/stm32f10x_rcc.c:573
  /* Set SW[1:0] bits according to RCC_SYSCLKSource value */
  tmpreg |= RCC_SYSCLKSource;
   e:	ea40 0002 	orr.w	r0, r0, r2
D:\Embedded\intership AFT\TeamNet\Termostat\Test2\Libraries\STM32F10x_StdPeriph_Driver\src/stm32f10x_rcc.c:575
  /* Store the new value */
  RCC->CFGR = tmpreg;
  12:	6058      	str	r0, [r3, #4]
D:\Embedded\intership AFT\TeamNet\Termostat\Test2\Libraries\STM32F10x_StdPeriph_Driver\src/stm32f10x_rcc.c:576
}
  14:	4770      	bx	lr
  16:	46c0      	nop			(mov r8, r8)
Disassembly of section .text.RCC_GetSYSCLKSource:

00000000 <RCC_GetSYSCLKSource>:
RCC_GetSYSCLKSource():
D:\Embedded\intership AFT\TeamNet\Termostat\Test2\Libraries\STM32F10x_StdPeriph_Driver\src/stm32f10x_rcc.c:589
  *     - 0x04: HSE used as system clock
  *     - 0x08: PLL used as system clock
  */
uint8_t RCC_GetSYSCLKSource(void)
{
  return ((uint8_t)(RCC->CFGR & CFGR_SWS_Mask));
   0:	f241 0300 	movw	r3, #4096	; 0x1000
   4:	f2c4 0302 	movt	r3, #16386	; 0x4002
   8:	6858      	ldr	r0, [r3, #4]
D:\Embedded\intership AFT\TeamNet\Termostat\Test2\Libraries\STM32F10x_StdPeriph_Driver\src/stm32f10x_rcc.c:590
}
   a:	f000 000c 	and.w	r0, r0, #12	; 0xc
   e:	4770      	bx	lr
Disassembly of section .text.RCC_HCLKConfig:

00000000 <RCC_HCLKConfig>:
RCC_HCLKConfig():
D:\Embedded\intership AFT\TeamNet\Termostat\Test2\Libraries\STM32F10x_StdPeriph_Driver\src/stm32f10x_rcc.c:613
void RCC_HCLKConfig(uint32_t RCC_SYSCLK)
{
  uint32_t tmpreg = 0;
  /* Check the parameters */
  assert_param(IS_RCC_HCLK(RCC_SYSCLK));
  tmpreg = RCC->CFGR;
   0:	f241 0300 	movw	r3, #4096	; 0x1000
   4:	f2c4 0302 	movt	r3, #16386	; 0x4002
   8:	685a      	ldr	r2, [r3, #4]
D:\Embedded\intership AFT\TeamNet\Termostat\Test2\Libraries\STM32F10x_StdPeriph_Driver\src/stm32f10x_rcc.c:615
  /* Clear HPRE[3:0] bits */
  tmpreg &= CFGR_HPRE_Reset_Mask;
   a:	f022 02f0 	bic.w	r2, r2, #240	; 0xf0
D:\Embedded\intership AFT\TeamNet\Termostat\Test2\Libraries\STM32F10x_StdPeriph_Driver\src/stm32f10x_rcc.c:617
  /* Set HPRE[3:0] bits according to RCC_SYSCLK value */
  tmpreg |= RCC_SYSCLK;
   e:	ea40 0002 	orr.w	r0, r0, r2
D:\Embedded\intership AFT\TeamNet\Termostat\Test2\Libraries\STM32F10x_StdPeriph_Driver\src/stm32f10x_rcc.c:619
  /* Store the new value */
  RCC->CFGR = tmpreg;
  12:	6058      	str	r0, [r3, #4]
D:\Embedded\intership AFT\TeamNet\Termostat\Test2\Libraries\STM32F10x_StdPeriph_Driver\src/stm32f10x_rcc.c:620
}
  14:	4770      	bx	lr
  16:	46c0      	nop			(mov r8, r8)
Disassembly of section .text.RCC_PCLK1Config:

00000000 <RCC_PCLK1Config>:
RCC_PCLK1Config():
D:\Embedded\intership AFT\TeamNet\Termostat\Test2\Libraries\STM32F10x_StdPeriph_Driver\src/stm32f10x_rcc.c:639
void RCC_PCLK1Config(uint32_t RCC_HCLK)
{
  uint32_t tmpreg = 0;
  /* Check the parameters */
  assert_param(IS_RCC_PCLK(RCC_HCLK));
  tmpreg = RCC->CFGR;
   0:	f241 0300 	movw	r3, #4096	; 0x1000
   4:	f2c4 0302 	movt	r3, #16386	; 0x4002
   8:	685a      	ldr	r2, [r3, #4]
D:\Embedded\intership AFT\TeamNet\Termostat\Test2\Libraries\STM32F10x_StdPeriph_Driver\src/stm32f10x_rcc.c:641
  /* Clear PPRE1[2:0] bits */
  tmpreg &= CFGR_PPRE1_Reset_Mask;
   a:	f422 62e0 	bic.w	r2, r2, #1792	; 0x700
D:\Embedded\intership AFT\TeamNet\Termostat\Test2\Libraries\STM32F10x_StdPeriph_Driver\src/stm32f10x_rcc.c:643
  /* Set PPRE1[2:0] bits according to RCC_HCLK value */
  tmpreg |= RCC_HCLK;
   e:	ea40 0002 	orr.w	r0, r0, r2
D:\Embedded\intership AFT\TeamNet\Termostat\Test2\Libraries\STM32F10x_StdPeriph_Driver\src/stm32f10x_rcc.c:645
  /* Store the new value */
  RCC->CFGR = tmpreg;
  12:	6058      	str	r0, [r3, #4]
D:\Embedded\intership AFT\TeamNet\Termostat\Test2\Libraries\STM32F10x_StdPeriph_Driver\src/stm32f10x_rcc.c:646
}
  14:	4770      	bx	lr
  16:	46c0      	nop			(mov r8, r8)
Disassembly of section .text.RCC_PCLK2Config:

00000000 <RCC_PCLK2Config>:
RCC_PCLK2Config():
D:\Embedded\intership AFT\TeamNet\Termostat\Test2\Libraries\STM32F10x_StdPeriph_Driver\src/stm32f10x_rcc.c:665
void RCC_PCLK2Config(uint32_t RCC_HCLK)
{
  uint32_t tmpreg = 0;
  /* Check the parameters */
  assert_param(IS_RCC_PCLK(RCC_HCLK));
  tmpreg = RCC->CFGR;
   0:	f241 0200 	movw	r2, #4096	; 0x1000
   4:	f2c4 0202 	movt	r2, #16386	; 0x4002
   8:	6853      	ldr	r3, [r2, #4]
D:\Embedded\intership AFT\TeamNet\Termostat\Test2\Libraries\STM32F10x_StdPeriph_Driver\src/stm32f10x_rcc.c:667
  /* Clear PPRE2[2:0] bits */
  tmpreg &= CFGR_PPRE2_Reset_Mask;
   a:	f423 5360 	bic.w	r3, r3, #14336	; 0x3800
D:\Embedded\intership AFT\TeamNet\Termostat\Test2\Libraries\STM32F10x_StdPeriph_Driver\src/stm32f10x_rcc.c:669
  /* Set PPRE2[2:0] bits according to RCC_HCLK value */
  tmpreg |= RCC_HCLK << 3;
   e:	ea43 03c0 	orr.w	r3, r3, r0, lsl #3
D:\Embedded\intership AFT\TeamNet\Termostat\Test2\Libraries\STM32F10x_StdPeriph_Driver\src/stm32f10x_rcc.c:671
  /* Store the new value */
  RCC->CFGR = tmpreg;
  12:	6053      	str	r3, [r2, #4]
D:\Embedded\intership AFT\TeamNet\Termostat\Test2\Libraries\STM32F10x_StdPeriph_Driver\src/stm32f10x_rcc.c:672
}
  14:	4770      	bx	lr
  16:	46c0      	nop			(mov r8, r8)
Disassembly of section .text.RCC_ITConfig:

00000000 <RCC_ITConfig>:
RCC_ITConfig():
D:\Embedded\intership AFT\TeamNet\Termostat\Test2\Libraries\STM32F10x_StdPeriph_Driver\src/stm32f10x_rcc.c:705
void RCC_ITConfig(uint8_t RCC_IT, FunctionalState NewState)
{
  /* Check the parameters */
  assert_param(IS_RCC_IT(RCC_IT));
  assert_param(IS_FUNCTIONAL_STATE(NewState));
  if (NewState != DISABLE)
   0:	b141      	cbz	r1, 14 <RCC_ITConfig+0x14>
D:\Embedded\intership AFT\TeamNet\Termostat\Test2\Libraries\STM32F10x_StdPeriph_Driver\src/stm32f10x_rcc.c:708
  {
    /* Perform Byte access to RCC_CIR bits to enable the selected interrupts */
    *(__IO uint8_t *) CIR_BYTE2_ADDRESS |= RCC_IT;
   2:	f241 0209 	movw	r2, #4105	; 0x1009
   6:	f2c4 0202 	movt	r2, #16386	; 0x4002
   a:	7813      	ldrb	r3, [r2, #0]
   c:	ea40 0303 	orr.w	r3, r0, r3
  10:	7013      	strb	r3, [r2, #0]
  12:	e009      	b.n	28 <RCC_ITConfig+0x28>
D:\Embedded\intership AFT\TeamNet\Termostat\Test2\Libraries\STM32F10x_StdPeriph_Driver\src/stm32f10x_rcc.c:713
  }
  else
  {
    /* Perform Byte access to RCC_CIR bits to disable the selected interrupts */
    *(__IO uint8_t *) CIR_BYTE2_ADDRESS &= (uint8_t)~RCC_IT;
  14:	f241 0309 	movw	r3, #4105	; 0x1009
  18:	f2c4 0302 	movt	r3, #16386	; 0x4002
  1c:	781a      	ldrb	r2, [r3, #0]
  1e:	ea6f 0100 	mvn.w	r1, r0
  22:	ea02 0201 	and.w	r2, r2, r1
  26:	701a      	strb	r2, [r3, #0]
D:\Embedded\intership AFT\TeamNet\Termostat\Test2\Libraries\STM32F10x_StdPeriph_Driver\src/stm32f10x_rcc.c:715
  }
}
  28:	4770      	bx	lr
  2a:	46c0      	nop			(mov r8, r8)
Disassembly of section .text.RCC_USBCLKConfig:

00000000 <RCC_USBCLKConfig>:
RCC_USBCLKConfig():
D:\Embedded\intership AFT\TeamNet\Termostat\Test2\Libraries\STM32F10x_StdPeriph_Driver\src/stm32f10x_rcc.c:733
void RCC_USBCLKConfig(uint32_t RCC_USBCLKSource)
{
  /* Check the parameters */
  assert_param(IS_RCC_USBCLK_SOURCE(RCC_USBCLKSource));

  *(__IO uint32_t *) CFGR_USBPRE_BB = RCC_USBCLKSource;
   0:	f240 03d8 	movw	r3, #216	; 0xd8
   4:	f2c4 2342 	movt	r3, #16962	; 0x4242
   8:	6018      	str	r0, [r3, #0]
D:\Embedded\intership AFT\TeamNet\Termostat\Test2\Libraries\STM32F10x_StdPeriph_Driver\src/stm32f10x_rcc.c:734
}
   a:	4770      	bx	lr
Disassembly of section .text.RCC_ADCCLKConfig:

00000000 <RCC_ADCCLKConfig>:
RCC_ADCCLKConfig():
D:\Embedded\intership AFT\TeamNet\Termostat\Test2\Libraries\STM32F10x_StdPeriph_Driver\src/stm32f10x_rcc.c:771
void RCC_ADCCLKConfig(uint32_t RCC_PCLK2)
{
  uint32_t tmpreg = 0;
  /* Check the parameters */
  assert_param(IS_RCC_ADCCLK(RCC_PCLK2));
  tmpreg = RCC->CFGR;
   0:	f241 0300 	movw	r3, #4096	; 0x1000
   4:	f2c4 0302 	movt	r3, #16386	; 0x4002
   8:	685a      	ldr	r2, [r3, #4]
D:\Embedded\intership AFT\TeamNet\Termostat\Test2\Libraries\STM32F10x_StdPeriph_Driver\src/stm32f10x_rcc.c:773
  /* Clear ADCPRE[1:0] bits */
  tmpreg &= CFGR_ADCPRE_Reset_Mask;
   a:	f422 4240 	bic.w	r2, r2, #49152	; 0xc000
D:\Embedded\intership AFT\TeamNet\Termostat\Test2\Libraries\STM32F10x_StdPeriph_Driver\src/stm32f10x_rcc.c:775
  /* Set ADCPRE[1:0] bits according to RCC_PCLK2 value */
  tmpreg |= RCC_PCLK2;
   e:	ea40 0002 	orr.w	r0, r0, r2
D:\Embedded\intership AFT\TeamNet\Termostat\Test2\Libraries\STM32F10x_StdPeriph_Driver\src/stm32f10x_rcc.c:777
  /* Store the new value */
  RCC->CFGR = tmpreg;
  12:	6058      	str	r0, [r3, #4]
D:\Embedded\intership AFT\TeamNet\Termostat\Test2\Libraries\STM32F10x_StdPeriph_Driver\src/stm32f10x_rcc.c:778
}
  14:	4770      	bx	lr
  16:	46c0      	nop			(mov r8, r8)
Disassembly of section .text.RCC_LSEConfig:

00000000 <RCC_LSEConfig>:
RCC_LSEConfig():
D:\Embedded\intership AFT\TeamNet\Termostat\Test2\Libraries\STM32F10x_StdPeriph_Driver\src/stm32f10x_rcc.c:835
{
  /* Check the parameters */
  assert_param(IS_RCC_LSE(RCC_LSE));
  /* Reset LSEON and LSEBYP bits before configuring the LSE ------------------*/
  /* Reset LSEON bit */
  *(__IO uint8_t *) BDCR_ADDRESS = RCC_LSE_OFF;
   0:	f241 0320 	movw	r3, #4128	; 0x1020
   4:	f2c4 0302 	movt	r3, #16386	; 0x4002
   8:	f04f 0200 	mov.w	r2, #0	; 0x0
   c:	701a      	strb	r2, [r3, #0]
D:\Embedded\intership AFT\TeamNet\Termostat\Test2\Libraries\STM32F10x_StdPeriph_Driver\src/stm32f10x_rcc.c:837
  /* Reset LSEBYP bit */
  *(__IO uint8_t *) BDCR_ADDRESS = RCC_LSE_OFF;
   e:	701a      	strb	r2, [r3, #0]
D:\Embedded\intership AFT\TeamNet\Termostat\Test2\Libraries\STM32F10x_StdPeriph_Driver\src/stm32f10x_rcc.c:839
  /* Configure LSE (RCC_LSE_OFF is already covered by the code section above) */
  switch(RCC_LSE)
  10:	2801      	cmp	r0, #1
D:\Embedded\intership AFT\TeamNet\Termostat\Test2\Libraries\STM32F10x_StdPeriph_Driver\src/stm32f10x_rcc.c:843
  {
    case RCC_LSE_ON:
      /* Set LSEON bit */
      *(__IO uint8_t *) BDCR_ADDRESS = RCC_LSE_ON;
  12:	bf01      	itttt	eq
  14:	f241 0320 	movweq	r3, #4128	; 0x1020
  18:	f2c4 0302 	movteq	r3, #16386	; 0x4002
  1c:	2201      	moveq	r2, #1
  1e:	701a      	strbeq	r2, [r3, #0]
D:\Embedded\intership AFT\TeamNet\Termostat\Test2\Libraries\STM32F10x_StdPeriph_Driver\src/stm32f10x_rcc.c:839
  /* Reset LSEON bit */
  *(__IO uint8_t *) BDCR_ADDRESS = RCC_LSE_OFF;
  /* Reset LSEBYP bit */
  *(__IO uint8_t *) BDCR_ADDRESS = RCC_LSE_OFF;
  /* Configure LSE (RCC_LSE_OFF is already covered by the code section above) */
  switch(RCC_LSE)
  20:	d008      	beq.n	34 <RCC_LSEConfig+0x34>
  22:	2804      	cmp	r0, #4
  24:	d106      	bne.n	34 <RCC_LSEConfig+0x34>
D:\Embedded\intership AFT\TeamNet\Termostat\Test2\Libraries\STM32F10x_StdPeriph_Driver\src/stm32f10x_rcc.c:848
      *(__IO uint8_t *) BDCR_ADDRESS = RCC_LSE_ON;
      break;
      
    case RCC_LSE_Bypass:
      /* Set LSEBYP and LSEON bits */
      *(__IO uint8_t *) BDCR_ADDRESS = RCC_LSE_Bypass | RCC_LSE_ON;
  26:	f241 0320 	movw	r3, #4128	; 0x1020
  2a:	f2c4 0302 	movt	r3, #16386	; 0x4002
  2e:	f04f 0205 	mov.w	r2, #5	; 0x5
  32:	701a      	strb	r2, [r3, #0]
D:\Embedded\intership AFT\TeamNet\Termostat\Test2\Libraries\STM32F10x_StdPeriph_Driver\src/stm32f10x_rcc.c:854
      break;            
      
    default:
      break;      
  }
}
  34:	4770      	bx	lr
  36:	46c0      	nop			(mov r8, r8)
Disassembly of section .text.RCC_LSICmd:

00000000 <RCC_LSICmd>:
RCC_LSICmd():
D:\Embedded\intership AFT\TeamNet\Termostat\Test2\Libraries\STM32F10x_StdPeriph_Driver\src/stm32f10x_rcc.c:866
  */
void RCC_LSICmd(FunctionalState NewState)
{
  /* Check the parameters */
  assert_param(IS_FUNCTIONAL_STATE(NewState));
  *(__IO uint32_t *) CSR_LSION_BB = (uint32_t)NewState;
   0:	f240 4380 	movw	r3, #1152	; 0x480
   4:	f2c4 2342 	movt	r3, #16962	; 0x4242
   8:	6018      	str	r0, [r3, #0]
D:\Embedded\intership AFT\TeamNet\Termostat\Test2\Libraries\STM32F10x_StdPeriph_Driver\src/stm32f10x_rcc.c:867
}
   a:	4770      	bx	lr
Disassembly of section .text.RCC_RTCCLKConfig:

00000000 <RCC_RTCCLKConfig>:
RCC_RTCCLKConfig():
D:\Embedded\intership AFT\TeamNet\Termostat\Test2\Libraries\STM32F10x_StdPeriph_Driver\src/stm32f10x_rcc.c:884
void RCC_RTCCLKConfig(uint32_t RCC_RTCCLKSource)
{
  /* Check the parameters */
  assert_param(IS_RCC_RTCCLK_SOURCE(RCC_RTCCLKSource));
  /* Select the RTC clock source */
  RCC->BDCR |= RCC_RTCCLKSource;
   0:	f241 0300 	movw	r3, #4096	; 0x1000
   4:	f2c4 0302 	movt	r3, #16386	; 0x4002
   8:	6a1a      	ldr	r2, [r3, #32]
   a:	ea40 0002 	orr.w	r0, r0, r2
   e:	6218      	str	r0, [r3, #32]
D:\Embedded\intership AFT\TeamNet\Termostat\Test2\Libraries\STM32F10x_StdPeriph_Driver\src/stm32f10x_rcc.c:885
}
  10:	4770      	bx	lr
  12:	46c0      	nop			(mov r8, r8)
Disassembly of section .text.RCC_RTCCLKCmd:

00000000 <RCC_RTCCLKCmd>:
RCC_RTCCLKCmd():
D:\Embedded\intership AFT\TeamNet\Termostat\Test2\Libraries\STM32F10x_StdPeriph_Driver\src/stm32f10x_rcc.c:897
  */
void RCC_RTCCLKCmd(FunctionalState NewState)
{
  /* Check the parameters */
  assert_param(IS_FUNCTIONAL_STATE(NewState));
  *(__IO uint32_t *) BDCR_RTCEN_BB = (uint32_t)NewState;
   0:	f240 433c 	movw	r3, #1084	; 0x43c
   4:	f2c4 2342 	movt	r3, #16962	; 0x4242
   8:	6018      	str	r0, [r3, #0]
D:\Embedded\intership AFT\TeamNet\Termostat\Test2\Libraries\STM32F10x_StdPeriph_Driver\src/stm32f10x_rcc.c:898
}
   a:	4770      	bx	lr
Disassembly of section .text.RCC_GetClocksFreq:

00000000 <RCC_GetClocksFreq>:
RCC_GetClocksFreq():
D:\Embedded\intership AFT\TeamNet\Termostat\Test2\Libraries\STM32F10x_StdPeriph_Driver\src/stm32f10x_rcc.c:909
  * @note   The result of this function could be not correct when using 
  *         fractional value for HSE crystal.  
  * @retval None
  */
void RCC_GetClocksFreq(RCC_ClocksTypeDef* RCC_Clocks)
{
   0:	b410      	push	{r4}
   2:	4604      	mov	r4, r0
D:\Embedded\intership AFT\TeamNet\Termostat\Test2\Libraries\STM32F10x_StdPeriph_Driver\src/stm32f10x_rcc.c:921
#if defined (STM32F10X_LD_VL) || defined (STM32F10X_MD_VL) || defined (STM32F10X_HD_VL)
  uint32_t prediv1factor = 0;
#endif
    
  /* Get SYSCLK source -------------------------------------------------------*/
  tmp = RCC->CFGR & CFGR_SWS_Mask;
   4:	f241 0300 	movw	r3, #4096	; 0x1000
   8:	f2c4 0302 	movt	r3, #16386	; 0x4002
   c:	685b      	ldr	r3, [r3, #4]
D:\Embedded\intership AFT\TeamNet\Termostat\Test2\Libraries\STM32F10x_StdPeriph_Driver\src/stm32f10x_rcc.c:923
  
  switch (tmp)
   e:	f003 030c 	and.w	r3, r3, #12	; 0xc
  12:	2b04      	cmp	r3, #4
D:\Embedded\intership AFT\TeamNet\Termostat\Test2\Libraries\STM32F10x_StdPeriph_Driver\src/stm32f10x_rcc.c:929
  {
    case 0x00:  /* HSI used as system clock */
      RCC_Clocks->SYSCLK_Frequency = HSI_VALUE;
      break;
    case 0x04:  /* HSE used as system clock */
      RCC_Clocks->SYSCLK_Frequency = HSE_VALUE;
  14:	bf02      	ittt	eq
  16:	f241 2300 	movweq	r3, #4608	; 0x1200
  1a:	f2c0 037a 	movteq	r3, #122	; 0x7a
  1e:	6003      	streq	r3, [r0, #0]
D:\Embedded\intership AFT\TeamNet\Termostat\Test2\Libraries\STM32F10x_StdPeriph_Driver\src/stm32f10x_rcc.c:923
#endif
    
  /* Get SYSCLK source -------------------------------------------------------*/
  tmp = RCC->CFGR & CFGR_SWS_Mask;
  
  switch (tmp)
  20:	d03a      	beq.n	98 <RCC_GetClocksFreq+0x98>
  22:	2b08      	cmp	r3, #8
  24:	d007      	beq.n	36 <RCC_GetClocksFreq+0x36>
  26:	2b00      	cmp	r3, #0
  28:	d131      	bne.n	8e <RCC_GetClocksFreq+0x8e>
D:\Embedded\intership AFT\TeamNet\Termostat\Test2\Libraries\STM32F10x_StdPeriph_Driver\src/stm32f10x_rcc.c:926
  {
    case 0x00:  /* HSI used as system clock */
      RCC_Clocks->SYSCLK_Frequency = HSI_VALUE;
  2a:	f241 2300 	movw	r3, #4608	; 0x1200
  2e:	f2c0 037a 	movt	r3, #122	; 0x7a
  32:	6003      	str	r3, [r0, #0]
  34:	e030      	b.n	98 <RCC_GetClocksFreq+0x98>
D:\Embedded\intership AFT\TeamNet\Termostat\Test2\Libraries\STM32F10x_StdPeriph_Driver\src/stm32f10x_rcc.c:934
      RCC_Clocks->SYSCLK_Frequency = HSE_VALUE;
      break;
    case 0x08:  /* PLL used as system clock */

      /* Get PLL clock source and multiplication factor ----------------------*/
      pllmull = RCC->CFGR & CFGR_PLLMull_Mask;
  36:	f241 0300 	movw	r3, #4096	; 0x1000
  3a:	f2c4 0302 	movt	r3, #16386	; 0x4002
  3e:	685a      	ldr	r2, [r3, #4]
D:\Embedded\intership AFT\TeamNet\Termostat\Test2\Libraries\STM32F10x_StdPeriph_Driver\src/stm32f10x_rcc.c:935
      pllsource = RCC->CFGR & CFGR_PLLSRC_Mask;
  40:	685b      	ldr	r3, [r3, #4]
D:\Embedded\intership AFT\TeamNet\Termostat\Test2\Libraries\STM32F10x_StdPeriph_Driver\src/stm32f10x_rcc.c:938
      
#ifndef STM32F10X_CL      
      pllmull = ( pllmull >> 18) + 2;
  42:	f402 1270 	and.w	r2, r2, #3932160	; 0x3c0000
  46:	ea4f 4292 	mov.w	r2, r2, lsr #18
  4a:	f102 0202 	add.w	r2, r2, #2	; 0x2
D:\Embedded\intership AFT\TeamNet\Termostat\Test2\Libraries\STM32F10x_StdPeriph_Driver\src/stm32f10x_rcc.c:940
      
      if (pllsource == 0x00)
  4e:	f413 3f80 	tst.w	r3, #65536	; 0x10000
D:\Embedded\intership AFT\TeamNet\Termostat\Test2\Libraries\STM32F10x_StdPeriph_Driver\src/stm32f10x_rcc.c:942
      {/* HSI oscillator clock divided by 2 selected as PLL clock entry */
        RCC_Clocks->SYSCLK_Frequency = (HSI_VALUE >> 1) * pllmull;
  52:	bf01      	itttt	eq
  54:	f640 1300 	movweq	r3, #2304	; 0x900
  58:	f2c0 033d 	movteq	r3, #61	; 0x3d
  5c:	4353      	muleq	r3, r2
  5e:	6003      	streq	r3, [r0, #0]
D:\Embedded\intership AFT\TeamNet\Termostat\Test2\Libraries\STM32F10x_StdPeriph_Driver\src/stm32f10x_rcc.c:940
      pllsource = RCC->CFGR & CFGR_PLLSRC_Mask;
      
#ifndef STM32F10X_CL      
      pllmull = ( pllmull >> 18) + 2;
      
      if (pllsource == 0x00)
  60:	d01a      	beq.n	98 <RCC_GetClocksFreq+0x98>
D:\Embedded\intership AFT\TeamNet\Termostat\Test2\Libraries\STM32F10x_StdPeriph_Driver\src/stm32f10x_rcc.c:952
       prediv1factor = (RCC->CFGR2 & CFGR2_PREDIV1) + 1;
       /* HSE oscillator clock selected as PREDIV1 clock entry */
       RCC_Clocks->SYSCLK_Frequency = (HSE_VALUE / prediv1factor) * pllmull; 
 #else
        /* HSE selected as PLL clock entry */
        if ((RCC->CFGR & CFGR_PLLXTPRE_Mask) != (uint32_t)RESET)
  62:	f241 0300 	movw	r3, #4096	; 0x1000
  66:	f2c4 0302 	movt	r3, #16386	; 0x4002
  6a:	685b      	ldr	r3, [r3, #4]
  6c:	f413 3f00 	tst.w	r3, #131072	; 0x20000
D:\Embedded\intership AFT\TeamNet\Termostat\Test2\Libraries\STM32F10x_StdPeriph_Driver\src/stm32f10x_rcc.c:954
        {/* HSE oscillator clock divided by 2 */
          RCC_Clocks->SYSCLK_Frequency = (HSE_VALUE >> 1) * pllmull;
  70:	bf1f      	itttt	ne
  72:	f640 1300 	movwne	r3, #2304	; 0x900
  76:	f2c0 033d 	movtne	r3, #61	; 0x3d
  7a:	4353      	mulne	r3, r2
  7c:	6003      	strne	r3, [r0, #0]
D:\Embedded\intership AFT\TeamNet\Termostat\Test2\Libraries\STM32F10x_StdPeriph_Driver\src/stm32f10x_rcc.c:958
        }
        else
        {
          RCC_Clocks->SYSCLK_Frequency = HSE_VALUE * pllmull;
  7e:	bf01      	itttt	eq
  80:	f241 2300 	movweq	r3, #4608	; 0x1200
  84:	f2c0 037a 	movteq	r3, #122	; 0x7a
  88:	4353      	muleq	r3, r2
  8a:	6003      	streq	r3, [r0, #0]
  8c:	e004      	b.n	98 <RCC_GetClocksFreq+0x98>
D:\Embedded\intership AFT\TeamNet\Termostat\Test2\Libraries\STM32F10x_StdPeriph_Driver\src/stm32f10x_rcc.c:1002
      }
#endif /* STM32F10X_CL */ 
      break;

    default:
      RCC_Clocks->SYSCLK_Frequency = HSI_VALUE;
  8e:	f241 2300 	movw	r3, #4608	; 0x1200
  92:	f2c0 037a 	movt	r3, #122	; 0x7a
  96:	6003      	str	r3, [r0, #0]
D:\Embedded\intership AFT\TeamNet\Termostat\Test2\Libraries\STM32F10x_StdPeriph_Driver\src/stm32f10x_rcc.c:1008
      break;
  }

  /* Compute HCLK, PCLK1, PCLK2 and ADCCLK clocks frequencies ----------------*/
  /* Get HCLK prescaler */
  tmp = RCC->CFGR & CFGR_HPRE_Set_Mask;
  98:	f241 0000 	movw	r0, #4096	; 0x1000
  9c:	f2c4 0002 	movt	r0, #16386	; 0x4002
  a0:	6843      	ldr	r3, [r0, #4]
  a2:	f003 03f0 	and.w	r3, r3, #240	; 0xf0
D:\Embedded\intership AFT\TeamNet\Termostat\Test2\Libraries\STM32F10x_StdPeriph_Driver\src/stm32f10x_rcc.c:1009
  tmp = tmp >> 4;
  a6:	ea4f 1313 	mov.w	r3, r3, lsr #4
D:\Embedded\intership AFT\TeamNet\Termostat\Test2\Libraries\STM32F10x_StdPeriph_Driver\src/stm32f10x_rcc.c:1010
  presc = APBAHBPrescTable[tmp];
  aa:	f240 0100 	movw	r1, #0	; 0x0
  ae:	f2c0 0100 	movt	r1, #0	; 0x0
  b2:	5ccb      	ldrb	r3, [r1, r3]
D:\Embedded\intership AFT\TeamNet\Termostat\Test2\Libraries\STM32F10x_StdPeriph_Driver\src/stm32f10x_rcc.c:1012
  /* HCLK clock frequency */
  RCC_Clocks->HCLK_Frequency = RCC_Clocks->SYSCLK_Frequency >> presc;
  b4:	6822      	ldr	r2, [r4, #0]
  b6:	fa22 f203 	lsr.w	r2, r2, r3
  ba:	6062      	str	r2, [r4, #4]
D:\Embedded\intership AFT\TeamNet\Termostat\Test2\Libraries\STM32F10x_StdPeriph_Driver\src/stm32f10x_rcc.c:1014
  /* Get PCLK1 prescaler */
  tmp = RCC->CFGR & CFGR_PPRE1_Set_Mask;
  bc:	6843      	ldr	r3, [r0, #4]
  be:	f403 63e0 	and.w	r3, r3, #1792	; 0x700
D:\Embedded\intership AFT\TeamNet\Termostat\Test2\Libraries\STM32F10x_StdPeriph_Driver\src/stm32f10x_rcc.c:1015
  tmp = tmp >> 8;
  c2:	ea4f 2313 	mov.w	r3, r3, lsr #8
D:\Embedded\intership AFT\TeamNet\Termostat\Test2\Libraries\STM32F10x_StdPeriph_Driver\src/stm32f10x_rcc.c:1016
  presc = APBAHBPrescTable[tmp];
  c6:	5ccb      	ldrb	r3, [r1, r3]
D:\Embedded\intership AFT\TeamNet\Termostat\Test2\Libraries\STM32F10x_StdPeriph_Driver\src/stm32f10x_rcc.c:1018
  /* PCLK1 clock frequency */
  RCC_Clocks->PCLK1_Frequency = RCC_Clocks->HCLK_Frequency >> presc;
  c8:	fa22 f303 	lsr.w	r3, r2, r3
  cc:	60a3      	str	r3, [r4, #8]
D:\Embedded\intership AFT\TeamNet\Termostat\Test2\Libraries\STM32F10x_StdPeriph_Driver\src/stm32f10x_rcc.c:1020
  /* Get PCLK2 prescaler */
  tmp = RCC->CFGR & CFGR_PPRE2_Set_Mask;
  ce:	6843      	ldr	r3, [r0, #4]
  d0:	f403 5360 	and.w	r3, r3, #14336	; 0x3800
D:\Embedded\intership AFT\TeamNet\Termostat\Test2\Libraries\STM32F10x_StdPeriph_Driver\src/stm32f10x_rcc.c:1021
  tmp = tmp >> 11;
  d4:	ea4f 23d3 	mov.w	r3, r3, lsr #11
D:\Embedded\intership AFT\TeamNet\Termostat\Test2\Libraries\STM32F10x_StdPeriph_Driver\src/stm32f10x_rcc.c:1022
  presc = APBAHBPrescTable[tmp];
  d8:	5ccb      	ldrb	r3, [r1, r3]
D:\Embedded\intership AFT\TeamNet\Termostat\Test2\Libraries\STM32F10x_StdPeriph_Driver\src/stm32f10x_rcc.c:1024
  /* PCLK2 clock frequency */
  RCC_Clocks->PCLK2_Frequency = RCC_Clocks->HCLK_Frequency >> presc;
  da:	fa22 f203 	lsr.w	r2, r2, r3
  de:	60e2      	str	r2, [r4, #12]
D:\Embedded\intership AFT\TeamNet\Termostat\Test2\Libraries\STM32F10x_StdPeriph_Driver\src/stm32f10x_rcc.c:1026
  /* Get ADCCLK prescaler */
  tmp = RCC->CFGR & CFGR_ADCPRE_Set_Mask;
  e0:	6843      	ldr	r3, [r0, #4]
  e2:	f403 4340 	and.w	r3, r3, #49152	; 0xc000
D:\Embedded\intership AFT\TeamNet\Termostat\Test2\Libraries\STM32F10x_StdPeriph_Driver\src/stm32f10x_rcc.c:1028
  tmp = tmp >> 14;
  presc = ADCPrescTable[tmp];
  e6:	eb01 3193 	add.w	r1, r1, r3, lsr #14
  ea:	7c0b      	ldrb	r3, [r1, #16]
D:\Embedded\intership AFT\TeamNet\Termostat\Test2\Libraries\STM32F10x_StdPeriph_Driver\src/stm32f10x_rcc.c:1030
  /* ADCCLK clock frequency */
  RCC_Clocks->ADCCLK_Frequency = RCC_Clocks->PCLK2_Frequency / presc;
  ec:	fbb2 f2f3 	udiv	r2, r2, r3
  f0:	6122      	str	r2, [r4, #16]
D:\Embedded\intership AFT\TeamNet\Termostat\Test2\Libraries\STM32F10x_StdPeriph_Driver\src/stm32f10x_rcc.c:1031
}
  f2:	bc10      	pop	{r4}
  f4:	4770      	bx	lr
  f6:	46c0      	nop			(mov r8, r8)
Disassembly of section .text.RCC_AHBPeriphClockCmd:

00000000 <RCC_AHBPeriphClockCmd>:
RCC_AHBPeriphClockCmd():
D:\Embedded\intership AFT\TeamNet\Termostat\Test2\Libraries\STM32F10x_StdPeriph_Driver\src/stm32f10x_rcc.c:1070
{
  /* Check the parameters */
  assert_param(IS_RCC_AHB_PERIPH(RCC_AHBPeriph));
  assert_param(IS_FUNCTIONAL_STATE(NewState));

  if (NewState != DISABLE)
   0:	b141      	cbz	r1, 14 <RCC_AHBPeriphClockCmd+0x14>
D:\Embedded\intership AFT\TeamNet\Termostat\Test2\Libraries\STM32F10x_StdPeriph_Driver\src/stm32f10x_rcc.c:1072
  {
    RCC->AHBENR |= RCC_AHBPeriph;
   2:	f241 0200 	movw	r2, #4096	; 0x1000
   6:	f2c4 0202 	movt	r2, #16386	; 0x4002
   a:	6953      	ldr	r3, [r2, #20]
   c:	ea40 0303 	orr.w	r3, r0, r3
  10:	6153      	str	r3, [r2, #20]
  12:	e009      	b.n	28 <RCC_AHBPeriphClockCmd+0x28>
D:\Embedded\intership AFT\TeamNet\Termostat\Test2\Libraries\STM32F10x_StdPeriph_Driver\src/stm32f10x_rcc.c:1076
  }
  else
  {
    RCC->AHBENR &= ~RCC_AHBPeriph;
  14:	f241 0300 	movw	r3, #4096	; 0x1000
  18:	f2c4 0302 	movt	r3, #16386	; 0x4002
  1c:	6959      	ldr	r1, [r3, #20]
  1e:	ea6f 0200 	mvn.w	r2, r0
  22:	ea02 0201 	and.w	r2, r2, r1
  26:	615a      	str	r2, [r3, #20]
D:\Embedded\intership AFT\TeamNet\Termostat\Test2\Libraries\STM32F10x_StdPeriph_Driver\src/stm32f10x_rcc.c:1078
  }
}
  28:	4770      	bx	lr
  2a:	46c0      	nop			(mov r8, r8)
Disassembly of section .text.RCC_APB2PeriphClockCmd:

00000000 <RCC_APB2PeriphClockCmd>:
RCC_APB2PeriphClockCmd():
D:\Embedded\intership AFT\TeamNet\Termostat\Test2\Libraries\STM32F10x_StdPeriph_Driver\src/stm32f10x_rcc.c:1100
void RCC_APB2PeriphClockCmd(uint32_t RCC_APB2Periph, FunctionalState NewState)
{
  /* Check the parameters */
  assert_param(IS_RCC_APB2_PERIPH(RCC_APB2Periph));
  assert_param(IS_FUNCTIONAL_STATE(NewState));
  if (NewState != DISABLE)
   0:	b141      	cbz	r1, 14 <RCC_APB2PeriphClockCmd+0x14>
D:\Embedded\intership AFT\TeamNet\Termostat\Test2\Libraries\STM32F10x_StdPeriph_Driver\src/stm32f10x_rcc.c:1102
  {
    RCC->APB2ENR |= RCC_APB2Periph;
   2:	f241 0200 	movw	r2, #4096	; 0x1000
   6:	f2c4 0202 	movt	r2, #16386	; 0x4002
   a:	6993      	ldr	r3, [r2, #24]
   c:	ea40 0303 	orr.w	r3, r0, r3
  10:	6193      	str	r3, [r2, #24]
  12:	e009      	b.n	28 <RCC_APB2PeriphClockCmd+0x28>
D:\Embedded\intership AFT\TeamNet\Termostat\Test2\Libraries\STM32F10x_StdPeriph_Driver\src/stm32f10x_rcc.c:1106
  }
  else
  {
    RCC->APB2ENR &= ~RCC_APB2Periph;
  14:	f241 0300 	movw	r3, #4096	; 0x1000
  18:	f2c4 0302 	movt	r3, #16386	; 0x4002
  1c:	6999      	ldr	r1, [r3, #24]
  1e:	ea6f 0200 	mvn.w	r2, r0
  22:	ea02 0201 	and.w	r2, r2, r1
  26:	619a      	str	r2, [r3, #24]
D:\Embedded\intership AFT\TeamNet\Termostat\Test2\Libraries\STM32F10x_StdPeriph_Driver\src/stm32f10x_rcc.c:1108
  }
}
  28:	4770      	bx	lr
  2a:	46c0      	nop			(mov r8, r8)
Disassembly of section .text.RCC_APB1PeriphClockCmd:

00000000 <RCC_APB1PeriphClockCmd>:
RCC_APB1PeriphClockCmd():
D:\Embedded\intership AFT\TeamNet\Termostat\Test2\Libraries\STM32F10x_StdPeriph_Driver\src/stm32f10x_rcc.c:1131
void RCC_APB1PeriphClockCmd(uint32_t RCC_APB1Periph, FunctionalState NewState)
{
  /* Check the parameters */
  assert_param(IS_RCC_APB1_PERIPH(RCC_APB1Periph));
  assert_param(IS_FUNCTIONAL_STATE(NewState));
  if (NewState != DISABLE)
   0:	b141      	cbz	r1, 14 <RCC_APB1PeriphClockCmd+0x14>
D:\Embedded\intership AFT\TeamNet\Termostat\Test2\Libraries\STM32F10x_StdPeriph_Driver\src/stm32f10x_rcc.c:1133
  {
    RCC->APB1ENR |= RCC_APB1Periph;
   2:	f241 0200 	movw	r2, #4096	; 0x1000
   6:	f2c4 0202 	movt	r2, #16386	; 0x4002
   a:	69d3      	ldr	r3, [r2, #28]
   c:	ea40 0303 	orr.w	r3, r0, r3
  10:	61d3      	str	r3, [r2, #28]
  12:	e009      	b.n	28 <RCC_APB1PeriphClockCmd+0x28>
D:\Embedded\intership AFT\TeamNet\Termostat\Test2\Libraries\STM32F10x_StdPeriph_Driver\src/stm32f10x_rcc.c:1137
  }
  else
  {
    RCC->APB1ENR &= ~RCC_APB1Periph;
  14:	f241 0300 	movw	r3, #4096	; 0x1000
  18:	f2c4 0302 	movt	r3, #16386	; 0x4002
  1c:	69d9      	ldr	r1, [r3, #28]
  1e:	ea6f 0200 	mvn.w	r2, r0
  22:	ea02 0201 	and.w	r2, r2, r1
  26:	61da      	str	r2, [r3, #28]
D:\Embedded\intership AFT\TeamNet\Termostat\Test2\Libraries\STM32F10x_StdPeriph_Driver\src/stm32f10x_rcc.c:1139
  }
}
  28:	4770      	bx	lr
  2a:	46c0      	nop			(mov r8, r8)
Disassembly of section .text.RCC_APB2PeriphResetCmd:

00000000 <RCC_APB2PeriphResetCmd>:
RCC_APB2PeriphResetCmd():
D:\Embedded\intership AFT\TeamNet\Termostat\Test2\Libraries\STM32F10x_StdPeriph_Driver\src/stm32f10x_rcc.c:1190
void RCC_APB2PeriphResetCmd(uint32_t RCC_APB2Periph, FunctionalState NewState)
{
  /* Check the parameters */
  assert_param(IS_RCC_APB2_PERIPH(RCC_APB2Periph));
  assert_param(IS_FUNCTIONAL_STATE(NewState));
  if (NewState != DISABLE)
   0:	b141      	cbz	r1, 14 <RCC_APB2PeriphResetCmd+0x14>
D:\Embedded\intership AFT\TeamNet\Termostat\Test2\Libraries\STM32F10x_StdPeriph_Driver\src/stm32f10x_rcc.c:1192
  {
    RCC->APB2RSTR |= RCC_APB2Periph;
   2:	f241 0200 	movw	r2, #4096	; 0x1000
   6:	f2c4 0202 	movt	r2, #16386	; 0x4002
   a:	68d3      	ldr	r3, [r2, #12]
   c:	ea40 0303 	orr.w	r3, r0, r3
  10:	60d3      	str	r3, [r2, #12]
  12:	e009      	b.n	28 <RCC_APB2PeriphResetCmd+0x28>
D:\Embedded\intership AFT\TeamNet\Termostat\Test2\Libraries\STM32F10x_StdPeriph_Driver\src/stm32f10x_rcc.c:1196
  }
  else
  {
    RCC->APB2RSTR &= ~RCC_APB2Periph;
  14:	f241 0300 	movw	r3, #4096	; 0x1000
  18:	f2c4 0302 	movt	r3, #16386	; 0x4002
  1c:	68d9      	ldr	r1, [r3, #12]
  1e:	ea6f 0200 	mvn.w	r2, r0
  22:	ea02 0201 	and.w	r2, r2, r1
  26:	60da      	str	r2, [r3, #12]
D:\Embedded\intership AFT\TeamNet\Termostat\Test2\Libraries\STM32F10x_StdPeriph_Driver\src/stm32f10x_rcc.c:1198
  }
}
  28:	4770      	bx	lr
  2a:	46c0      	nop			(mov r8, r8)
Disassembly of section .text.RCC_APB1PeriphResetCmd:

00000000 <RCC_APB1PeriphResetCmd>:
RCC_APB1PeriphResetCmd():
D:\Embedded\intership AFT\TeamNet\Termostat\Test2\Libraries\STM32F10x_StdPeriph_Driver\src/stm32f10x_rcc.c:1221
void RCC_APB1PeriphResetCmd(uint32_t RCC_APB1Periph, FunctionalState NewState)
{
  /* Check the parameters */
  assert_param(IS_RCC_APB1_PERIPH(RCC_APB1Periph));
  assert_param(IS_FUNCTIONAL_STATE(NewState));
  if (NewState != DISABLE)
   0:	b141      	cbz	r1, 14 <RCC_APB1PeriphResetCmd+0x14>
D:\Embedded\intership AFT\TeamNet\Termostat\Test2\Libraries\STM32F10x_StdPeriph_Driver\src/stm32f10x_rcc.c:1223
  {
    RCC->APB1RSTR |= RCC_APB1Periph;
   2:	f241 0200 	movw	r2, #4096	; 0x1000
   6:	f2c4 0202 	movt	r2, #16386	; 0x4002
   a:	6913      	ldr	r3, [r2, #16]
   c:	ea40 0303 	orr.w	r3, r0, r3
  10:	6113      	str	r3, [r2, #16]
  12:	e009      	b.n	28 <RCC_APB1PeriphResetCmd+0x28>
D:\Embedded\intership AFT\TeamNet\Termostat\Test2\Libraries\STM32F10x_StdPeriph_Driver\src/stm32f10x_rcc.c:1227
  }
  else
  {
    RCC->APB1RSTR &= ~RCC_APB1Periph;
  14:	f241 0300 	movw	r3, #4096	; 0x1000
  18:	f2c4 0302 	movt	r3, #16386	; 0x4002
  1c:	6919      	ldr	r1, [r3, #16]
  1e:	ea6f 0200 	mvn.w	r2, r0
  22:	ea02 0201 	and.w	r2, r2, r1
  26:	611a      	str	r2, [r3, #16]
D:\Embedded\intership AFT\TeamNet\Termostat\Test2\Libraries\STM32F10x_StdPeriph_Driver\src/stm32f10x_rcc.c:1229
  }
}
  28:	4770      	bx	lr
  2a:	46c0      	nop			(mov r8, r8)
Disassembly of section .text.RCC_BackupResetCmd:

00000000 <RCC_BackupResetCmd>:
RCC_BackupResetCmd():
D:\Embedded\intership AFT\TeamNet\Termostat\Test2\Libraries\STM32F10x_StdPeriph_Driver\src/stm32f10x_rcc.c:1241
  */
void RCC_BackupResetCmd(FunctionalState NewState)
{
  /* Check the parameters */
  assert_param(IS_FUNCTIONAL_STATE(NewState));
  *(__IO uint32_t *) BDCR_BDRST_BB = (uint32_t)NewState;
   0:	f240 4340 	movw	r3, #1088	; 0x440
   4:	f2c4 2342 	movt	r3, #16962	; 0x4242
   8:	6018      	str	r0, [r3, #0]
D:\Embedded\intership AFT\TeamNet\Termostat\Test2\Libraries\STM32F10x_StdPeriph_Driver\src/stm32f10x_rcc.c:1242
}
   a:	4770      	bx	lr
Disassembly of section .text.RCC_ClockSecuritySystemCmd:

00000000 <RCC_ClockSecuritySystemCmd>:
RCC_ClockSecuritySystemCmd():
D:\Embedded\intership AFT\TeamNet\Termostat\Test2\Libraries\STM32F10x_StdPeriph_Driver\src/stm32f10x_rcc.c:1254
  */
void RCC_ClockSecuritySystemCmd(FunctionalState NewState)
{
  /* Check the parameters */
  assert_param(IS_FUNCTIONAL_STATE(NewState));
  *(__IO uint32_t *) CR_CSSON_BB = (uint32_t)NewState;
   0:	f240 034c 	movw	r3, #76	; 0x4c
   4:	f2c4 2342 	movt	r3, #16962	; 0x4242
   8:	6018      	str	r0, [r3, #0]
D:\Embedded\intership AFT\TeamNet\Termostat\Test2\Libraries\STM32F10x_StdPeriph_Driver\src/stm32f10x_rcc.c:1255
}
   a:	4770      	bx	lr
Disassembly of section .text.RCC_MCOConfig:

00000000 <RCC_MCOConfig>:
RCC_MCOConfig():
D:\Embedded\intership AFT\TeamNet\Termostat\Test2\Libraries\STM32F10x_StdPeriph_Driver\src/stm32f10x_rcc.c:1283
  *     @arg RCC_MCO_PLLCLK_Div2: PLL clock divided by 2 selected
  *   
  * @retval None
  */
void RCC_MCOConfig(uint8_t RCC_MCO)
{
   0:	f241 0307 	movw	r3, #4103	; 0x1007
   4:	f2c4 0302 	movt	r3, #16386	; 0x4002
   8:	7018      	strb	r0, [r3, #0]
D:\Embedded\intership AFT\TeamNet\Termostat\Test2\Libraries\STM32F10x_StdPeriph_Driver\src/stm32f10x_rcc.c:1289
  /* Check the parameters */
  assert_param(IS_RCC_MCO(RCC_MCO));

  /* Perform Byte access to MCO bits to select the MCO source */
  *(__IO uint8_t *) CFGR_BYTE4_ADDRESS = RCC_MCO;
}
   a:	4770      	bx	lr
Disassembly of section .text.RCC_GetFlagStatus:

00000000 <RCC_GetFlagStatus>:
RCC_GetFlagStatus():
D:\Embedded\intership AFT\TeamNet\Termostat\Test2\Libraries\STM32F10x_StdPeriph_Driver\src/stm32f10x_rcc.c:1327
  *     @arg RCC_FLAG_LPWRRST: Low Power reset
  *   
  * @retval The new state of RCC_FLAG (SET or RESET).
  */
FlagStatus RCC_GetFlagStatus(uint8_t RCC_FLAG)
{
   0:	ea4f 1350 	mov.w	r3, r0, lsr #5
D:\Embedded\intership AFT\TeamNet\Termostat\Test2\Libraries\STM32F10x_StdPeriph_Driver\src/stm32f10x_rcc.c:1336
  /* Check the parameters */
  assert_param(IS_RCC_FLAG(RCC_FLAG));

  /* Get the RCC register index */
  tmp = RCC_FLAG >> 5;
  if (tmp == 1)               /* The flag to check is in CR register */
   4:	2b01      	cmp	r3, #1
D:\Embedded\intership AFT\TeamNet\Termostat\Test2\Libraries\STM32F10x_StdPeriph_Driver\src/stm32f10x_rcc.c:1338
  {
    statusreg = RCC->CR;
   6:	bf02      	ittt	eq
   8:	f241 0300 	movweq	r3, #4096	; 0x1000
   c:	f2c4 0302 	movteq	r3, #16386	; 0x4002
  10:	681b      	ldreq	r3, [r3, #0]
D:\Embedded\intership AFT\TeamNet\Termostat\Test2\Libraries\STM32F10x_StdPeriph_Driver\src/stm32f10x_rcc.c:1336
  /* Check the parameters */
  assert_param(IS_RCC_FLAG(RCC_FLAG));

  /* Get the RCC register index */
  tmp = RCC_FLAG >> 5;
  if (tmp == 1)               /* The flag to check is in CR register */
  12:	d00c      	beq.n	2e <RCC_GetFlagStatus+0x2e>
D:\Embedded\intership AFT\TeamNet\Termostat\Test2\Libraries\STM32F10x_StdPeriph_Driver\src/stm32f10x_rcc.c:1340
  {
    statusreg = RCC->CR;
  }
  else if (tmp == 2)          /* The flag to check is in BDCR register */
  14:	2b02      	cmp	r3, #2
D:\Embedded\intership AFT\TeamNet\Termostat\Test2\Libraries\STM32F10x_StdPeriph_Driver\src/stm32f10x_rcc.c:1342
  {
    statusreg = RCC->BDCR;
  16:	bf03      	ittte	eq
  18:	f241 0300 	movweq	r3, #4096	; 0x1000
  1c:	f2c4 0302 	movteq	r3, #16386	; 0x4002
  20:	6a1b      	ldreq	r3, [r3, #32]
D:\Embedded\intership AFT\TeamNet\Termostat\Test2\Libraries\STM32F10x_StdPeriph_Driver\src/stm32f10x_rcc.c:1346
  }
  else                       /* The flag to check is in CSR register */
  {
    statusreg = RCC->CSR;
  22:	f241 0300 	movwne	r3, #4096	; 0x1000
  26:	bf1c      	itt	ne
  28:	f2c4 0302 	movtne	r3, #16386	; 0x4002
  2c:	6a5b      	ldrne	r3, [r3, #36]
  2e:	f000 001f 	and.w	r0, r0, #31	; 0x1f
  32:	fa23 f000 	lsr.w	r0, r3, r0
D:\Embedded\intership AFT\TeamNet\Termostat\Test2\Libraries\STM32F10x_StdPeriph_Driver\src/stm32f10x_rcc.c:1362
    bitstatus = RESET;
  }

  /* Return the flag status */
  return bitstatus;
}
  36:	f000 0001 	and.w	r0, r0, #1	; 0x1
  3a:	4770      	bx	lr
Disassembly of section .text.RCC_WaitForHSEStartUp:

00000000 <RCC_WaitForHSEStartUp>:
RCC_WaitForHSEStartUp():
D:\Embedded\intership AFT\TeamNet\Termostat\Test2\Libraries\STM32F10x_StdPeriph_Driver\src/stm32f10x_rcc.c:305
  * @retval An ErrorStatus enumuration value:
  * - SUCCESS: HSE oscillator is stable and ready to use
  * - ERROR: HSE oscillator not yet ready
  */
ErrorStatus RCC_WaitForHSEStartUp(void)
{
   0:	b510      	push	{r4, lr}
   2:	b082      	sub	sp, #8
D:\Embedded\intership AFT\TeamNet\Termostat\Test2\Libraries\STM32F10x_StdPeriph_Driver\src/stm32f10x_rcc.c:306
  __IO uint32_t StartUpCounter = 0;
   4:	f04f 0300 	mov.w	r3, #0	; 0x0
   8:	9301      	str	r3, [sp, #4]
D:\Embedded\intership AFT\TeamNet\Termostat\Test2\Libraries\STM32F10x_StdPeriph_Driver\src/stm32f10x_rcc.c:313
  FlagStatus HSEStatus = RESET;
  
  /* Wait till HSE is ready and if Time out is reached exit */
  do
  {
    HSEStatus = RCC_GetFlagStatus(RCC_FLAG_HSERDY);
   a:	f04f 0431 	mov.w	r4, #49	; 0x31
   e:	4620      	mov	r0, r4
  10:	f7ff fffe 	bl	0 <RCC_WaitForHSEStartUp>
D:\Embedded\intership AFT\TeamNet\Termostat\Test2\Libraries\STM32F10x_StdPeriph_Driver\src/stm32f10x_rcc.c:314
    StartUpCounter++;  
  14:	9b01      	ldr	r3, [sp, #4]
  16:	f103 0301 	add.w	r3, r3, #1	; 0x1
  1a:	9301      	str	r3, [sp, #4]
D:\Embedded\intership AFT\TeamNet\Termostat\Test2\Libraries\STM32F10x_StdPeriph_Driver\src/stm32f10x_rcc.c:315
  } while((StartUpCounter != HSE_STARTUP_TIMEOUT) && (HSEStatus == RESET));
  1c:	9b01      	ldr	r3, [sp, #4]
  1e:	f5b3 6fa0 	cmp.w	r3, #1280	; 0x500
  22:	d001      	beq.n	28 <RCC_WaitForHSEStartUp+0x28>
  24:	2800      	cmp	r0, #0
  26:	d0f2      	beq.n	e <RCC_WaitForHSEStartUp+0xe>
D:\Embedded\intership AFT\TeamNet\Termostat\Test2\Libraries\STM32F10x_StdPeriph_Driver\src/stm32f10x_rcc.c:317
  
  if (RCC_GetFlagStatus(RCC_FLAG_HSERDY) != RESET)
  28:	f04f 0031 	mov.w	r0, #49	; 0x31
  2c:	f7ff fffe 	bl	0 <RCC_WaitForHSEStartUp>
D:\Embedded\intership AFT\TeamNet\Termostat\Test2\Libraries\STM32F10x_StdPeriph_Driver\src/stm32f10x_rcc.c:326
  else
  {
    status = ERROR;
  }  
  return (status);
}
  30:	3800      	subs	r0, #0
  32:	bf18      	it	ne
  34:	2001      	movne	r0, #1
  36:	b002      	add	sp, #8
  38:	bd10      	pop	{r4, pc}
  3a:	46c0      	nop			(mov r8, r8)
Disassembly of section .text.RCC_ClearFlag:

00000000 <RCC_ClearFlag>:
RCC_ClearFlag():
D:\Embedded\intership AFT\TeamNet\Termostat\Test2\Libraries\STM32F10x_StdPeriph_Driver\src/stm32f10x_rcc.c:1372
  *   RCC_FLAG_IWDGRST, RCC_FLAG_WWDGRST, RCC_FLAG_LPWRRST
  * @param  None
  * @retval None
  */
void RCC_ClearFlag(void)
{
   0:	f241 0200 	movw	r2, #4096	; 0x1000
   4:	f2c4 0202 	movt	r2, #16386	; 0x4002
   8:	6a53      	ldr	r3, [r2, #36]
   a:	f043 7380 	orr.w	r3, r3, #16777216	; 0x1000000
   e:	6253      	str	r3, [r2, #36]
D:\Embedded\intership AFT\TeamNet\Termostat\Test2\Libraries\STM32F10x_StdPeriph_Driver\src/stm32f10x_rcc.c:1375
  /* Set RMVF bit to clear the reset flags */
  RCC->CSR |= CSR_RMVF_Set;
}
  10:	4770      	bx	lr
  12:	46c0      	nop			(mov r8, r8)
Disassembly of section .text.RCC_GetITStatus:

00000000 <RCC_GetITStatus>:
RCC_GetITStatus():
D:\Embedded\intership AFT\TeamNet\Termostat\Test2\Libraries\STM32F10x_StdPeriph_Driver\src/stm32f10x_rcc.c:1403
  *     @arg RCC_IT_CSS: Clock Security System interrupt
  *   
  * @retval The new state of RCC_IT (SET or RESET).
  */
ITStatus RCC_GetITStatus(uint8_t RCC_IT)
{
   0:	f241 0300 	movw	r3, #4096	; 0x1000
   4:	f2c4 0302 	movt	r3, #16386	; 0x4002
   8:	689b      	ldr	r3, [r3, #8]
   a:	4218      	tst	r0, r3
D:\Embedded\intership AFT\TeamNet\Termostat\Test2\Libraries\STM32F10x_StdPeriph_Driver\src/stm32f10x_rcc.c:1420
    bitstatus = RESET;
  }

  /* Return the RCC_IT status */
  return  bitstatus;
}
   c:	bf0c      	ite	eq
   e:	2000      	moveq	r0, #0
  10:	2001      	movne	r0, #1
  12:	4770      	bx	lr
Disassembly of section .text.RCC_ClearITPendingBit:

00000000 <RCC_ClearITPendingBit>:
RCC_ClearITPendingBit():
D:\Embedded\intership AFT\TeamNet\Termostat\Test2\Libraries\STM32F10x_StdPeriph_Driver\src/stm32f10x_rcc.c:1449
  *   
  *     @arg RCC_IT_CSS: Clock Security System interrupt
  * @retval None
  */
void RCC_ClearITPendingBit(uint8_t RCC_IT)
{
   0:	f241 030a 	movw	r3, #4106	; 0x100a
   4:	f2c4 0302 	movt	r3, #16386	; 0x4002
   8:	7018      	strb	r0, [r3, #0]
D:\Embedded\intership AFT\TeamNet\Termostat\Test2\Libraries\STM32F10x_StdPeriph_Driver\src/stm32f10x_rcc.c:1456
  assert_param(IS_RCC_CLEAR_IT(RCC_IT));

  /* Perform Byte access to RCC_CIR[23:16] bits to clear the selected interrupt
     pending bits */
  *(__IO uint8_t *) CIR_BYTE3_ADDRESS = RCC_IT;
}
   a:	4770      	bx	lr
